[0.940s] Invoking command in '/home/robotica-06/bender_ws/bender_manipulacion/build/bender_pick_place_cpp': CMAKE_PREFIX_PATH=${CMAKE_PREFIX_PATH}:/home/robotica-06/ws_moveit/install/moveit_configs_utils:/opt/ros/jazzy DEBUGINFOD_URLS=https://debuginfod.ubuntu.com /usr/bin/cmake /home/robotica-06/bender_ws/bender_manipulacion/src/bender_pick_place_cpp -DCMAKE_INSTALL_PREFIX=/home/robotica-06/bender_ws/bender_manipulacion/install
[1.066s] -- The C compiler identification is GNU 13.3.0
[1.140s] -- The CXX compiler identification is GNU 13.3.0
[1.170s] -- Detecting C compiler ABI info
[1.385s] -- Detecting C compiler ABI info - done
[1.402s] -- Check for working C compiler: /usr/bin/cc - skipped
[1.402s] -- Detecting C compile features
[1.403s] -- Detecting C compile features - done
[1.420s] -- Detecting CXX compiler ABI info
[1.670s] -- Detecting CXX compiler ABI info - done
[1.695s] -- Check for working CXX compiler: /usr/bin/c++ - skipped
[1.696s] -- Detecting CXX compile features
[1.699s] -- Detecting CXX compile features - done
[1.716s] -- Found ament_cmake: 2.5.4 (/opt/ros/jazzy/share/ament_cmake/cmake)
[2.166s] -- Found Python3: /usr/bin/python3 (found version "3.12.3") found components: Interpreter 
[2.533s] -- Found rclcpp: 28.1.11 (/opt/ros/jazzy/share/rclcpp/cmake)
[2.723s] -- Found rosidl_generator_c: 4.6.6 (/opt/ros/jazzy/share/rosidl_generator_c/cmake)
[2.800s] -- Found rosidl_generator_cpp: 4.6.6 (/opt/ros/jazzy/share/rosidl_generator_cpp/cmake)
[2.887s] -- Using all available rosidl_typesupport_c: rosidl_typesupport_fastrtps_c;rosidl_typesupport_introspection_c
[2.950s] -- Using all available rosidl_typesupport_cpp: rosidl_typesupport_fastrtps_cpp;rosidl_typesupport_introspection_cpp
[3.232s] -- Found rmw_implementation_cmake: 7.3.2 (/opt/ros/jazzy/share/rmw_implementation_cmake/cmake)
[3.259s] -- Found rmw_fastrtps_cpp: 8.4.3 (/opt/ros/jazzy/share/rmw_fastrtps_cpp/cmake)
[3.460s] -- Found OpenSSL: /usr/lib/x86_64-linux-gnu/libcrypto.so (found version "3.0.13")  
[3.497s] -- Found FastRTPS: /opt/ros/jazzy/include (Required is at least version "2.13") 
[3.547s] -- Using RMW implementation 'rmw_fastrtps_cpp' as default
[3.739s] -- Found moveit_ros_planning_interface: 2.14.0 (/home/robotica-06/ws_moveit/install/moveit_ros_planning_interface/share/moveit_ros_planning_interface/cmake)
[3.995s] -- Found Boost: /usr/lib/x86_64-linux-gnu/cmake/Boost-1.83.0/BoostConfig.cmake (found version "1.83.0") found components: date_time filesystem program_options system thread 
[4.510s] -- Found Boost: /usr/lib/x86_64-linux-gnu/cmake/Boost-1.83.0/BoostConfig.cmake (found version "1.83.0") found components: chrono date_time filesystem iostreams program_options regex serialization system thread 
[4.686s] -- Found parameter_traits: 0.5.0 (/opt/ros/jazzy/share/parameter_traits/cmake)
[4.731s] -- Found rclcpp_lifecycle: 28.1.11 (/opt/ros/jazzy/share/rclcpp_lifecycle/cmake)
[4.806s] -- Found Boost: /usr/lib/x86_64-linux-gnu/cmake/Boost-1.83.0/BoostConfig.cmake (found version "1.83.0") found components: filesystem 
[4.945s] -- Found Eigen3: TRUE (found version "3.4.0") 
[4.945s] -- Ensuring Eigen3 include directory is part of orocos-kdl CMake target
[5.310s] -- Found Boost: /usr/lib/x86_64-linux-gnu/cmake/Boost-1.83.0/BoostConfig.cmake (found version "1.83.0") found components: system filesystem date_time program_options thread chrono 
[5.383s] -- Found Boost: /usr/lib/x86_64-linux-gnu/cmake/Boost-1.83.0/BoostConfig.cmake (found version "1.83.0") found components: thread system filesystem regex date_time program_options 
[5.429s] -- Found Boost: /usr/lib/x86_64-linux-gnu/cmake/Boost-1.83.0/BoostConfig.cmake (found version "1.83.0") found components: system filesystem date_time program_options thread 
[5.488s] -- Found moveit_visual_tools: 4.1.2 (/home/robotica-06/ws_moveit/install/moveit_visual_tools/share/moveit_visual_tools/cmake)
[5.617s] -- Setting OGRE_DIR to: '/opt/ros/jazzy/share/rviz_ogre_vendor/cmake/../../../opt/rviz_ogre_vendor/lib/OGRE/cmake'
[5.618s] -- Found OGRE
[5.618s] --   static     : OFF
[5.619s] --   components : MeshLodGenerator;Overlay;Paging;Property;RTShaderSystem;Terrain;Volume
[5.619s] --   plugins    : Plugin_BSPSceneManager;Plugin_OctreeSceneManager;Plugin_PCZSceneManager;Plugin_ParticleFX;RenderSystem_GL;RenderSystem_GL3Plus;Codec_STBI
[5.619s] --   media      : /opt/ros/jazzy/opt/rviz_ogre_vendor/share/OGRE/Media
[5.619s] -- OGRE_LIBRARIES: OgreMeshLodGenerator;OgreOverlay;OgrePaging;OgreProperty;OgreRTShaderSystem;OgreTerrain;OgreVolume;OgreMain
[5.619s] -- OGRE_LIBRARY_DIRS: /opt/ros/jazzy/opt/rviz_ogre_vendor/lib
[5.619s] -- OGRE_PLUGINS: Plugin_BSPSceneManager;Plugin_OctreeSceneManager;Plugin_PCZSceneManager;Plugin_ParticleFX;RenderSystem_GL;RenderSystem_GL3Plus;Codec_STBI
[5.619s] -- OGRE_PLUGIN_DIR: /opt/ros/jazzy/opt/rviz_ogre_vendor/lib/OGRE
[5.620s] -- rviz_ogre_vendor::OgreOverlay for IMPORTED_LOCATION_RELEASE: /opt/ros/jazzy/opt/rviz_ogre_vendor/lib/libOgreOverlay.so
[5.620s] -- rviz_ogre_vendor::OgreOverlay for IMPORTED_LOCATION_DEBUG: /opt/ros/jazzy/opt/rviz_ogre_vendor/lib/libOgreOverlay.so
[5.620s] -- rviz_ogre_vendor::OgreMain for IMPORTED_LOCATION_RELEASE: /opt/ros/jazzy/opt/rviz_ogre_vendor/lib/libOgreMain.so
[5.620s] -- rviz_ogre_vendor::OgreMain for IMPORTED_LOCATION_DEBUG: /opt/ros/jazzy/opt/rviz_ogre_vendor/lib/libOgreMain.so
[5.686s] -- Found ZLIB: /usr/lib/x86_64-linux-gnu/libz.so (found version "1.3")  
[5.708s] -- Found OpenGL: /usr/lib/x86_64-linux-gnu/libOpenGL.so   
[6.024s] -- Found X11: /usr/include   
[6.024s] -- Looking for XOpenDisplay in /usr/lib/x86_64-linux-gnu/libX11.so;/usr/lib/x86_64-linux-gnu/libXext.so
[6.165s] -- Looking for XOpenDisplay in /usr/lib/x86_64-linux-gnu/libX11.so;/usr/lib/x86_64-linux-gnu/libXext.so - found
[6.165s] -- Looking for gethostbyname
[6.289s] -- Looking for gethostbyname - found
[6.289s] -- Looking for connect
[6.406s] -- Looking for connect - found
[6.407s] -- Looking for remove
[6.522s] -- Looking for remove - found
[6.522s] -- Looking for shmat
[6.631s] -- Looking for shmat - found
[6.631s] -- Looking for IceConnectionNumber in ICE
[6.754s] -- Looking for IceConnectionNumber in ICE - found
[6.793s] -- Setting yaml-cpp_DIR to: '/opt/ros/jazzy/share/yaml_cpp_vendor/cmake/../../../opt/yaml_cpp_vendor/share/cmake/yaml-cpp'
[7.157s] -- Configuring done (6.2s)
[7.216s] -- Generating done (0.0s)
[7.225s] -- Build files have been written to: /home/robotica-06/bender_ws/bender_manipulacion/build/bender_pick_place_cpp
[7.246s] Invoked command in '/home/robotica-06/bender_ws/bender_manipulacion/build/bender_pick_place_cpp' returned '0': CMAKE_PREFIX_PATH=${CMAKE_PREFIX_PATH}:/home/robotica-06/ws_moveit/install/moveit_configs_utils:/opt/ros/jazzy DEBUGINFOD_URLS=https://debuginfod.ubuntu.com /usr/bin/cmake /home/robotica-06/bender_ws/bender_manipulacion/src/bender_pick_place_cpp -DCMAKE_INSTALL_PREFIX=/home/robotica-06/bender_ws/bender_manipulacion/install
[7.249s] Invoking command in '/home/robotica-06/bender_ws/bender_manipulacion/build/bender_pick_place_cpp': CMAKE_PREFIX_PATH=${CMAKE_PREFIX_PATH}:/home/robotica-06/ws_moveit/install/moveit_configs_utils:/opt/ros/jazzy DEBUGINFOD_URLS=https://debuginfod.ubuntu.com /usr/bin/cmake --build /home/robotica-06/bender_ws/bender_manipulacion/build/bender_pick_place_cpp -- -j8 -l8
[7.343s] [ 50%] [32mBuilding CXX object CMakeFiles/add_table.dir/src/add_table.cpp.o[0m
[15.869s] [100%] [32m[1mLinking CXX executable add_table[0m
[16.292s] [100%] Built target add_table
[16.317s] Invoked command in '/home/robotica-06/bender_ws/bender_manipulacion/build/bender_pick_place_cpp' returned '0': CMAKE_PREFIX_PATH=${CMAKE_PREFIX_PATH}:/home/robotica-06/ws_moveit/install/moveit_configs_utils:/opt/ros/jazzy DEBUGINFOD_URLS=https://debuginfod.ubuntu.com /usr/bin/cmake --build /home/robotica-06/bender_ws/bender_manipulacion/build/bender_pick_place_cpp -- -j8 -l8
[16.320s] Invoking command in '/home/robotica-06/bender_ws/bender_manipulacion/build/bender_pick_place_cpp': CMAKE_PREFIX_PATH=${CMAKE_PREFIX_PATH}:/home/robotica-06/ws_moveit/install/moveit_configs_utils:/opt/ros/jazzy DEBUGINFOD_URLS=https://debuginfod.ubuntu.com /usr/bin/cmake --install /home/robotica-06/bender_ws/bender_manipulacion/build/bender_pick_place_cpp
[16.332s] -- Install configuration: ""
[16.332s] -- Installing: /home/robotica-06/bender_ws/bender_manipulacion/install/lib/bender_pick_place_cpp/add_table
[16.333s] -- Set non-toolchain portion of runtime path of "/home/robotica-06/bender_ws/bender_manipulacion/install/lib/bender_pick_place_cpp/add_table" to ""
[16.333s] -- Installing: /home/robotica-06/bender_ws/bender_manipulacion/install/share/ament_index/resource_index/package_run_dependencies/bender_pick_place_cpp
[16.334s] -- Installing: /home/robotica-06/bender_ws/bender_manipulacion/install/share/ament_index/resource_index/parent_prefix_path/bender_pick_place_cpp
[16.334s] -- Installing: /home/robotica-06/bender_ws/bender_manipulacion/install/share/bender_pick_place_cpp/environment/ament_prefix_path.sh
[16.334s] -- Installing: /home/robotica-06/bender_ws/bender_manipulacion/install/share/bender_pick_place_cpp/environment/ament_prefix_path.dsv
[16.334s] -- Installing: /home/robotica-06/bender_ws/bender_manipulacion/install/share/bender_pick_place_cpp/environment/path.sh
[16.335s] -- Installing: /home/robotica-06/bender_ws/bender_manipulacion/install/share/bender_pick_place_cpp/environment/path.dsv
[16.335s] -- Installing: /home/robotica-06/bender_ws/bender_manipulacion/install/share/bender_pick_place_cpp/local_setup.bash
[16.335s] -- Installing: /home/robotica-06/bender_ws/bender_manipulacion/install/share/bender_pick_place_cpp/local_setup.sh
[16.335s] -- Installing: /home/robotica-06/bender_ws/bender_manipulacion/install/share/bender_pick_place_cpp/local_setup.zsh
[16.335s] -- Installing: /home/robotica-06/bender_ws/bender_manipulacion/install/share/bender_pick_place_cpp/local_setup.dsv
[16.336s] -- Installing: /home/robotica-06/bender_ws/bender_manipulacion/install/share/bender_pick_place_cpp/package.dsv
[16.336s] -- Installing: /home/robotica-06/bender_ws/bender_manipulacion/install/share/ament_index/resource_index/packages/bender_pick_place_cpp
[16.336s] -- Installing: /home/robotica-06/bender_ws/bender_manipulacion/install/share/bender_pick_place_cpp/cmake/bender_pick_place_cppConfig.cmake
[16.336s] -- Installing: /home/robotica-06/bender_ws/bender_manipulacion/install/share/bender_pick_place_cpp/cmake/bender_pick_place_cppConfig-version.cmake
[16.336s] -- Installing: /home/robotica-06/bender_ws/bender_manipulacion/install/share/bender_pick_place_cpp/package.xml
[16.338s] Invoked command in '/home/robotica-06/bender_ws/bender_manipulacion/build/bender_pick_place_cpp' returned '0': CMAKE_PREFIX_PATH=${CMAKE_PREFIX_PATH}:/home/robotica-06/ws_moveit/install/moveit_configs_utils:/opt/ros/jazzy DEBUGINFOD_URLS=https://debuginfod.ubuntu.com /usr/bin/cmake --install /home/robotica-06/bender_ws/bender_manipulacion/build/bender_pick_place_cpp
