/home/robotica-06/bender_ws/bender_manipulacion/install/lib/python3.12/site-packages/bender_perception/mecanum_pid.py
/home/robotica-06/bender_ws/bender_manipulacion/install/lib/python3.12/site-packages/bender_perception/workspace_right.py
/home/robotica-06/bender_ws/bender_manipulacion/install/lib/python3.12/site-packages/bender_perception/camera_node.py
/home/robotica-06/bender_ws/bender_manipulacion/install/lib/python3.12/site-packages/bender_perception/workspace_left.py
/home/robotica-06/bender_ws/bender_manipulacion/install/lib/python3.12/site-packages/bender_perception/yolo_node.py
/home/robotica-06/bender_ws/bender_manipulacion/install/lib/python3.12/site-packages/bender_perception/__init__.py
/home/robotica-06/bender_ws/bender_manipulacion/install/lib/python3.12/site-packages/bender_perception/head_tracker.py
/home/robotica-06/bender_ws/bender_manipulacion/install/lib/python3.12/site-packages/bender_perception/__pycache__/mecanum_pid.cpython-312.pyc
/home/robotica-06/bender_ws/bender_manipulacion/install/lib/python3.12/site-packages/bender_perception/__pycache__/workspace_right.cpython-312.pyc
/home/robotica-06/bender_ws/bender_manipulacion/install/lib/python3.12/site-packages/bender_perception/__pycache__/camera_node.cpython-312.pyc
/home/robotica-06/bender_ws/bender_manipulacion/install/lib/python3.12/site-packages/bender_perception/__pycache__/workspace_left.cpython-312.pyc
/home/robotica-06/bender_ws/bender_manipulacion/install/lib/python3.12/site-packages/bender_perception/__pycache__/yolo_node.cpython-312.pyc
/home/robotica-06/bender_ws/bender_manipulacion/install/lib/python3.12/site-packages/bender_perception/__pycache__/__init__.cpython-312.pyc
/home/robotica-06/bender_ws/bender_manipulacion/install/lib/python3.12/site-packages/bender_perception/__pycache__/head_tracker.cpython-312.pyc
/home/robotica-06/bender_ws/bender_manipulacion/install/share/ament_index/resource_index/packages/bender_perception
/home/robotica-06/bender_ws/bender_manipulacion/install/share/bender_perception/package.xml
/home/robotica-06/bender_ws/bender_manipulacion/install/lib/python3.12/site-packages/bender_perception-0.0.0-py3.12.egg-info/top_level.txt
/home/robotica-06/bender_ws/bender_manipulacion/install/lib/python3.12/site-packages/bender_perception-0.0.0-py3.12.egg-info/PKG-INFO
/home/robotica-06/bender_ws/bender_manipulacion/install/lib/python3.12/site-packages/bender_perception-0.0.0-py3.12.egg-info/SOURCES.txt
/home/robotica-06/bender_ws/bender_manipulacion/install/lib/python3.12/site-packages/bender_perception-0.0.0-py3.12.egg-info/entry_points.txt
/home/robotica-06/bender_ws/bender_manipulacion/install/lib/python3.12/site-packages/bender_perception-0.0.0-py3.12.egg-info/dependency_links.txt
/home/robotica-06/bender_ws/bender_manipulacion/install/lib/python3.12/site-packages/bender_perception-0.0.0-py3.12.egg-info/zip-safe
/home/robotica-06/bender_ws/bender_manipulacion/install/lib/python3.12/site-packages/bender_perception-0.0.0-py3.12.egg-info/requires.txt
/home/robotica-06/bender_ws/bender_manipulacion/install/lib/bender_perception/camera_node
/home/robotica-06/bender_ws/bender_manipulacion/install/lib/bender_perception/grasping_node
/home/robotica-06/bender_ws/bender_manipulacion/install/lib/bender_perception/head_tracker
/home/robotica-06/bender_ws/bender_manipulacion/install/lib/bender_perception/mecanum_pid
/home/robotica-06/bender_ws/bender_manipulacion/install/lib/bender_perception/workspace_left
/home/robotica-06/bender_ws/bender_manipulacion/install/lib/bender_perception/workspace_right
/home/robotica-06/bender_ws/bender_manipulacion/install/lib/bender_perception/yolo_node
