[0.118s] Invoking command in '/home/robotica-06/bender_ws/bender_manipulacion/build/bender_description': CMAKE_PREFIX_PATH=${CMAKE_PREFIX_PATH}:/home/robotica-06/ws_moveit/install/moveit_configs_utils:/opt/ros/jazzy DEBUGINFOD_URLS=https://debuginfod.ubuntu.com /usr/bin/cmake /home/robotica-06/bender_ws/bender_manipulacion/src/bender_description -DCMAKE_INSTALL_PREFIX=/home/robotica-06/bender_ws/bender_manipulacion/install
[0.996s] -- The C compiler identification is GNU 13.3.0
[0.996s] -- The CXX compiler identification is GNU 13.3.0
[0.997s] -- Detecting C compiler ABI info
[0.997s] -- Detecting C compiler ABI info - done
[0.998s] -- Check for working C compiler: /usr/bin/cc - skipped
[0.998s] -- Detecting C compile features
[0.998s] -- Detecting C compile features - done
[0.998s] -- Detecting CXX compiler ABI info
[0.999s] -- Detecting CXX compiler ABI info - done
[0.999s] -- Check for working CXX compiler: /usr/bin/c++ - skipped
[0.999s] -- Detecting CXX compile features
[0.999s] -- Detecting CXX compile features - done
[1.000s] -- Found ament_cmake: 2.5.4 (/opt/ros/jazzy/share/ament_cmake/cmake)
[1.000s] -- Found Python3: /usr/bin/python3 (found version "3.12.3") found components: Interpreter 
[1.349s] -- Found ament_lint_auto: 0.17.3 (/opt/ros/jazzy/share/ament_lint_auto/cmake)
[1.672s] -- Added test 'flake8' to check Python code syntax and style conventions
[1.672s] -- Configured 'flake8' exclude dirs and/or files: 
[1.678s] -- Added test 'lint_cmake' to check CMake code style
[1.684s] -- Added test 'pep257' to check Python code against some of the docstring style conventions in PEP 257
[1.696s] -- Added test 'xmllint' to check XML markup files
[1.713s] -- Configuring done (1.6s)
[1.714s] -- Generating done (0.0s)
[1.718s] -- Build files have been written to: /home/robotica-06/bender_ws/bender_manipulacion/build/bender_description
[1.730s] Invoked command in '/home/robotica-06/bender_ws/bender_manipulacion/build/bender_description' returned '0': CMAKE_PREFIX_PATH=${CMAKE_PREFIX_PATH}:/home/robotica-06/ws_moveit/install/moveit_configs_utils:/opt/ros/jazzy DEBUGINFOD_URLS=https://debuginfod.ubuntu.com /usr/bin/cmake /home/robotica-06/bender_ws/bender_manipulacion/src/bender_description -DCMAKE_INSTALL_PREFIX=/home/robotica-06/bender_ws/bender_manipulacion/install
[1.732s] Invoking command in '/home/robotica-06/bender_ws/bender_manipulacion/build/bender_description': CMAKE_PREFIX_PATH=${CMAKE_PREFIX_PATH}:/home/robotica-06/ws_moveit/install/moveit_configs_utils:/opt/ros/jazzy DEBUGINFOD_URLS=https://debuginfod.ubuntu.com /usr/bin/cmake --build /home/robotica-06/bender_ws/bender_manipulacion/build/bender_description -- -j8 -l8
[1.825s] Invoked command in '/home/robotica-06/bender_ws/bender_manipulacion/build/bender_description' returned '0': CMAKE_PREFIX_PATH=${CMAKE_PREFIX_PATH}:/home/robotica-06/ws_moveit/install/moveit_configs_utils:/opt/ros/jazzy DEBUGINFOD_URLS=https://debuginfod.ubuntu.com /usr/bin/cmake --build /home/robotica-06/bender_ws/bender_manipulacion/build/bender_description -- -j8 -l8
[1.850s] Invoking command in '/home/robotica-06/bender_ws/bender_manipulacion/build/bender_description': CMAKE_PREFIX_PATH=${CMAKE_PREFIX_PATH}:/home/robotica-06/ws_moveit/install/moveit_configs_utils:/opt/ros/jazzy DEBUGINFOD_URLS=https://debuginfod.ubuntu.com /usr/bin/cmake --install /home/robotica-06/bender_ws/bender_manipulacion/build/bender_description
[1.882s] -- Install configuration: ""
[1.883s] -- Installing: /home/robotica-06/bender_ws/bender_manipulacion/install/share/bender_description//launch
[1.883s] -- Installing: /home/robotica-06/bender_ws/bender_manipulacion/install/share/bender_description//launch/gazebo.launch.py
[1.884s] -- Installing: /home/robotica-06/bender_ws/bender_manipulacion/install/share/bender_description//launch/bender_moveit_rviz.launch.py
[1.884s] -- Installing: /home/robotica-06/bender_ws/bender_manipulacion/install/share/bender_description//launch/bender_moveit.launch.py
[1.885s] -- Installing: /home/robotica-06/bender_ws/bender_manipulacion/install/share/bender_description//launch/bender_bringup.launch.py
[1.885s] -- Installing: /home/robotica-06/bender_ws/bender_manipulacion/install/share/bender_description//launch/display.launch.py
[1.886s] -- Installing: /home/robotica-06/bender_ws/bender_manipulacion/install/share/bender_description//launch/rsp.launch.py
[1.886s] -- Installing: /home/robotica-06/bender_ws/bender_manipulacion/install/share/bender_description//launch/bender_move_group.launch.py
[1.886s] -- Installing: /home/robotica-06/bender_ws/bender_manipulacion/install/share/bender_description//urdf
[1.887s] -- Installing: /home/robotica-06/bender_ws/bender_manipulacion/install/share/bender_description//urdf/rgbd_camera.xacro
[1.887s] -- Installing: /home/robotica-06/bender_ws/bender_manipulacion/install/share/bender_description//urdf/ros2_control.xacro
[1.888s] -- Installing: /home/robotica-06/bender_ws/bender_manipulacion/install/share/bender_description//urdf/bender.xacro
[1.889s] -- Installing: /home/robotica-06/bender_ws/bender_manipulacion/install/share/bender_description//urdf/materials.xacro
[1.889s] -- Installing: /home/robotica-06/bender_ws/bender_manipulacion/install/share/bender_description//urdf/bender.urdf
[1.889s] -- Installing: /home/robotica-06/bender_ws/bender_manipulacion/install/share/bender_description//urdf/bender.xml
[1.889s] -- Installing: /home/robotica-06/bender_ws/bender_manipulacion/install/share/bender_description//config
[1.889s] -- Installing: /home/robotica-06/bender_ws/bender_manipulacion/install/share/bender_description//config/gz_bridge.yaml
[1.890s] -- Installing: /home/robotica-06/bender_ws/bender_manipulacion/install/share/bender_description//config/ompl_planning.yaml
[1.890s] -- Installing: /home/robotica-06/bender_ws/bender_manipulacion/install/share/bender_description//config/controllers
[1.890s] -- Installing: /home/robotica-06/bender_ws/bender_manipulacion/install/share/bender_description//config/controllers/joint_state_broadcaster.yaml
[1.891s] -- Installing: /home/robotica-06/bender_ws/bender_manipulacion/install/share/bender_description//config/controllers/moveit_controllers
[1.891s] -- Installing: /home/robotica-06/bender_ws/bender_manipulacion/install/share/bender_description//config/controllers/moveit_controllers/left_arm_controller.yaml
[1.895s] -- Installing: /home/robotica-06/bender_ws/bender_manipulacion/install/share/bender_description//config/controllers/moveit_controllers/right_arm_controller.yaml
[1.895s] -- Installing: /home/robotica-06/bender_ws/bender_manipulacion/install/share/bender_description//config/controllers/moveit_controllers/left_gripper_controller.yaml
[1.895s] -- Installing: /home/robotica-06/bender_ws/bender_manipulacion/install/share/bender_description//config/controllers/moveit_controllers/head_controller.yaml
[1.895s] -- Installing: /home/robotica-06/bender_ws/bender_manipulacion/install/share/bender_description//config/controllers/moveit_controllers/right_gripper_controller.yaml
[1.896s] -- Installing: /home/robotica-06/bender_ws/bender_manipulacion/install/share/bender_description//config/controllers/gazebo_controllers
[1.896s] -- Installing: /home/robotica-06/bender_ws/bender_manipulacion/install/share/bender_description//config/controllers/gazebo_controllers/right_arm.yaml
[1.896s] -- Installing: /home/robotica-06/bender_ws/bender_manipulacion/install/share/bender_description//config/controllers/gazebo_controllers/left_gripper.yaml
[1.897s] -- Installing: /home/robotica-06/bender_ws/bender_manipulacion/install/share/bender_description//config/controllers/gazebo_controllers/head.yaml
[1.897s] -- Installing: /home/robotica-06/bender_ws/bender_manipulacion/install/share/bender_description//config/controllers/gazebo_controllers/right_gripper.yaml
[1.897s] -- Installing: /home/robotica-06/bender_ws/bender_manipulacion/install/share/bender_description//config/controllers/gazebo_controllers/left_arm.yaml
[1.897s] -- Installing: /home/robotica-06/bender_ws/bender_manipulacion/install/share/bender_description//config/controllers/controllers.yaml
[1.898s] -- Installing: /home/robotica-06/bender_ws/bender_manipulacion/install/share/bender_description//config/controllers/initial_position.yaml
[1.898s] -- Installing: /home/robotica-06/bender_ws/bender_manipulacion/install/share/bender_description//config/ros2_controllers.yaml
[1.898s] -- Installing: /home/robotica-06/bender_ws/bender_manipulacion/install/share/bender_description//config/colors.yaml
[1.898s] -- Installing: /home/robotica-06/bender_ws/bender_manipulacion/install/share/bender_description//config/spawn.yaml
[1.899s] -- Installing: /home/robotica-06/bender_ws/bender_manipulacion/install/share/bender_description//rviz
[1.899s] -- Installing: /home/robotica-06/bender_ws/bender_manipulacion/install/share/bender_description//rviz/rviz.rviz
[1.899s] -- Installing: /home/robotica-06/bender_ws/bender_manipulacion/install/share/bender_description//worlds
[1.899s] -- Installing: /home/robotica-06/bender_ws/bender_manipulacion/install/share/bender_description//worlds/workshop.world
[1.899s] -- Installing: /home/robotica-06/bender_ws/bender_manipulacion/install/share/bender_description//worlds/empty.world
[1.900s] -- Installing: /home/robotica-06/bender_ws/bender_manipulacion/install/share/bender_description//meshes
[1.900s] -- Installing: /home/robotica-06/bender_ws/bender_manipulacion/install/share/bender_description//meshes/g2la_1.stl
[1.900s] -- Installing: /home/robotica-06/bender_ws/bender_manipulacion/install/share/bender_description//meshes/l3l_1.stl
[1.901s] -- Installing: /home/robotica-06/bender_ws/bender_manipulacion/install/share/bender_description//meshes/l6l_1.stl
[1.901s] -- Installing: /home/robotica-06/bender_ws/bender_manipulacion/install/share/bender_description//meshes/l2h_1.stl
[1.902s] -- Installing: /home/robotica-06/bender_ws/bender_manipulacion/install/share/bender_description//meshes/laser_1.stl
[1.902s] -- Installing: /home/robotica-06/bender_ws/bender_manipulacion/install/share/bender_description//meshes/wfr_1.stl
[1.903s] -- Installing: /home/robotica-06/bender_ws/bender_manipulacion/install/share/bender_description//meshes/l5l_1.stl
[1.903s] -- Installing: /home/robotica-06/bender_ws/bender_manipulacion/install/share/bender_description//meshes/wfl_1.stl
[1.904s] -- Installing: /home/robotica-06/bender_ws/bender_manipulacion/install/share/bender_description//meshes/d435.stl
[1.919s] -- Installing: /home/robotica-06/bender_ws/bender_manipulacion/install/share/bender_description//meshes/g2ra_1.stl
[1.919s] -- Installing: /home/robotica-06/bender_ws/bender_manipulacion/install/share/bender_description//meshes/l4l_1.stl
[1.920s] -- Installing: /home/robotica-06/bender_ws/bender_manipulacion/install/share/bender_description//meshes/real_sense_1.stl
[1.920s] -- Installing: /home/robotica-06/bender_ws/bender_manipulacion/install/share/bender_description//meshes/l2r_1.stl
[1.923s] -- Installing: /home/robotica-06/bender_ws/bender_manipulacion/install/share/bender_description//meshes/l1r_1.stl
[1.923s] -- Installing: /home/robotica-06/bender_ws/bender_manipulacion/install/share/bender_description//meshes/base_link.stl
[1.923s] -- Installing: /home/robotica-06/bender_ws/bender_manipulacion/install/share/bender_description//meshes/g1l_1.stl
[1.926s] -- Installing: /home/robotica-06/bender_ws/bender_manipulacion/install/share/bender_description//meshes/l1h_1.stl
[1.926s] -- Installing: /home/robotica-06/bender_ws/bender_manipulacion/install/share/bender_description//meshes/l4r_1.stl
[1.926s] -- Installing: /home/robotica-06/bender_ws/bender_manipulacion/install/share/bender_description//meshes/g1r_1.stl
[1.926s] -- Installing: /home/robotica-06/bender_ws/bender_manipulacion/install/share/bender_description//meshes/wrl_1.stl
[1.927s] -- Installing: /home/robotica-06/bender_ws/bender_manipulacion/install/share/bender_description//meshes/l1l_1.stl
[1.927s] -- Installing: /home/robotica-06/bender_ws/bender_manipulacion/install/share/bender_description//meshes/l2l_1.stl
[1.928s] -- Installing: /home/robotica-06/bender_ws/bender_manipulacion/install/share/bender_description//meshes/l3r_1.stl
[1.929s] -- Installing: /home/robotica-06/bender_ws/bender_manipulacion/install/share/bender_description//meshes/l6r_1.stl
[1.929s] -- Installing: /home/robotica-06/bender_ws/bender_manipulacion/install/share/bender_description//meshes/g2lb_1.stl
[1.930s] -- Installing: /home/robotica-06/bender_ws/bender_manipulacion/install/share/bender_description//meshes/wrr_1.stl
[1.931s] -- Installing: /home/robotica-06/bender_ws/bender_manipulacion/install/share/bender_description//meshes/l5r_1.stl
[1.932s] -- Installing: /home/robotica-06/bender_ws/bender_manipulacion/install/share/bender_description//meshes/g2rb_1.stl
[1.933s] -- Installing: /home/robotica-06/bender_ws/bender_manipulacion/install/share/ament_index/resource_index/package_run_dependencies/bender_description
[1.937s] -- Installing: /home/robotica-06/bender_ws/bender_manipulacion/install/share/ament_index/resource_index/parent_prefix_path/bender_description
[1.937s] -- Installing: /home/robotica-06/bender_ws/bender_manipulacion/install/share/bender_description/environment/ament_prefix_path.sh
[1.938s] -- Installing: /home/robotica-06/bender_ws/bender_manipulacion/install/share/bender_description/environment/ament_prefix_path.dsv
[1.938s] -- Installing: /home/robotica-06/bender_ws/bender_manipulacion/install/share/bender_description/environment/path.sh
[1.938s] -- Installing: /home/robotica-06/bender_ws/bender_manipulacion/install/share/bender_description/environment/path.dsv
[1.939s] -- Installing: /home/robotica-06/bender_ws/bender_manipulacion/install/share/bender_description/local_setup.bash
[1.939s] -- Installing: /home/robotica-06/bender_ws/bender_manipulacion/install/share/bender_description/local_setup.sh
[1.940s] -- Installing: /home/robotica-06/bender_ws/bender_manipulacion/install/share/bender_description/local_setup.zsh
[1.940s] -- Installing: /home/robotica-06/bender_ws/bender_manipulacion/install/share/bender_description/local_setup.dsv
[1.940s] -- Installing: /home/robotica-06/bender_ws/bender_manipulacion/install/share/bender_description/package.dsv
[1.940s] -- Installing: /home/robotica-06/bender_ws/bender_manipulacion/install/share/ament_index/resource_index/packages/bender_description
[1.940s] -- Installing: /home/robotica-06/bender_ws/bender_manipulacion/install/share/bender_description/cmake/bender_descriptionConfig.cmake
[1.940s] -- Installing: /home/robotica-06/bender_ws/bender_manipulacion/install/share/bender_description/cmake/bender_descriptionConfig-version.cmake
[1.946s] -- Installing: /home/robotica-06/bender_ws/bender_manipulacion/install/share/bender_description/package.xml
[1.968s] Invoked command in '/home/robotica-06/bender_ws/bender_manipulacion/build/bender_description' returned '0': CMAKE_PREFIX_PATH=${CMAKE_PREFIX_PATH}:/home/robotica-06/ws_moveit/install/moveit_configs_utils:/opt/ros/jazzy DEBUGINFOD_URLS=https://debuginfod.ubuntu.com /usr/bin/cmake --install /home/robotica-06/bender_ws/bender_manipulacion/build/bender_description
