[1.861s] Invoking command in '/home/robotica-06/bender_ws/bender_manipulacion/build/bender_pick_place_cpp': CMAKE_PREFIX_PATH=${CMAKE_PREFIX_PATH}:/home/robotica-06/ws_moveit/install/moveit_configs_utils:/opt/ros/jazzy DEBUGINFOD_URLS=https://debuginfod.ubuntu.com /usr/bin/cmake /home/robotica-06/bender_ws/bender_manipulacion/src/bender_pick_place_cpp -DCMAKE_INSTALL_PREFIX=/home/robotica-06/bender_ws/bender_manipulacion/install
[2.066s] -- The C compiler identification is GNU 13.3.0
[2.251s] -- The CXX compiler identification is GNU 13.3.0
[2.325s] -- Detecting C compiler ABI info
[2.758s] -- Detecting C compiler ABI info - done
[2.818s] -- Check for working C compiler: /usr/bin/cc - skipped
[2.821s] -- Detecting C compile features
[2.821s] -- Detecting C compile features - done
[2.862s] -- Detecting CXX compiler ABI info
[3.268s] -- Detecting CXX compiler ABI info - done
[3.318s] -- Check for working CXX compiler: /usr/bin/c++ - skipped
[3.319s] -- Detecting CXX compile features
[3.321s] -- Detecting CXX compile features - done
[3.362s] -- Found ament_cmake: 2.5.4 (/opt/ros/jazzy/share/ament_cmake/cmake)
[4.006s] -- Found Python3: /usr/bin/python3 (found version "3.12.3") found components: Interpreter 
[4.707s] -- Found rclcpp: 28.1.11 (/opt/ros/jazzy/share/rclcpp/cmake)
[4.968s] -- Found rosidl_generator_c: 4.6.6 (/opt/ros/jazzy/share/rosidl_generator_c/cmake)
[5.045s] -- Found rosidl_generator_cpp: 4.6.6 (/opt/ros/jazzy/share/rosidl_generator_cpp/cmake)
[5.142s] -- Using all available rosidl_typesupport_c: rosidl_typesupport_fastrtps_c;rosidl_typesupport_introspection_c
[5.306s] -- Using all available rosidl_typesupport_cpp: rosidl_typesupport_fastrtps_cpp;rosidl_typesupport_introspection_cpp
[5.765s] -- Found rmw_implementation_cmake: 7.3.2 (/opt/ros/jazzy/share/rmw_implementation_cmake/cmake)
[5.796s] -- Found rmw_fastrtps_cpp: 8.4.3 (/opt/ros/jazzy/share/rmw_fastrtps_cpp/cmake)
[6.175s] -- Found OpenSSL: /usr/lib/x86_64-linux-gnu/libcrypto.so (found version "3.0.13")  
[6.281s] -- Found FastRTPS: /opt/ros/jazzy/include (Required is at least version "2.13") 
[6.354s] -- Using RMW implementation 'rmw_fastrtps_cpp' as default
[6.679s] -- Found moveit_ros_planning_interface: 2.14.0 (/home/robotica-06/ws_moveit/install/moveit_ros_planning_interface/share/moveit_ros_planning_interface/cmake)
[7.158s] -- Found Boost: /usr/lib/x86_64-linux-gnu/cmake/Boost-1.83.0/BoostConfig.cmake (found version "1.83.0") found components: date_time filesystem program_options system thread 
[8.123s] -- Found Boost: /usr/lib/x86_64-linux-gnu/cmake/Boost-1.83.0/BoostConfig.cmake (found version "1.83.0") found components: chrono date_time filesystem iostreams program_options regex serialization system thread 
[8.431s] -- Found parameter_traits: 0.5.0 (/opt/ros/jazzy/share/parameter_traits/cmake)
[8.518s] -- Found rclcpp_lifecycle: 28.1.11 (/opt/ros/jazzy/share/rclcpp_lifecycle/cmake)
[8.639s] -- Found Boost: /usr/lib/x86_64-linux-gnu/cmake/Boost-1.83.0/BoostConfig.cmake (found version "1.83.0") found components: filesystem 
[8.892s] -- Found Eigen3: TRUE (found version "3.4.0") 
[8.894s] -- Ensuring Eigen3 include directory is part of orocos-kdl CMake target
[9.807s] -- Found Boost: /usr/lib/x86_64-linux-gnu/cmake/Boost-1.83.0/BoostConfig.cmake (found version "1.83.0") found components: system filesystem date_time program_options thread chrono 
[9.948s] -- Found Boost: /usr/lib/x86_64-linux-gnu/cmake/Boost-1.83.0/BoostConfig.cmake (found version "1.83.0") found components: thread system filesystem regex date_time program_options 
[10.038s] -- Found Boost: /usr/lib/x86_64-linux-gnu/cmake/Boost-1.83.0/BoostConfig.cmake (found version "1.83.0") found components: system filesystem date_time program_options thread 
[10.160s] -- Found moveit_visual_tools: 4.1.2 (/home/robotica-06/ws_moveit/install/moveit_visual_tools/share/moveit_visual_tools/cmake)
[10.407s] -- Setting OGRE_DIR to: '/opt/ros/jazzy/share/rviz_ogre_vendor/cmake/../../../opt/rviz_ogre_vendor/lib/OGRE/cmake'
[10.411s] -- Found OGRE
[10.412s] --   static     : OFF
[10.414s] --   components : MeshLodGenerator;Overlay;Paging;Property;RTShaderSystem;Terrain;Volume
[10.415s] --   plugins    : Plugin_BSPSceneManager;Plugin_OctreeSceneManager;Plugin_PCZSceneManager;Plugin_ParticleFX;RenderSystem_GL;RenderSystem_GL3Plus;Codec_STBI
[10.415s] --   media      : /opt/ros/jazzy/opt/rviz_ogre_vendor/share/OGRE/Media
[10.415s] -- OGRE_LIBRARIES: OgreMeshLodGenerator;OgreOverlay;OgrePaging;OgreProperty;OgreRTShaderSystem;OgreTerrain;OgreVolume;OgreMain
[10.415s] -- OGRE_LIBRARY_DIRS: /opt/ros/jazzy/opt/rviz_ogre_vendor/lib
[10.416s] -- OGRE_PLUGINS: Plugin_BSPSceneManager;Plugin_OctreeSceneManager;Plugin_PCZSceneManager;Plugin_ParticleFX;RenderSystem_GL;RenderSystem_GL3Plus;Codec_STBI
[10.416s] -- OGRE_PLUGIN_DIR: /opt/ros/jazzy/opt/rviz_ogre_vendor/lib/OGRE
[10.421s] -- rviz_ogre_vendor::OgreOverlay for IMPORTED_LOCATION_RELEASE: /opt/ros/jazzy/opt/rviz_ogre_vendor/lib/libOgreOverlay.so
[10.421s] -- rviz_ogre_vendor::OgreOverlay for IMPORTED_LOCATION_DEBUG: /opt/ros/jazzy/opt/rviz_ogre_vendor/lib/libOgreOverlay.so
[10.421s] -- rviz_ogre_vendor::OgreMain for IMPORTED_LOCATION_RELEASE: /opt/ros/jazzy/opt/rviz_ogre_vendor/lib/libOgreMain.so
[10.422s] -- rviz_ogre_vendor::OgreMain for IMPORTED_LOCATION_DEBUG: /opt/ros/jazzy/opt/rviz_ogre_vendor/lib/libOgreMain.so
[10.541s] -- Found ZLIB: /usr/lib/x86_64-linux-gnu/libz.so (found version "1.3")  
[10.593s] -- Found OpenGL: /usr/lib/x86_64-linux-gnu/libOpenGL.so   
[11.353s] -- Found X11: /usr/include   
[11.354s] -- Looking for XOpenDisplay in /usr/lib/x86_64-linux-gnu/libX11.so;/usr/lib/x86_64-linux-gnu/libXext.so
[11.605s] -- Looking for XOpenDisplay in /usr/lib/x86_64-linux-gnu/libX11.so;/usr/lib/x86_64-linux-gnu/libXext.so - found
[11.605s] -- Looking for gethostbyname
[11.842s] -- Looking for gethostbyname - found
[11.842s] -- Looking for connect
[12.083s] -- Looking for connect - found
[12.083s] -- Looking for remove
[12.342s] -- Looking for remove - found
[12.342s] -- Looking for shmat
[12.585s] -- Looking for shmat - found
[12.586s] -- Looking for IceConnectionNumber in ICE
[12.874s] -- Looking for IceConnectionNumber in ICE - found
[12.941s] -- Setting yaml-cpp_DIR to: '/opt/ros/jazzy/share/yaml_cpp_vendor/cmake/../../../opt/yaml_cpp_vendor/share/cmake/yaml-cpp'
[13.651s] -- Configuring done (11.8s)
[13.845s] -- Generating done (0.1s)
[13.877s] -- Build files have been written to: /home/robotica-06/bender_ws/bender_manipulacion/build/bender_pick_place_cpp
[13.921s] Invoked command in '/home/robotica-06/bender_ws/bender_manipulacion/build/bender_pick_place_cpp' returned '0': CMAKE_PREFIX_PATH=${CMAKE_PREFIX_PATH}:/home/robotica-06/ws_moveit/install/moveit_configs_utils:/opt/ros/jazzy DEBUGINFOD_URLS=https://debuginfod.ubuntu.com /usr/bin/cmake /home/robotica-06/bender_ws/bender_manipulacion/src/bender_pick_place_cpp -DCMAKE_INSTALL_PREFIX=/home/robotica-06/bender_ws/bender_manipulacion/install
[13.921s] Invoking command in '/home/robotica-06/bender_ws/bender_manipulacion/build/bender_pick_place_cpp': CMAKE_PREFIX_PATH=${CMAKE_PREFIX_PATH}:/home/robotica-06/ws_moveit/install/moveit_configs_utils:/opt/ros/jazzy DEBUGINFOD_URLS=https://debuginfod.ubuntu.com /usr/bin/cmake --build /home/robotica-06/bender_ws/bender_manipulacion/build/bender_pick_place_cpp -- -j8 -l8
[14.086s] [ 50%] [32mBuilding CXX object CMakeFiles/add_table.dir/src/add_table.cpp.o[0m
[29.931s] [100%] [32m[1mLinking CXX executable add_table[0m
[33.041s] [100%] Built target add_table
[33.068s] Invoked command in '/home/robotica-06/bender_ws/bender_manipulacion/build/bender_pick_place_cpp' returned '0': CMAKE_PREFIX_PATH=${CMAKE_PREFIX_PATH}:/home/robotica-06/ws_moveit/install/moveit_configs_utils:/opt/ros/jazzy DEBUGINFOD_URLS=https://debuginfod.ubuntu.com /usr/bin/cmake --build /home/robotica-06/bender_ws/bender_manipulacion/build/bender_pick_place_cpp -- -j8 -l8
[33.071s] Invoking command in '/home/robotica-06/bender_ws/bender_manipulacion/build/bender_pick_place_cpp': CMAKE_PREFIX_PATH=${CMAKE_PREFIX_PATH}:/home/robotica-06/ws_moveit/install/moveit_configs_utils:/opt/ros/jazzy DEBUGINFOD_URLS=https://debuginfod.ubuntu.com /usr/bin/cmake --install /home/robotica-06/bender_ws/bender_manipulacion/build/bender_pick_place_cpp
[33.093s] -- Install configuration: ""
[33.094s] -- Installing: /home/robotica-06/bender_ws/bender_manipulacion/install/lib/bender_pick_place_cpp/add_table
[33.098s] -- Set non-toolchain portion of runtime path of "/home/robotica-06/bender_ws/bender_manipulacion/install/lib/bender_pick_place_cpp/add_table" to ""
[33.099s] -- Installing: /home/robotica-06/bender_ws/bender_manipulacion/install/share/ament_index/resource_index/package_run_dependencies/bender_pick_place_cpp
[33.101s] -- Installing: /home/robotica-06/bender_ws/bender_manipulacion/install/share/ament_index/resource_index/parent_prefix_path/bender_pick_place_cpp
[33.103s] -- Installing: /home/robotica-06/bender_ws/bender_manipulacion/install/share/bender_pick_place_cpp/environment/ament_prefix_path.sh
[33.105s] -- Installing: /home/robotica-06/bender_ws/bender_manipulacion/install/share/bender_pick_place_cpp/environment/ament_prefix_path.dsv
[33.107s] -- Installing: /home/robotica-06/bender_ws/bender_manipulacion/install/share/bender_pick_place_cpp/environment/path.sh
[33.108s] -- Installing: /home/robotica-06/bender_ws/bender_manipulacion/install/share/bender_pick_place_cpp/environment/path.dsv
[33.109s] -- Installing: /home/robotica-06/bender_ws/bender_manipulacion/install/share/bender_pick_place_cpp/local_setup.bash
[33.109s] -- Installing: /home/robotica-06/bender_ws/bender_manipulacion/install/share/bender_pick_place_cpp/local_setup.sh
[33.110s] -- Installing: /home/robotica-06/bender_ws/bender_manipulacion/install/share/bender_pick_place_cpp/local_setup.zsh
[33.115s] -- Installing: /home/robotica-06/bender_ws/bender_manipulacion/install/share/bender_pick_place_cpp/local_setup.dsv
[33.115s] -- Installing: /home/robotica-06/bender_ws/bender_manipulacion/install/share/bender_pick_place_cpp/package.dsv
[33.115s] -- Installing: /home/robotica-06/bender_ws/bender_manipulacion/install/share/ament_index/resource_index/packages/bender_pick_place_cpp
[33.116s] -- Installing: /home/robotica-06/bender_ws/bender_manipulacion/install/share/bender_pick_place_cpp/cmake/bender_pick_place_cppConfig.cmake
[33.116s] -- Installing: /home/robotica-06/bender_ws/bender_manipulacion/install/share/bender_pick_place_cpp/cmake/bender_pick_place_cppConfig-version.cmake
[33.116s] -- Installing: /home/robotica-06/bender_ws/bender_manipulacion/install/share/bender_pick_place_cpp/package.xml
[33.116s] Invoked command in '/home/robotica-06/bender_ws/bender_manipulacion/build/bender_pick_place_cpp' returned '0': CMAKE_PREFIX_PATH=${CMAKE_PREFIX_PATH}:/home/robotica-06/ws_moveit/install/moveit_configs_utils:/opt/ros/jazzy DEBUGINFOD_URLS=https://debuginfod.ubuntu.com /usr/bin/cmake --install /home/robotica-06/bender_ws/bender_manipulacion/build/bender_pick_place_cpp
