[0.060s] Invoking command in '/home/robotica-06/bender_ws/bender_manipulacion/build/bender_manipulation': CMAKE_PREFIX_PATH=${CMAKE_PREFIX_PATH}:/home/robotica-06/ws_moveit/install/moveit_configs_utils:/opt/ros/jazzy DEBUGINFOD_URLS=https://debuginfod.ubuntu.com /usr/bin/cmake /home/robotica-06/bender_ws/bender_manipulacion/src/bender_manipulation -DCMAKE_INSTALL_PREFIX=/home/robotica-06/bender_ws/bender_manipulacion/install
[0.974s] -- The C compiler identification is GNU 13.3.0
[0.975s] -- The CXX compiler identification is GNU 13.3.0
[0.975s] -- Detecting C compiler ABI info
[0.975s] -- Detecting C compiler ABI info - done
[0.975s] -- Check for working C compiler: /usr/bin/cc - skipped
[0.975s] -- Detecting C compile features
[0.975s] -- Detecting C compile features - done
[0.975s] -- Detecting CXX compiler ABI info
[0.975s] -- Detecting CXX compiler ABI info - done
[0.976s] -- Check for working CXX compiler: /usr/bin/c++ - skipped
[0.976s] -- Detecting CXX compile features
[0.976s] -- Detecting CXX compile features - done
[0.976s] -- Found ament_cmake: 2.5.4 (/opt/ros/jazzy/share/ament_cmake/cmake)
[0.976s] -- Found Python3: /usr/bin/python3 (found version "3.12.3") found components: Interpreter 
[1.394s] -- Found ament_lint_auto: 0.17.3 (/opt/ros/jazzy/share/ament_lint_auto/cmake)
[1.701s] -- Added test 'flake8' to check Python code syntax and style conventions
[1.701s] -- Configured 'flake8' exclude dirs and/or files: 
[1.705s] -- Added test 'lint_cmake' to check CMake code style
[1.709s] -- Added test 'pep257' to check Python code against some of the docstring style conventions in PEP 257
[1.714s] -- Added test 'xmllint' to check XML markup files
[1.723s] -- Configuring done (1.7s)
[1.729s] -- Generating done (0.0s)
[1.733s] -- Build files have been written to: /home/robotica-06/bender_ws/bender_manipulacion/build/bender_manipulation
[1.744s] Invoked command in '/home/robotica-06/bender_ws/bender_manipulacion/build/bender_manipulation' returned '0': CMAKE_PREFIX_PATH=${CMAKE_PREFIX_PATH}:/home/robotica-06/ws_moveit/install/moveit_configs_utils:/opt/ros/jazzy DEBUGINFOD_URLS=https://debuginfod.ubuntu.com /usr/bin/cmake /home/robotica-06/bender_ws/bender_manipulacion/src/bender_manipulation -DCMAKE_INSTALL_PREFIX=/home/robotica-06/bender_ws/bender_manipulacion/install
[1.747s] Invoking command in '/home/robotica-06/bender_ws/bender_manipulacion/build/bender_manipulation': CMAKE_PREFIX_PATH=${CMAKE_PREFIX_PATH}:/home/robotica-06/ws_moveit/install/moveit_configs_utils:/opt/ros/jazzy DEBUGINFOD_URLS=https://debuginfod.ubuntu.com /usr/bin/cmake --build /home/robotica-06/bender_ws/bender_manipulacion/build/bender_manipulation -- -j8 -l8
[1.853s] Invoked command in '/home/robotica-06/bender_ws/bender_manipulacion/build/bender_manipulation' returned '0': CMAKE_PREFIX_PATH=${CMAKE_PREFIX_PATH}:/home/robotica-06/ws_moveit/install/moveit_configs_utils:/opt/ros/jazzy DEBUGINFOD_URLS=https://debuginfod.ubuntu.com /usr/bin/cmake --build /home/robotica-06/bender_ws/bender_manipulacion/build/bender_manipulation -- -j8 -l8
[1.874s] Invoking command in '/home/robotica-06/bender_ws/bender_manipulacion/build/bender_manipulation': CMAKE_PREFIX_PATH=${CMAKE_PREFIX_PATH}:/home/robotica-06/ws_moveit/install/moveit_configs_utils:/opt/ros/jazzy DEBUGINFOD_URLS=https://debuginfod.ubuntu.com /usr/bin/cmake --install /home/robotica-06/bender_ws/bender_manipulacion/build/bender_manipulation
[1.892s] -- Install configuration: ""
[1.892s] -- Installing: /home/robotica-06/bender_ws/bender_manipulacion/install/share/bender_manipulation/launch
[1.893s] -- Installing: /home/robotica-06/bender_ws/bender_manipulacion/install/share/bender_manipulation/launch/test.launch.py
[1.893s] -- Installing: /home/robotica-06/bender_ws/bender_manipulacion/install/share/bender_manipulation/launch/dynamixel_bridge.launch.py
[1.893s] -- Installing: /home/robotica-06/bender_ws/bender_manipulacion/install/share/bender_manipulation/config
[1.894s] -- Installing: /home/robotica-06/bender_ws/bender_manipulacion/install/share/bender_manipulation/config/moveit_controllers.yaml
[1.895s] -- Installing: /home/robotica-06/bender_ws/bender_manipulacion/install/share/bender_manipulation/config/params.yaml
[1.895s] -- Installing: /home/robotica-06/bender_ws/bender_manipulacion/install/lib/bender_manipulation/dynamixel_node.py
[1.895s] -- Installing: /home/robotica-06/bender_ws/bender_manipulacion/install/lib/bender_manipulation/dynamixel_vel_node.py
[1.895s] -- Installing: /home/robotica-06/bender_ws/bender_manipulacion/install/lib/bender_manipulation/serial_encoder_node.py
[1.896s] -- Installing: /home/robotica-06/bender_ws/bender_manipulacion/install/lib/bender_manipulation/oddrive.py
[1.896s] -- Installing: /home/robotica-06/bender_ws/bender_manipulacion/install/lib/bender_manipulation/test.py
[1.897s] -- Installing: /home/robotica-06/bender_ws/bender_manipulacion/install/share/ament_index/resource_index/package_run_dependencies/bender_manipulation
[1.897s] -- Installing: /home/robotica-06/bender_ws/bender_manipulacion/install/share/ament_index/resource_index/parent_prefix_path/bender_manipulation
[1.897s] -- Installing: /home/robotica-06/bender_ws/bender_manipulacion/install/share/bender_manipulation/environment/ament_prefix_path.sh
[1.897s] -- Installing: /home/robotica-06/bender_ws/bender_manipulacion/install/share/bender_manipulation/environment/ament_prefix_path.dsv
[1.898s] -- Installing: /home/robotica-06/bender_ws/bender_manipulacion/install/share/bender_manipulation/environment/path.sh
[1.898s] -- Installing: /home/robotica-06/bender_ws/bender_manipulacion/install/share/bender_manipulation/environment/path.dsv
[1.898s] -- Installing: /home/robotica-06/bender_ws/bender_manipulacion/install/share/bender_manipulation/local_setup.bash
[1.898s] -- Installing: /home/robotica-06/bender_ws/bender_manipulacion/install/share/bender_manipulation/local_setup.sh
[1.899s] -- Installing: /home/robotica-06/bender_ws/bender_manipulacion/install/share/bender_manipulation/local_setup.zsh
[1.899s] -- Installing: /home/robotica-06/bender_ws/bender_manipulacion/install/share/bender_manipulation/local_setup.dsv
[1.899s] -- Installing: /home/robotica-06/bender_ws/bender_manipulacion/install/share/bender_manipulation/package.dsv
[1.899s] -- Installing: /home/robotica-06/bender_ws/bender_manipulacion/install/share/ament_index/resource_index/packages/bender_manipulation
[1.900s] -- Installing: /home/robotica-06/bender_ws/bender_manipulacion/install/share/bender_manipulation/cmake/bender_manipulationConfig.cmake
[1.900s] -- Installing: /home/robotica-06/bender_ws/bender_manipulacion/install/share/bender_manipulation/cmake/bender_manipulationConfig-version.cmake
[1.900s] -- Installing: /home/robotica-06/bender_ws/bender_manipulacion/install/share/bender_manipulation/package.xml
[1.914s] Invoked command in '/home/robotica-06/bender_ws/bender_manipulacion/build/bender_manipulation' returned '0': CMAKE_PREFIX_PATH=${CMAKE_PREFIX_PATH}:/home/robotica-06/ws_moveit/install/moveit_configs_utils:/opt/ros/jazzy DEBUGINFOD_URLS=https://debuginfod.ubuntu.com /usr/bin/cmake --install /home/robotica-06/bender_ws/bender_manipulacion/build/bender_manipulation
