[0.217s] Invoking command in '/home/robotica-06/bender_ws/bender_manipulacion/build/bender_description': CMAKE_PREFIX_PATH=${CMAKE_PREFIX_PATH}:/home/robotica-06/ws_moveit/install/moveit_configs_utils:/opt/ros/jazzy DEBUGINFOD_URLS=https://debuginfod.ubuntu.com /usr/bin/cmake /home/robotica-06/bender_ws/bender_manipulacion/src/bender_description -DCMAKE_INSTALL_PREFIX=/home/robotica-06/bender_ws/bender_manipulacion/install
[2.022s] -- The C compiler identification is GNU 13.3.0
[2.022s] -- The CXX compiler identification is GNU 13.3.0
[2.022s] -- Detecting C compiler ABI info
[2.022s] -- Detecting C compiler ABI info - done
[2.023s] -- Check for working C compiler: /usr/bin/cc - skipped
[2.023s] -- Detecting C compile features
[2.023s] -- Detecting C compile features - done
[2.023s] -- Detecting CXX compiler ABI info
[2.023s] -- Detecting CXX compiler ABI info - done
[2.024s] -- Check for working CXX compiler: /usr/bin/c++ - skipped
[2.024s] -- Detecting CXX compile features
[2.024s] -- Detecting CXX compile features - done
[2.024s] -- Found ament_cmake: 2.5.4 (/opt/ros/jazzy/share/ament_cmake/cmake)
[2.557s] -- Found Python3: /usr/bin/python3 (found version "3.12.3") found components: Interpreter 
[3.177s] -- Found ament_lint_auto: 0.17.3 (/opt/ros/jazzy/share/ament_lint_auto/cmake)
[3.807s] -- Added test 'flake8' to check Python code syntax and style conventions
[3.808s] -- Configured 'flake8' exclude dirs and/or files: 
[3.817s] -- Added test 'lint_cmake' to check CMake code style
[3.821s] -- Added test 'pep257' to check Python code against some of the docstring style conventions in PEP 257
[3.837s] -- Added test 'xmllint' to check XML markup files
[3.850s] -- Configuring done (3.6s)
[3.863s] -- Generating done (0.0s)
[3.869s] -- Build files have been written to: /home/robotica-06/bender_ws/bender_manipulacion/build/bender_description
[3.891s] Invoked command in '/home/robotica-06/bender_ws/bender_manipulacion/build/bender_description' returned '0': CMAKE_PREFIX_PATH=${CMAKE_PREFIX_PATH}:/home/robotica-06/ws_moveit/install/moveit_configs_utils:/opt/ros/jazzy DEBUGINFOD_URLS=https://debuginfod.ubuntu.com /usr/bin/cmake /home/robotica-06/bender_ws/bender_manipulacion/src/bender_description -DCMAKE_INSTALL_PREFIX=/home/robotica-06/bender_ws/bender_manipulacion/install
[3.894s] Invoking command in '/home/robotica-06/bender_ws/bender_manipulacion/build/bender_description': CMAKE_PREFIX_PATH=${CMAKE_PREFIX_PATH}:/home/robotica-06/ws_moveit/install/moveit_configs_utils:/opt/ros/jazzy DEBUGINFOD_URLS=https://debuginfod.ubuntu.com /usr/bin/cmake --build /home/robotica-06/bender_ws/bender_manipulacion/build/bender_description -- -j8 -l8
[4.087s] Invoked command in '/home/robotica-06/bender_ws/bender_manipulacion/build/bender_description' returned '0': CMAKE_PREFIX_PATH=${CMAKE_PREFIX_PATH}:/home/robotica-06/ws_moveit/install/moveit_configs_utils:/opt/ros/jazzy DEBUGINFOD_URLS=https://debuginfod.ubuntu.com /usr/bin/cmake --build /home/robotica-06/bender_ws/bender_manipulacion/build/bender_description -- -j8 -l8
[4.090s] Invoking command in '/home/robotica-06/bender_ws/bender_manipulacion/build/bender_description': CMAKE_PREFIX_PATH=${CMAKE_PREFIX_PATH}:/home/robotica-06/ws_moveit/install/moveit_configs_utils:/opt/ros/jazzy DEBUGINFOD_URLS=https://debuginfod.ubuntu.com /usr/bin/cmake --install /home/robotica-06/bender_ws/bender_manipulacion/build/bender_description
[4.122s] -- Install configuration: ""
[4.126s] -- Installing: /home/robotica-06/bender_ws/bender_manipulacion/install/share/bender_description//launch
[4.129s] -- Installing: /home/robotica-06/bender_ws/bender_manipulacion/install/share/bender_description//launch/gazebo.launch.py
[4.131s] -- Installing: /home/robotica-06/bender_ws/bender_manipulacion/install/share/bender_description//launch/bender_moveit_rviz.launch.py
[4.131s] -- Installing: /home/robotica-06/bender_ws/bender_manipulacion/install/share/bender_description//launch/bender_moveit.launch.py
[4.133s] -- Installing: /home/robotica-06/bender_ws/bender_manipulacion/install/share/bender_description//launch/bender_bringup.launch.py
[4.134s] -- Installing: /home/robotica-06/bender_ws/bender_manipulacion/install/share/bender_description//launch/display.launch.py
[4.134s] -- Installing: /home/robotica-06/bender_ws/bender_manipulacion/install/share/bender_description//launch/rsp.launch.py
[4.135s] -- Installing: /home/robotica-06/bender_ws/bender_manipulacion/install/share/bender_description//launch/bender_move_group.launch.py
[4.139s] -- Installing: /home/robotica-06/bender_ws/bender_manipulacion/install/share/bender_description//urdf
[4.139s] -- Installing: /home/robotica-06/bender_ws/bender_manipulacion/install/share/bender_description//urdf/rgbd_camera.xacro
[4.140s] -- Installing: /home/robotica-06/bender_ws/bender_manipulacion/install/share/bender_description//urdf/ros2_control.xacro
[4.140s] -- Installing: /home/robotica-06/bender_ws/bender_manipulacion/install/share/bender_description//urdf/bender.xacro
[4.141s] -- Installing: /home/robotica-06/bender_ws/bender_manipulacion/install/share/bender_description//urdf/materials.xacro
[4.141s] -- Installing: /home/robotica-06/bender_ws/bender_manipulacion/install/share/bender_description//urdf/bender.urdf
[4.142s] -- Installing: /home/robotica-06/bender_ws/bender_manipulacion/install/share/bender_description//urdf/bender.xml
[4.142s] -- Installing: /home/robotica-06/bender_ws/bender_manipulacion/install/share/bender_description//config
[4.142s] -- Installing: /home/robotica-06/bender_ws/bender_manipulacion/install/share/bender_description//config/gz_bridge.yaml
[4.144s] -- Installing: /home/robotica-06/bender_ws/bender_manipulacion/install/share/bender_description//config/ompl_planning.yaml
[4.144s] -- Installing: /home/robotica-06/bender_ws/bender_manipulacion/install/share/bender_description//config/controllers
[4.144s] -- Installing: /home/robotica-06/bender_ws/bender_manipulacion/install/share/bender_description//config/controllers/joint_state_broadcaster.yaml
[4.145s] -- Installing: /home/robotica-06/bender_ws/bender_manipulacion/install/share/bender_description//config/controllers/moveit_controllers
[4.149s] -- Installing: /home/robotica-06/bender_ws/bender_manipulacion/install/share/bender_description//config/controllers/moveit_controllers/left_arm_controller.yaml
[4.149s] -- Installing: /home/robotica-06/bender_ws/bender_manipulacion/install/share/bender_description//config/controllers/moveit_controllers/right_arm_controller.yaml
[4.149s] -- Installing: /home/robotica-06/bender_ws/bender_manipulacion/install/share/bender_description//config/controllers/moveit_controllers/left_gripper_controller.yaml
[4.152s] -- Installing: /home/robotica-06/bender_ws/bender_manipulacion/install/share/bender_description//config/controllers/moveit_controllers/head_controller.yaml
[4.152s] -- Installing: /home/robotica-06/bender_ws/bender_manipulacion/install/share/bender_description//config/controllers/moveit_controllers/right_gripper_controller.yaml
[4.152s] -- Installing: /home/robotica-06/bender_ws/bender_manipulacion/install/share/bender_description//config/controllers/gazebo_controllers
[4.152s] -- Installing: /home/robotica-06/bender_ws/bender_manipulacion/install/share/bender_description//config/controllers/gazebo_controllers/right_arm.yaml
[4.153s] -- Installing: /home/robotica-06/bender_ws/bender_manipulacion/install/share/bender_description//config/controllers/gazebo_controllers/left_gripper.yaml
[4.153s] -- Installing: /home/robotica-06/bender_ws/bender_manipulacion/install/share/bender_description//config/controllers/gazebo_controllers/head.yaml
[4.153s] -- Installing: /home/robotica-06/bender_ws/bender_manipulacion/install/share/bender_description//config/controllers/gazebo_controllers/right_gripper.yaml
[4.153s] -- Installing: /home/robotica-06/bender_ws/bender_manipulacion/install/share/bender_description//config/controllers/gazebo_controllers/left_arm.yaml
[4.153s] -- Installing: /home/robotica-06/bender_ws/bender_manipulacion/install/share/bender_description//config/controllers/controllers.yaml
[4.153s] -- Installing: /home/robotica-06/bender_ws/bender_manipulacion/install/share/bender_description//config/controllers/initial_position.yaml
[4.159s] -- Installing: /home/robotica-06/bender_ws/bender_manipulacion/install/share/bender_description//config/ros2_controllers.yaml
[4.161s] -- Installing: /home/robotica-06/bender_ws/bender_manipulacion/install/share/bender_description//config/colors.yaml
[4.161s] -- Installing: /home/robotica-06/bender_ws/bender_manipulacion/install/share/bender_description//config/spawn.yaml
[4.161s] -- Installing: /home/robotica-06/bender_ws/bender_manipulacion/install/share/bender_description//rviz
[4.161s] -- Installing: /home/robotica-06/bender_ws/bender_manipulacion/install/share/bender_description//rviz/rviz.rviz
[4.163s] -- Installing: /home/robotica-06/bender_ws/bender_manipulacion/install/share/bender_description//worlds
[4.163s] -- Installing: /home/robotica-06/bender_ws/bender_manipulacion/install/share/bender_description//worlds/workshop.world
[4.163s] -- Installing: /home/robotica-06/bender_ws/bender_manipulacion/install/share/bender_description//worlds/empty.world
[4.164s] -- Installing: /home/robotica-06/bender_ws/bender_manipulacion/install/share/bender_description//meshes
[4.164s] -- Installing: /home/robotica-06/bender_ws/bender_manipulacion/install/share/bender_description//meshes/g2la_1.stl
[4.164s] -- Installing: /home/robotica-06/bender_ws/bender_manipulacion/install/share/bender_description//meshes/l3l_1.stl
[4.165s] -- Installing: /home/robotica-06/bender_ws/bender_manipulacion/install/share/bender_description//meshes/l6l_1.stl
[4.165s] -- Installing: /home/robotica-06/bender_ws/bender_manipulacion/install/share/bender_description//meshes/l2h_1.stl
[4.168s] -- Installing: /home/robotica-06/bender_ws/bender_manipulacion/install/share/bender_description//meshes/laser_1.stl
[4.168s] -- Installing: /home/robotica-06/bender_ws/bender_manipulacion/install/share/bender_description//meshes/wfr_1.stl
[4.168s] -- Installing: /home/robotica-06/bender_ws/bender_manipulacion/install/share/bender_description//meshes/l5l_1.stl
[4.169s] -- Installing: /home/robotica-06/bender_ws/bender_manipulacion/install/share/bender_description//meshes/wfl_1.stl
[4.170s] -- Installing: /home/robotica-06/bender_ws/bender_manipulacion/install/share/bender_description//meshes/d435.stl
[4.199s] -- Installing: /home/robotica-06/bender_ws/bender_manipulacion/install/share/bender_description//meshes/g2ra_1.stl
[4.200s] -- Installing: /home/robotica-06/bender_ws/bender_manipulacion/install/share/bender_description//meshes/l4l_1.stl
[4.201s] -- Installing: /home/robotica-06/bender_ws/bender_manipulacion/install/share/bender_description//meshes/real_sense_1.stl
[4.202s] -- Installing: /home/robotica-06/bender_ws/bender_manipulacion/install/share/bender_description//meshes/l2r_1.stl
[4.202s] -- Installing: /home/robotica-06/bender_ws/bender_manipulacion/install/share/bender_description//meshes/l1r_1.stl
[4.203s] -- Installing: /home/robotica-06/bender_ws/bender_manipulacion/install/share/bender_description//meshes/base_link.stl
[4.204s] -- Installing: /home/robotica-06/bender_ws/bender_manipulacion/install/share/bender_description//meshes/g1l_1.stl
[4.205s] -- Installing: /home/robotica-06/bender_ws/bender_manipulacion/install/share/bender_description//meshes/l1h_1.stl
[4.205s] -- Installing: /home/robotica-06/bender_ws/bender_manipulacion/install/share/bender_description//meshes/l4r_1.stl
[4.205s] -- Installing: /home/robotica-06/bender_ws/bender_manipulacion/install/share/bender_description//meshes/g1r_1.stl
[4.206s] -- Installing: /home/robotica-06/bender_ws/bender_manipulacion/install/share/bender_description//meshes/wrl_1.stl
[4.207s] -- Installing: /home/robotica-06/bender_ws/bender_manipulacion/install/share/bender_description//meshes/l1l_1.stl
[4.207s] -- Installing: /home/robotica-06/bender_ws/bender_manipulacion/install/share/bender_description//meshes/l2l_1.stl
[4.208s] -- Installing: /home/robotica-06/bender_ws/bender_manipulacion/install/share/bender_description//meshes/l3r_1.stl
[4.210s] -- Installing: /home/robotica-06/bender_ws/bender_manipulacion/install/share/bender_description//meshes/l6r_1.stl
[4.211s] -- Installing: /home/robotica-06/bender_ws/bender_manipulacion/install/share/bender_description//meshes/g2lb_1.stl
[4.211s] -- Installing: /home/robotica-06/bender_ws/bender_manipulacion/install/share/bender_description//meshes/wrr_1.stl
[4.212s] -- Installing: /home/robotica-06/bender_ws/bender_manipulacion/install/share/bender_description//meshes/l5r_1.stl
[4.212s] -- Installing: /home/robotica-06/bender_ws/bender_manipulacion/install/share/bender_description//meshes/g2rb_1.stl
[4.213s] -- Installing: /home/robotica-06/bender_ws/bender_manipulacion/install/share/ament_index/resource_index/package_run_dependencies/bender_description
[4.213s] -- Installing: /home/robotica-06/bender_ws/bender_manipulacion/install/share/ament_index/resource_index/parent_prefix_path/bender_description
[4.213s] -- Installing: /home/robotica-06/bender_ws/bender_manipulacion/install/share/bender_description/environment/ament_prefix_path.sh
[4.214s] -- Installing: /home/robotica-06/bender_ws/bender_manipulacion/install/share/bender_description/environment/ament_prefix_path.dsv
[4.214s] -- Installing: /home/robotica-06/bender_ws/bender_manipulacion/install/share/bender_description/environment/path.sh
[4.215s] -- Installing: /home/robotica-06/bender_ws/bender_manipulacion/install/share/bender_description/environment/path.dsv
[4.216s] -- Installing: /home/robotica-06/bender_ws/bender_manipulacion/install/share/bender_description/local_setup.bash
[4.216s] -- Installing: /home/robotica-06/bender_ws/bender_manipulacion/install/share/bender_description/local_setup.sh
[4.217s] -- Installing: /home/robotica-06/bender_ws/bender_manipulacion/install/share/bender_description/local_setup.zsh
[4.217s] -- Installing: /home/robotica-06/bender_ws/bender_manipulacion/install/share/bender_description/local_setup.dsv
[4.217s] -- Installing: /home/robotica-06/bender_ws/bender_manipulacion/install/share/bender_description/package.dsv
[4.217s] -- Installing: /home/robotica-06/bender_ws/bender_manipulacion/install/share/ament_index/resource_index/packages/bender_description
[4.217s] -- Installing: /home/robotica-06/bender_ws/bender_manipulacion/install/share/bender_description/cmake/bender_descriptionConfig.cmake
[4.217s] -- Installing: /home/robotica-06/bender_ws/bender_manipulacion/install/share/bender_description/cmake/bender_descriptionConfig-version.cmake
[4.219s] -- Installing: /home/robotica-06/bender_ws/bender_manipulacion/install/share/bender_description/package.xml
[4.221s] Invoked command in '/home/robotica-06/bender_ws/bender_manipulacion/build/bender_description' returned '0': CMAKE_PREFIX_PATH=${CMAKE_PREFIX_PATH}:/home/robotica-06/ws_moveit/install/moveit_configs_utils:/opt/ros/jazzy DEBUGINFOD_URLS=https://debuginfod.ubuntu.com /usr/bin/cmake --install /home/robotica-06/bender_ws/bender_manipulacion/build/bender_description
