[0.082s] Invoking command in '/home/robotica-06/bender_ws/bender_manipulacion/build/bender_manipulation': CMAKE_PREFIX_PATH=${CMAKE_PREFIX_PATH}:/home/robotica-06/ws_moveit/install/moveit_configs_utils:/opt/ros/jazzy DEBUGINFOD_URLS=https://debuginfod.ubuntu.com /usr/bin/cmake /home/robotica-06/bender_ws/bender_manipulacion/src/bender_manipulation -DCMAKE_INSTALL_PREFIX=/home/robotica-06/bender_ws/bender_manipulacion/install
[1.228s] -- The C compiler identification is GNU 13.3.0
[1.228s] -- The CXX compiler identification is GNU 13.3.0
[1.229s] -- Detecting C compiler ABI info
[1.229s] -- Detecting C compiler ABI info - done
[1.229s] -- Check for working C compiler: /usr/bin/cc - skipped
[1.229s] -- Detecting C compile features
[1.229s] -- Detecting C compile features - done
[1.230s] -- Detecting CXX compiler ABI info
[1.230s] -- Detecting CXX compiler ABI info - done
[1.230s] -- Check for working CXX compiler: /usr/bin/c++ - skipped
[1.230s] -- Detecting CXX compile features
[1.231s] -- Detecting CXX compile features - done
[1.231s] -- Found ament_cmake: 2.5.4 (/opt/ros/jazzy/share/ament_cmake/cmake)
[1.231s] -- Found Python3: /usr/bin/python3 (found version "3.12.3") found components: Interpreter 
[1.651s] -- Found ament_lint_auto: 0.17.3 (/opt/ros/jazzy/share/ament_lint_auto/cmake)
[1.922s] -- Added test 'flake8' to check Python code syntax and style conventions
[1.922s] -- Configured 'flake8' exclude dirs and/or files: 
[1.927s] -- Added test 'lint_cmake' to check CMake code style
[1.929s] -- Added test 'pep257' to check Python code against some of the docstring style conventions in PEP 257
[1.934s] -- Added test 'xmllint' to check XML markup files
[1.958s] -- Configuring done (1.8s)
[1.964s] -- Generating done (0.0s)
[1.971s] -- Build files have been written to: /home/robotica-06/bender_ws/bender_manipulacion/build/bender_manipulation
[1.976s] Invoked command in '/home/robotica-06/bender_ws/bender_manipulacion/build/bender_manipulation' returned '0': CMAKE_PREFIX_PATH=${CMAKE_PREFIX_PATH}:/home/robotica-06/ws_moveit/install/moveit_configs_utils:/opt/ros/jazzy DEBUGINFOD_URLS=https://debuginfod.ubuntu.com /usr/bin/cmake /home/robotica-06/bender_ws/bender_manipulacion/src/bender_manipulation -DCMAKE_INSTALL_PREFIX=/home/robotica-06/bender_ws/bender_manipulacion/install
[1.979s] Invoking command in '/home/robotica-06/bender_ws/bender_manipulacion/build/bender_manipulation': CMAKE_PREFIX_PATH=${CMAKE_PREFIX_PATH}:/home/robotica-06/ws_moveit/install/moveit_configs_utils:/opt/ros/jazzy DEBUGINFOD_URLS=https://debuginfod.ubuntu.com /usr/bin/cmake --build /home/robotica-06/bender_ws/bender_manipulacion/build/bender_manipulation -- -j8 -l8
[2.075s] Invoked command in '/home/robotica-06/bender_ws/bender_manipulacion/build/bender_manipulation' returned '0': CMAKE_PREFIX_PATH=${CMAKE_PREFIX_PATH}:/home/robotica-06/ws_moveit/install/moveit_configs_utils:/opt/ros/jazzy DEBUGINFOD_URLS=https://debuginfod.ubuntu.com /usr/bin/cmake --build /home/robotica-06/bender_ws/bender_manipulacion/build/bender_manipulation -- -j8 -l8
[2.099s] Invoking command in '/home/robotica-06/bender_ws/bender_manipulacion/build/bender_manipulation': CMAKE_PREFIX_PATH=${CMAKE_PREFIX_PATH}:/home/robotica-06/ws_moveit/install/moveit_configs_utils:/opt/ros/jazzy DEBUGINFOD_URLS=https://debuginfod.ubuntu.com /usr/bin/cmake --install /home/robotica-06/bender_ws/bender_manipulacion/build/bender_manipulation
[2.124s] -- Install configuration: ""
[2.125s] -- Installing: /home/robotica-06/bender_ws/bender_manipulacion/install/share/bender_manipulation/launch
[2.126s] -- Installing: /home/robotica-06/bender_ws/bender_manipulacion/install/share/bender_manipulation/launch/test.launch.py
[2.127s] -- Installing: /home/robotica-06/bender_ws/bender_manipulacion/install/share/bender_manipulation/launch/dynamixel_bridge.launch.py
[2.127s] -- Installing: /home/robotica-06/bender_ws/bender_manipulacion/install/share/bender_manipulation/config
[2.127s] -- Installing: /home/robotica-06/bender_ws/bender_manipulacion/install/share/bender_manipulation/config/moveit_controllers.yaml
[2.127s] -- Installing: /home/robotica-06/bender_ws/bender_manipulacion/install/share/bender_manipulation/config/params.yaml
[2.128s] -- Installing: /home/robotica-06/bender_ws/bender_manipulacion/install/lib/bender_manipulation/dynamixel_node.py
[2.128s] -- Installing: /home/robotica-06/bender_ws/bender_manipulacion/install/lib/bender_manipulation/dynamixel_vel_node.py
[2.130s] -- Installing: /home/robotica-06/bender_ws/bender_manipulacion/install/lib/bender_manipulation/serial_encoder_node.py
[2.131s] -- Installing: /home/robotica-06/bender_ws/bender_manipulacion/install/lib/bender_manipulation/oddrive.py
[2.131s] -- Installing: /home/robotica-06/bender_ws/bender_manipulacion/install/lib/bender_manipulation/test.py
[2.131s] -- Installing: /home/robotica-06/bender_ws/bender_manipulacion/install/share/ament_index/resource_index/package_run_dependencies/bender_manipulation
[2.131s] -- Installing: /home/robotica-06/bender_ws/bender_manipulacion/install/share/ament_index/resource_index/parent_prefix_path/bender_manipulation
[2.132s] -- Installing: /home/robotica-06/bender_ws/bender_manipulacion/install/share/bender_manipulation/environment/ament_prefix_path.sh
[2.133s] -- Installing: /home/robotica-06/bender_ws/bender_manipulacion/install/share/bender_manipulation/environment/ament_prefix_path.dsv
[2.133s] -- Installing: /home/robotica-06/bender_ws/bender_manipulacion/install/share/bender_manipulation/environment/path.sh
[2.134s] -- Installing: /home/robotica-06/bender_ws/bender_manipulacion/install/share/bender_manipulation/environment/path.dsv
[2.134s] -- Installing: /home/robotica-06/bender_ws/bender_manipulacion/install/share/bender_manipulation/local_setup.bash
[2.134s] -- Installing: /home/robotica-06/bender_ws/bender_manipulacion/install/share/bender_manipulation/local_setup.sh
[2.134s] -- Installing: /home/robotica-06/bender_ws/bender_manipulacion/install/share/bender_manipulation/local_setup.zsh
[2.134s] -- Installing: /home/robotica-06/bender_ws/bender_manipulacion/install/share/bender_manipulation/local_setup.dsv
[2.135s] -- Installing: /home/robotica-06/bender_ws/bender_manipulacion/install/share/bender_manipulation/package.dsv
[2.135s] -- Installing: /home/robotica-06/bender_ws/bender_manipulacion/install/share/ament_index/resource_index/packages/bender_manipulation
[2.135s] -- Installing: /home/robotica-06/bender_ws/bender_manipulacion/install/share/bender_manipulation/cmake/bender_manipulationConfig.cmake
[2.135s] -- Installing: /home/robotica-06/bender_ws/bender_manipulacion/install/share/bender_manipulation/cmake/bender_manipulationConfig-version.cmake
[2.135s] -- Installing: /home/robotica-06/bender_ws/bender_manipulacion/install/share/bender_manipulation/package.xml
[2.140s] Invoked command in '/home/robotica-06/bender_ws/bender_manipulacion/build/bender_manipulation' returned '0': CMAKE_PREFIX_PATH=${CMAKE_PREFIX_PATH}:/home/robotica-06/ws_moveit/install/moveit_configs_utils:/opt/ros/jazzy DEBUGINFOD_URLS=https://debuginfod.ubuntu.com /usr/bin/cmake --install /home/robotica-06/bender_ws/bender_manipulacion/build/bender_manipulation
