[0.179s] DEBUG:colcon:Command line arguments: ['/usr/bin/colcon', 'build', '--merge-install']
[0.179s] DEBUG:colcon:Parsed command line arguments: Namespace(log_base=None, log_level=None, verb_name='build', build_base='build', install_base='install', merge_install=True, symlink_install=False, test_result_base=None, continue_on_error=False, executor='parallel', parallel_workers=8, event_handlers=None, ignore_user_meta=False, metas=['./colcon.meta'], base_paths=['.'], packages_ignore=None, packages_ignore_regex=None, paths=None, packages_up_to=None, packages_up_to_regex=None, packages_above=None, packages_above_and_dependencies=None, packages_above_depth=None, packages_select_by_dep=None, packages_skip_by_dep=None, packages_skip_up_to=None, packages_select_build_failed=False, packages_skip_build_finished=False, packages_select_test_failures=False, packages_skip_test_passed=False, packages_select=None, packages_skip=None, packages_select_regex=None, packages_skip_regex=None, packages_start=None, packages_end=None, allow_overriding=[], cmake_args=None, cmake_target=None, cmake_target_skip_unavailable=False, cmake_clean_cache=False, cmake_clean_first=False, cmake_force_configure=False, ament_cmake_args=None, catkin_cmake_args=None, catkin_skip_building_tests=False, mixin_files=None, mixin=None, verb_parser=<colcon_mixin.mixin.mixin_argument.MixinArgumentDecorator object at 0x7287142cea50>, verb_extension=<colcon_core.verb.build.BuildVerb object at 0x7287142ce720>, main=<bound method BuildVerb.main of <colcon_core.verb.build.BuildVerb object at 0x7287142ce720>>, mixin_verb=('build',))
[0.232s] Level 1:colcon.colcon_core.package_discovery:discover_packages(colcon_meta) check parameters
[0.232s] Level 1:colcon.colcon_core.package_discovery:discover_packages(recursive) check parameters
[0.232s] Level 1:colcon.colcon_core.package_discovery:discover_packages(ignore) check parameters
[0.232s] Level 1:colcon.colcon_core.package_discovery:discover_packages(path) check parameters
[0.232s] Level 1:colcon.colcon_core.package_discovery:discover_packages(colcon_meta) discover
[0.232s] Level 1:colcon.colcon_core.package_discovery:discover_packages(recursive) discover
[0.232s] INFO:colcon.colcon_core.package_discovery:Crawling recursively for packages in '/home/robotica-06/bender_ws/bender_manipulacion'
[0.233s] Level 1:colcon.colcon_core.package_identification:_identify(.) by extensions ['ignore', 'ignore_ament_install']
[0.233s] Level 1:colcon.colcon_core.package_identification:_identify(.) by extension 'ignore'
[0.233s] Level 1:colcon.colcon_core.package_identification:_identify(.) by extension 'ignore_ament_install'
[0.233s] Level 1:colcon.colcon_core.package_identification:_identify(.) by extensions ['colcon_pkg']
[0.233s] Level 1:colcon.colcon_core.package_identification:_identify(.) by extension 'colcon_pkg'
[0.233s] Level 1:colcon.colcon_core.package_identification:_identify(.) by extensions ['colcon_meta']
[0.233s] Level 1:colcon.colcon_core.package_identification:_identify(.) by extension 'colcon_meta'
[0.233s] Level 1:colcon.colcon_core.package_identification:_identify(.) by extensions ['ros']
[0.233s] Level 1:colcon.colcon_core.package_identification:_identify(.) by extension 'ros'
[0.269s] Level 1:colcon.colcon_core.package_identification:_identify(.) by extensions ['cmake', 'python']
[0.269s] Level 1:colcon.colcon_core.package_identification:_identify(.) by extension 'cmake'
[0.269s] Level 1:colcon.colcon_core.package_identification:_identify(.) by extension 'python'
[0.269s] Level 1:colcon.colcon_core.package_identification:_identify(.) by extensions ['python_setup_py']
[0.269s] Level 1:colcon.colcon_core.package_identification:_identify(.) by extension 'python_setup_py'
[0.270s] Level 1:colcon.colcon_core.package_identification:_identify(build) by extensions ['ignore', 'ignore_ament_install']
[0.270s] Level 1:colcon.colcon_core.package_identification:_identify(build) by extension 'ignore'
[0.270s] Level 1:colcon.colcon_core.package_identification:_identify(build) ignored
[0.270s] Level 1:colcon.colcon_core.package_identification:_identify(install) by extensions ['ignore', 'ignore_ament_install']
[0.270s] Level 1:colcon.colcon_core.package_identification:_identify(install) by extension 'ignore'
[0.270s] Level 1:colcon.colcon_core.package_identification:_identify(install) ignored
[0.270s] Level 1:colcon.colcon_core.package_identification:_identify(log) by extensions ['ignore', 'ignore_ament_install']
[0.270s] Level 1:colcon.colcon_core.package_identification:_identify(log) by extension 'ignore'
[0.270s] Level 1:colcon.colcon_core.package_identification:_identify(log) ignored
[0.270s] Level 1:colcon.colcon_core.package_identification:_identify(src) by extensions ['ignore', 'ignore_ament_install']
[0.270s] Level 1:colcon.colcon_core.package_identification:_identify(src) by extension 'ignore'
[0.271s] Level 1:colcon.colcon_core.package_identification:_identify(src) by extension 'ignore_ament_install'
[0.271s] Level 1:colcon.colcon_core.package_identification:_identify(src) by extensions ['colcon_pkg']
[0.271s] Level 1:colcon.colcon_core.package_identification:_identify(src) by extension 'colcon_pkg'
[0.271s] Level 1:colcon.colcon_core.package_identification:_identify(src) by extensions ['colcon_meta']
[0.271s] Level 1:colcon.colcon_core.package_identification:_identify(src) by extension 'colcon_meta'
[0.271s] Level 1:colcon.colcon_core.package_identification:_identify(src) by extensions ['ros']
[0.271s] Level 1:colcon.colcon_core.package_identification:_identify(src) by extension 'ros'
[0.271s] Level 1:colcon.colcon_core.package_identification:_identify(src) by extensions ['cmake', 'python']
[0.271s] Level 1:colcon.colcon_core.package_identification:_identify(src) by extension 'cmake'
[0.271s] Level 1:colcon.colcon_core.package_identification:_identify(src) by extension 'python'
[0.271s] Level 1:colcon.colcon_core.package_identification:_identify(src) by extensions ['python_setup_py']
[0.271s] Level 1:colcon.colcon_core.package_identification:_identify(src) by extension 'python_setup_py'
[0.271s] Level 1:colcon.colcon_core.package_identification:_identify(src/bender_description) by extensions ['ignore', 'ignore_ament_install']
[0.271s] Level 1:colcon.colcon_core.package_identification:_identify(src/bender_description) by extension 'ignore'
[0.271s] Level 1:colcon.colcon_core.package_identification:_identify(src/bender_description) by extension 'ignore_ament_install'
[0.271s] Level 1:colcon.colcon_core.package_identification:_identify(src/bender_description) by extensions ['colcon_pkg']
[0.272s] Level 1:colcon.colcon_core.package_identification:_identify(src/bender_description) by extension 'colcon_pkg'
[0.272s] Level 1:colcon.colcon_core.package_identification:_identify(src/bender_description) by extensions ['colcon_meta']
[0.272s] Level 1:colcon.colcon_core.package_identification:_identify(src/bender_description) by extension 'colcon_meta'
[0.272s] Level 1:colcon.colcon_core.package_identification:_identify(src/bender_description) by extensions ['ros']
[0.272s] Level 1:colcon.colcon_core.package_identification:_identify(src/bender_description) by extension 'ros'
[0.274s] DEBUG:colcon.colcon_core.package_identification:Package 'src/bender_description' with type 'ros.ament_cmake' and name 'bender_description'
[0.274s] Level 1:colcon.colcon_core.package_identification:_identify(src/bender_manipulation) by extensions ['ignore', 'ignore_ament_install']
[0.274s] Level 1:colcon.colcon_core.package_identification:_identify(src/bender_manipulation) by extension 'ignore'
[0.275s] Level 1:colcon.colcon_core.package_identification:_identify(src/bender_manipulation) by extension 'ignore_ament_install'
[0.275s] Level 1:colcon.colcon_core.package_identification:_identify(src/bender_manipulation) by extensions ['colcon_pkg']
[0.275s] Level 1:colcon.colcon_core.package_identification:_identify(src/bender_manipulation) by extension 'colcon_pkg'
[0.275s] Level 1:colcon.colcon_core.package_identification:_identify(src/bender_manipulation) by extensions ['colcon_meta']
[0.275s] Level 1:colcon.colcon_core.package_identification:_identify(src/bender_manipulation) by extension 'colcon_meta'
[0.275s] Level 1:colcon.colcon_core.package_identification:_identify(src/bender_manipulation) by extensions ['ros']
[0.275s] Level 1:colcon.colcon_core.package_identification:_identify(src/bender_manipulation) by extension 'ros'
[0.275s] DEBUG:colcon.colcon_core.package_identification:Package 'src/bender_manipulation' with type 'ros.ament_cmake' and name 'bender_manipulation'
[0.275s] Level 1:colcon.colcon_core.package_identification:_identify(src/bender_moveit_config) by extensions ['ignore', 'ignore_ament_install']
[0.276s] Level 1:colcon.colcon_core.package_identification:_identify(src/bender_moveit_config) by extension 'ignore'
[0.276s] Level 1:colcon.colcon_core.package_identification:_identify(src/bender_moveit_config) by extension 'ignore_ament_install'
[0.276s] Level 1:colcon.colcon_core.package_identification:_identify(src/bender_moveit_config) by extensions ['colcon_pkg']
[0.276s] Level 1:colcon.colcon_core.package_identification:_identify(src/bender_moveit_config) by extension 'colcon_pkg'
[0.276s] Level 1:colcon.colcon_core.package_identification:_identify(src/bender_moveit_config) by extensions ['colcon_meta']
[0.276s] Level 1:colcon.colcon_core.package_identification:_identify(src/bender_moveit_config) by extension 'colcon_meta'
[0.276s] Level 1:colcon.colcon_core.package_identification:_identify(src/bender_moveit_config) by extensions ['ros']
[0.276s] Level 1:colcon.colcon_core.package_identification:_identify(src/bender_moveit_config) by extension 'ros'
[0.277s] DEBUG:colcon.colcon_core.package_identification:Package 'src/bender_moveit_config' with type 'ros.ament_cmake' and name 'bender_moveit_config'
[0.277s] Level 1:colcon.colcon_core.package_identification:_identify(src/bender_moveit_scripts) by extensions ['ignore', 'ignore_ament_install']
[0.277s] Level 1:colcon.colcon_core.package_identification:_identify(src/bender_moveit_scripts) by extension 'ignore'
[0.277s] Level 1:colcon.colcon_core.package_identification:_identify(src/bender_moveit_scripts) by extension 'ignore_ament_install'
[0.277s] Level 1:colcon.colcon_core.package_identification:_identify(src/bender_moveit_scripts) by extensions ['colcon_pkg']
[0.277s] Level 1:colcon.colcon_core.package_identification:_identify(src/bender_moveit_scripts) by extension 'colcon_pkg'
[0.277s] Level 1:colcon.colcon_core.package_identification:_identify(src/bender_moveit_scripts) by extensions ['colcon_meta']
[0.277s] Level 1:colcon.colcon_core.package_identification:_identify(src/bender_moveit_scripts) by extension 'colcon_meta'
[0.277s] Level 1:colcon.colcon_core.package_identification:_identify(src/bender_moveit_scripts) by extensions ['ros']
[0.277s] Level 1:colcon.colcon_core.package_identification:_identify(src/bender_moveit_scripts) by extension 'ros'
[0.278s] DEBUG:colcon.colcon_core.package_identification:Package 'src/bender_moveit_scripts' with type 'ros.ament_python' and name 'bender_moveit_scripts'
[0.278s] Level 1:colcon.colcon_core.package_identification:_identify(src/bender_perception) by extensions ['ignore', 'ignore_ament_install']
[0.278s] Level 1:colcon.colcon_core.package_identification:_identify(src/bender_perception) by extension 'ignore'
[0.278s] Level 1:colcon.colcon_core.package_identification:_identify(src/bender_perception) by extension 'ignore_ament_install'
[0.278s] Level 1:colcon.colcon_core.package_identification:_identify(src/bender_perception) by extensions ['colcon_pkg']
[0.278s] Level 1:colcon.colcon_core.package_identification:_identify(src/bender_perception) by extension 'colcon_pkg'
[0.279s] Level 1:colcon.colcon_core.package_identification:_identify(src/bender_perception) by extensions ['colcon_meta']
[0.279s] Level 1:colcon.colcon_core.package_identification:_identify(src/bender_perception) by extension 'colcon_meta'
[0.279s] Level 1:colcon.colcon_core.package_identification:_identify(src/bender_perception) by extensions ['ros']
[0.279s] Level 1:colcon.colcon_core.package_identification:_identify(src/bender_perception) by extension 'ros'
[0.279s] DEBUG:colcon.colcon_core.package_identification:Package 'src/bender_perception' with type 'ros.ament_python' and name 'bender_perception'
[0.279s] Level 1:colcon.colcon_core.package_identification:_identify(src/bender_pick_place_cpp) by extensions ['ignore', 'ignore_ament_install']
[0.279s] Level 1:colcon.colcon_core.package_identification:_identify(src/bender_pick_place_cpp) by extension 'ignore'
[0.280s] Level 1:colcon.colcon_core.package_identification:_identify(src/bender_pick_place_cpp) by extension 'ignore_ament_install'
[0.280s] Level 1:colcon.colcon_core.package_identification:_identify(src/bender_pick_place_cpp) by extensions ['colcon_pkg']
[0.280s] Level 1:colcon.colcon_core.package_identification:_identify(src/bender_pick_place_cpp) by extension 'colcon_pkg'
[0.280s] Level 1:colcon.colcon_core.package_identification:_identify(src/bender_pick_place_cpp) by extensions ['colcon_meta']
[0.280s] Level 1:colcon.colcon_core.package_identification:_identify(src/bender_pick_place_cpp) by extension 'colcon_meta'
[0.280s] Level 1:colcon.colcon_core.package_identification:_identify(src/bender_pick_place_cpp) by extensions ['ros']
[0.280s] Level 1:colcon.colcon_core.package_identification:_identify(src/bender_pick_place_cpp) by extension 'ros'
[0.281s] DEBUG:colcon.colcon_core.package_identification:Package 'src/bender_pick_place_cpp' with type 'ros.ament_cmake' and name 'bender_pick_place_cpp'
[0.281s] Level 1:colcon.colcon_core.package_discovery:discover_packages(recursive) using defaults
[0.281s] Level 1:colcon.colcon_core.package_discovery:discover_packages(ignore) discover
[0.281s] Level 1:colcon.colcon_core.package_discovery:discover_packages(ignore) using defaults
[0.281s] Level 1:colcon.colcon_core.package_discovery:discover_packages(path) discover
[0.281s] Level 1:colcon.colcon_core.package_discovery:discover_packages(path) using defaults
[0.305s] Level 1:colcon.colcon_core.package_discovery:discover_packages(prefix_path) check parameters
[0.305s] Level 1:colcon.colcon_core.package_discovery:discover_packages(prefix_path) discover
[0.306s] WARNING:colcon.colcon_ros.prefix_path.ament:The path '/home/robotica-06/bender_ws/bender_manipulacion/install' in the environment variable AMENT_PREFIX_PATH doesn't contain any 'local_setup.*' files.
[0.311s] DEBUG:colcon.colcon_installed_package_information.package_discovery:Found 0 installed packages in /home/robotica-06/bender_ws/bender_manipulacion/install
[0.315s] DEBUG:colcon.colcon_installed_package_information.package_discovery:Found 71 installed packages in /home/robotica-06/ws_moveit/install
[0.319s] DEBUG:colcon.colcon_installed_package_information.package_discovery:Found 429 installed packages in /opt/ros/jazzy
[0.323s] Level 1:colcon.colcon_core.package_discovery:discover_packages(prefix_path) using defaults
[0.437s] Level 5:colcon.colcon_core.verb:set package 'bender_description' build argument 'cmake_args' from command line to 'None'
[0.437s] Level 5:colcon.colcon_core.verb:set package 'bender_description' build argument 'cmake_target' from command line to 'None'
[0.437s] Level 5:colcon.colcon_core.verb:set package 'bender_description' build argument 'cmake_target_skip_unavailable' from command line to 'False'
[0.437s] Level 5:colcon.colcon_core.verb:set package 'bender_description' build argument 'cmake_clean_cache' from command line to 'False'
[0.437s] Level 5:colcon.colcon_core.verb:set package 'bender_description' build argument 'cmake_clean_first' from command line to 'False'
[0.437s] Level 5:colcon.colcon_core.verb:set package 'bender_description' build argument 'cmake_force_configure' from command line to 'False'
[0.437s] Level 5:colcon.colcon_core.verb:set package 'bender_description' build argument 'ament_cmake_args' from command line to 'None'
[0.437s] Level 5:colcon.colcon_core.verb:set package 'bender_description' build argument 'catkin_cmake_args' from command line to 'None'
[0.437s] Level 5:colcon.colcon_core.verb:set package 'bender_description' build argument 'catkin_skip_building_tests' from command line to 'False'
[0.437s] DEBUG:colcon.colcon_core.verb:Building package 'bender_description' with the following arguments: {'ament_cmake_args': None, 'build_base': '/home/robotica-06/bender_ws/bender_manipulacion/build/bender_description', 'catkin_cmake_args': None, 'catkin_skip_building_tests': False, 'cmake_args': None, 'cmake_clean_cache': False, 'cmake_clean_first': False, 'cmake_force_configure': False, 'cmake_target': None, 'cmake_target_skip_unavailable': False, 'install_base': '/home/robotica-06/bender_ws/bender_manipulacion/install', 'merge_install': True, 'path': '/home/robotica-06/bender_ws/bender_manipulacion/src/bender_description', 'symlink_install': False, 'test_result_base': None}
[0.438s] Level 5:colcon.colcon_core.verb:set package 'bender_manipulation' build argument 'cmake_args' from command line to 'None'
[0.438s] Level 5:colcon.colcon_core.verb:set package 'bender_manipulation' build argument 'cmake_target' from command line to 'None'
[0.438s] Level 5:colcon.colcon_core.verb:set package 'bender_manipulation' build argument 'cmake_target_skip_unavailable' from command line to 'False'
[0.438s] Level 5:colcon.colcon_core.verb:set package 'bender_manipulation' build argument 'cmake_clean_cache' from command line to 'False'
[0.438s] Level 5:colcon.colcon_core.verb:set package 'bender_manipulation' build argument 'cmake_clean_first' from command line to 'False'
[0.438s] Level 5:colcon.colcon_core.verb:set package 'bender_manipulation' build argument 'cmake_force_configure' from command line to 'False'
[0.438s] Level 5:colcon.colcon_core.verb:set package 'bender_manipulation' build argument 'ament_cmake_args' from command line to 'None'
[0.438s] Level 5:colcon.colcon_core.verb:set package 'bender_manipulation' build argument 'catkin_cmake_args' from command line to 'None'
[0.438s] Level 5:colcon.colcon_core.verb:set package 'bender_manipulation' build argument 'catkin_skip_building_tests' from command line to 'False'
[0.438s] DEBUG:colcon.colcon_core.verb:Building package 'bender_manipulation' with the following arguments: {'ament_cmake_args': None, 'build_base': '/home/robotica-06/bender_ws/bender_manipulacion/build/bender_manipulation', 'catkin_cmake_args': None, 'catkin_skip_building_tests': False, 'cmake_args': None, 'cmake_clean_cache': False, 'cmake_clean_first': False, 'cmake_force_configure': False, 'cmake_target': None, 'cmake_target_skip_unavailable': False, 'install_base': '/home/robotica-06/bender_ws/bender_manipulacion/install', 'merge_install': True, 'path': '/home/robotica-06/bender_ws/bender_manipulacion/src/bender_manipulation', 'symlink_install': False, 'test_result_base': None}
[0.438s] Level 5:colcon.colcon_core.verb:set package 'bender_moveit_scripts' build argument 'cmake_args' from command line to 'None'
[0.438s] Level 5:colcon.colcon_core.verb:set package 'bender_moveit_scripts' build argument 'cmake_target' from command line to 'None'
[0.438s] Level 5:colcon.colcon_core.verb:set package 'bender_moveit_scripts' build argument 'cmake_target_skip_unavailable' from command line to 'False'
[0.438s] Level 5:colcon.colcon_core.verb:set package 'bender_moveit_scripts' build argument 'cmake_clean_cache' from command line to 'False'
[0.438s] Level 5:colcon.colcon_core.verb:set package 'bender_moveit_scripts' build argument 'cmake_clean_first' from command line to 'False'
[0.439s] Level 5:colcon.colcon_core.verb:set package 'bender_moveit_scripts' build argument 'cmake_force_configure' from command line to 'False'
[0.439s] Level 5:colcon.colcon_core.verb:set package 'bender_moveit_scripts' build argument 'ament_cmake_args' from command line to 'None'
[0.439s] Level 5:colcon.colcon_core.verb:set package 'bender_moveit_scripts' build argument 'catkin_cmake_args' from command line to 'None'
[0.439s] Level 5:colcon.colcon_core.verb:set package 'bender_moveit_scripts' build argument 'catkin_skip_building_tests' from command line to 'False'
[0.439s] DEBUG:colcon.colcon_core.verb:Building package 'bender_moveit_scripts' with the following arguments: {'ament_cmake_args': None, 'build_base': '/home/robotica-06/bender_ws/bender_manipulacion/build/bender_moveit_scripts', 'catkin_cmake_args': None, 'catkin_skip_building_tests': False, 'cmake_args': None, 'cmake_clean_cache': False, 'cmake_clean_first': False, 'cmake_force_configure': False, 'cmake_target': None, 'cmake_target_skip_unavailable': False, 'install_base': '/home/robotica-06/bender_ws/bender_manipulacion/install', 'merge_install': True, 'path': '/home/robotica-06/bender_ws/bender_manipulacion/src/bender_moveit_scripts', 'symlink_install': False, 'test_result_base': None}
[0.439s] Level 5:colcon.colcon_core.verb:set package 'bender_perception' build argument 'cmake_args' from command line to 'None'
[0.439s] Level 5:colcon.colcon_core.verb:set package 'bender_perception' build argument 'cmake_target' from command line to 'None'
[0.439s] Level 5:colcon.colcon_core.verb:set package 'bender_perception' build argument 'cmake_target_skip_unavailable' from command line to 'False'
[0.439s] Level 5:colcon.colcon_core.verb:set package 'bender_perception' build argument 'cmake_clean_cache' from command line to 'False'
[0.439s] Level 5:colcon.colcon_core.verb:set package 'bender_perception' build argument 'cmake_clean_first' from command line to 'False'
[0.439s] Level 5:colcon.colcon_core.verb:set package 'bender_perception' build argument 'cmake_force_configure' from command line to 'False'
[0.439s] Level 5:colcon.colcon_core.verb:set package 'bender_perception' build argument 'ament_cmake_args' from command line to 'None'
[0.439s] Level 5:colcon.colcon_core.verb:set package 'bender_perception' build argument 'catkin_cmake_args' from command line to 'None'
[0.439s] Level 5:colcon.colcon_core.verb:set package 'bender_perception' build argument 'catkin_skip_building_tests' from command line to 'False'
[0.439s] DEBUG:colcon.colcon_core.verb:Building package 'bender_perception' with the following arguments: {'ament_cmake_args': None, 'build_base': '/home/robotica-06/bender_ws/bender_manipulacion/build/bender_perception', 'catkin_cmake_args': None, 'catkin_skip_building_tests': False, 'cmake_args': None, 'cmake_clean_cache': False, 'cmake_clean_first': False, 'cmake_force_configure': False, 'cmake_target': None, 'cmake_target_skip_unavailable': False, 'install_base': '/home/robotica-06/bender_ws/bender_manipulacion/install', 'merge_install': True, 'path': '/home/robotica-06/bender_ws/bender_manipulacion/src/bender_perception', 'symlink_install': False, 'test_result_base': None}
[0.440s] Level 5:colcon.colcon_core.verb:set package 'bender_pick_place_cpp' build argument 'cmake_args' from command line to 'None'
[0.440s] Level 5:colcon.colcon_core.verb:set package 'bender_pick_place_cpp' build argument 'cmake_target' from command line to 'None'
[0.440s] Level 5:colcon.colcon_core.verb:set package 'bender_pick_place_cpp' build argument 'cmake_target_skip_unavailable' from command line to 'False'
[0.440s] Level 5:colcon.colcon_core.verb:set package 'bender_pick_place_cpp' build argument 'cmake_clean_cache' from command line to 'False'
[0.440s] Level 5:colcon.colcon_core.verb:set package 'bender_pick_place_cpp' build argument 'cmake_clean_first' from command line to 'False'
[0.440s] Level 5:colcon.colcon_core.verb:set package 'bender_pick_place_cpp' build argument 'cmake_force_configure' from command line to 'False'
[0.440s] Level 5:colcon.colcon_core.verb:set package 'bender_pick_place_cpp' build argument 'ament_cmake_args' from command line to 'None'
[0.440s] Level 5:colcon.colcon_core.verb:set package 'bender_pick_place_cpp' build argument 'catkin_cmake_args' from command line to 'None'
[0.440s] Level 5:colcon.colcon_core.verb:set package 'bender_pick_place_cpp' build argument 'catkin_skip_building_tests' from command line to 'False'
[0.440s] DEBUG:colcon.colcon_core.verb:Building package 'bender_pick_place_cpp' with the following arguments: {'ament_cmake_args': None, 'build_base': '/home/robotica-06/bender_ws/bender_manipulacion/build/bender_pick_place_cpp', 'catkin_cmake_args': None, 'catkin_skip_building_tests': False, 'cmake_args': None, 'cmake_clean_cache': False, 'cmake_clean_first': False, 'cmake_force_configure': False, 'cmake_target': None, 'cmake_target_skip_unavailable': False, 'install_base': '/home/robotica-06/bender_ws/bender_manipulacion/install', 'merge_install': True, 'path': '/home/robotica-06/bender_ws/bender_manipulacion/src/bender_pick_place_cpp', 'symlink_install': False, 'test_result_base': None}
[0.440s] Level 5:colcon.colcon_core.verb:set package 'bender_moveit_config' build argument 'cmake_args' from command line to 'None'
[0.440s] Level 5:colcon.colcon_core.verb:set package 'bender_moveit_config' build argument 'cmake_target' from command line to 'None'
[0.440s] Level 5:colcon.colcon_core.verb:set package 'bender_moveit_config' build argument 'cmake_target_skip_unavailable' from command line to 'False'
[0.440s] Level 5:colcon.colcon_core.verb:set package 'bender_moveit_config' build argument 'cmake_clean_cache' from command line to 'False'
[0.440s] Level 5:colcon.colcon_core.verb:set package 'bender_moveit_config' build argument 'cmake_clean_first' from command line to 'False'
[0.440s] Level 5:colcon.colcon_core.verb:set package 'bender_moveit_config' build argument 'cmake_force_configure' from command line to 'False'
[0.440s] Level 5:colcon.colcon_core.verb:set package 'bender_moveit_config' build argument 'ament_cmake_args' from command line to 'None'
[0.440s] Level 5:colcon.colcon_core.verb:set package 'bender_moveit_config' build argument 'catkin_cmake_args' from command line to 'None'
[0.440s] Level 5:colcon.colcon_core.verb:set package 'bender_moveit_config' build argument 'catkin_skip_building_tests' from command line to 'False'
[0.441s] DEBUG:colcon.colcon_core.verb:Building package 'bender_moveit_config' with the following arguments: {'ament_cmake_args': None, 'build_base': '/home/robotica-06/bender_ws/bender_manipulacion/build/bender_moveit_config', 'catkin_cmake_args': None, 'catkin_skip_building_tests': False, 'cmake_args': None, 'cmake_clean_cache': False, 'cmake_clean_first': False, 'cmake_force_configure': False, 'cmake_target': None, 'cmake_target_skip_unavailable': False, 'install_base': '/home/robotica-06/bender_ws/bender_manipulacion/install', 'merge_install': True, 'path': '/home/robotica-06/bender_ws/bender_manipulacion/src/bender_moveit_config', 'symlink_install': False, 'test_result_base': None}
[0.441s] INFO:colcon.colcon_core.executor:Executing jobs using 'parallel' executor
[0.442s] DEBUG:colcon.colcon_parallel_executor.executor.parallel:run_until_complete
[0.442s] INFO:colcon.colcon_ros.task.ament_cmake.build:Building ROS package in '/home/robotica-06/bender_ws/bender_manipulacion/src/bender_description' with build type 'ament_cmake'
[0.442s] INFO:colcon.colcon_cmake.task.cmake.build:Building CMake package in '/home/robotica-06/bender_ws/bender_manipulacion/src/bender_description'
[0.445s] INFO:colcon.colcon_core.plugin_system:Skipping extension 'colcon_core.shell.bat': Not used on non-Windows systems
[0.445s] INFO:colcon.colcon_core.shell:Skip shell extension 'powershell' for command environment: Not usable outside of PowerShell
[0.446s] DEBUG:colcon.colcon_core.shell:Skip shell extension 'dsv' for command environment
[0.467s] INFO:colcon.colcon_ros.task.ament_cmake.build:Building ROS package in '/home/robotica-06/bender_ws/bender_manipulacion/src/bender_manipulation' with build type 'ament_cmake'
[0.467s] INFO:colcon.colcon_cmake.task.cmake.build:Building CMake package in '/home/robotica-06/bender_ws/bender_manipulacion/src/bender_manipulation'
[0.467s] INFO:colcon.colcon_core.shell:Skip shell extension 'powershell' for command environment: Not usable outside of PowerShell
[0.467s] DEBUG:colcon.colcon_core.shell:Skip shell extension 'dsv' for command environment
[0.490s] INFO:colcon.colcon_ros.task.ament_python.build:Building ROS package in '/home/robotica-06/bender_ws/bender_manipulacion/src/bender_moveit_scripts' with build type 'ament_python'
[0.490s] Level 1:colcon.colcon_core.shell:create_environment_hook('bender_moveit_scripts', 'ament_prefix_path')
[0.490s] INFO:colcon.colcon_core.shell:Creating environment hook '/home/robotica-06/bender_ws/bender_manipulacion/install/share/bender_moveit_scripts/hook/ament_prefix_path.ps1'
[0.491s] INFO:colcon.colcon_core.shell:Creating environment descriptor '/home/robotica-06/bender_ws/bender_manipulacion/install/share/bender_moveit_scripts/hook/ament_prefix_path.dsv'
[0.492s] INFO:colcon.colcon_core.shell:Creating environment hook '/home/robotica-06/bender_ws/bender_manipulacion/install/share/bender_moveit_scripts/hook/ament_prefix_path.sh'
[0.493s] INFO:colcon.colcon_core.shell:Skip shell extension 'powershell' for command environment: Not usable outside of PowerShell
[0.493s] DEBUG:colcon.colcon_core.shell:Skip shell extension 'dsv' for command environment
[0.506s] INFO:colcon.colcon_ros.task.ament_python.build:Building ROS package in '/home/robotica-06/bender_ws/bender_manipulacion/src/bender_perception' with build type 'ament_python'
[0.507s] Level 1:colcon.colcon_core.shell:create_environment_hook('bender_perception', 'ament_prefix_path')
[0.507s] INFO:colcon.colcon_core.shell:Creating environment hook '/home/robotica-06/bender_ws/bender_manipulacion/install/share/bender_perception/hook/ament_prefix_path.ps1'
[0.508s] INFO:colcon.colcon_core.shell:Creating environment descriptor '/home/robotica-06/bender_ws/bender_manipulacion/install/share/bender_perception/hook/ament_prefix_path.dsv'
[0.509s] INFO:colcon.colcon_core.shell:Creating environment hook '/home/robotica-06/bender_ws/bender_manipulacion/install/share/bender_perception/hook/ament_prefix_path.sh'
[0.510s] INFO:colcon.colcon_core.shell:Skip shell extension 'powershell' for command environment: Not usable outside of PowerShell
[0.510s] DEBUG:colcon.colcon_core.shell:Skip shell extension 'dsv' for command environment
[0.533s] INFO:colcon.colcon_ros.task.ament_cmake.build:Building ROS package in '/home/robotica-06/bender_ws/bender_manipulacion/src/bender_pick_place_cpp' with build type 'ament_cmake'
[0.534s] INFO:colcon.colcon_cmake.task.cmake.build:Building CMake package in '/home/robotica-06/bender_ws/bender_manipulacion/src/bender_pick_place_cpp'
[0.534s] INFO:colcon.colcon_core.shell:Skip shell extension 'powershell' for command environment: Not usable outside of PowerShell
[0.534s] DEBUG:colcon.colcon_core.shell:Skip shell extension 'dsv' for command environment
[0.560s] DEBUG:colcon.colcon_core.event_handler.log_command:Invoking command in '/home/robotica-06/bender_ws/bender_manipulacion/build/bender_description': CMAKE_PREFIX_PATH=${CMAKE_PREFIX_PATH}:/home/robotica-06/ws_moveit/install/moveit_configs_utils:/opt/ros/jazzy DEBUGINFOD_URLS=https://debuginfod.ubuntu.com /usr/bin/cmake /home/robotica-06/bender_ws/bender_manipulacion/src/bender_description -DCMAKE_INSTALL_PREFIX=/home/robotica-06/bender_ws/bender_manipulacion/install
[0.565s] DEBUG:colcon.colcon_core.event_handler.log_command:Invoking command in '/home/robotica-06/bender_ws/bender_manipulacion/build/bender_manipulation': CMAKE_PREFIX_PATH=${CMAKE_PREFIX_PATH}:/home/robotica-06/ws_moveit/install/moveit_configs_utils:/opt/ros/jazzy DEBUGINFOD_URLS=https://debuginfod.ubuntu.com /usr/bin/cmake /home/robotica-06/bender_ws/bender_manipulacion/src/bender_manipulation -DCMAKE_INSTALL_PREFIX=/home/robotica-06/bender_ws/bender_manipulacion/install
[0.978s] INFO:colcon.colcon_core.task.python.build:Building Python package in '/home/robotica-06/bender_ws/bender_manipulacion/src/bender_moveit_scripts'
[0.979s] INFO:colcon.colcon_core.shell:Skip shell extension 'powershell' for command environment: Not usable outside of PowerShell
[0.979s] DEBUG:colcon.colcon_core.shell:Skip shell extension 'dsv' for command environment
[1.421s] INFO:colcon.colcon_core.task.python.build:Building Python package in '/home/robotica-06/bender_ws/bender_manipulacion/src/bender_perception'
[1.422s] INFO:colcon.colcon_core.shell:Skip shell extension 'powershell' for command environment: Not usable outside of PowerShell
[1.422s] DEBUG:colcon.colcon_core.shell:Skip shell extension 'dsv' for command environment
[1.451s] DEBUG:colcon.colcon_core.event_handler.log_command:Invoking command in '/home/robotica-06/bender_ws/bender_manipulacion/build/bender_pick_place_cpp': CMAKE_PREFIX_PATH=${CMAKE_PREFIX_PATH}:/home/robotica-06/ws_moveit/install/moveit_configs_utils:/opt/ros/jazzy DEBUGINFOD_URLS=https://debuginfod.ubuntu.com /usr/bin/cmake /home/robotica-06/bender_ws/bender_manipulacion/src/bender_pick_place_cpp -DCMAKE_INSTALL_PREFIX=/home/robotica-06/bender_ws/bender_manipulacion/install
[2.172s] DEBUG:colcon.colcon_core.event_handler.log_command:Invoked command in '/home/robotica-06/bender_ws/bender_manipulacion/build/bender_description' returned '0': CMAKE_PREFIX_PATH=${CMAKE_PREFIX_PATH}:/home/robotica-06/ws_moveit/install/moveit_configs_utils:/opt/ros/jazzy DEBUGINFOD_URLS=https://debuginfod.ubuntu.com /usr/bin/cmake /home/robotica-06/bender_ws/bender_manipulacion/src/bender_description -DCMAKE_INSTALL_PREFIX=/home/robotica-06/bender_ws/bender_manipulacion/install
[2.175s] DEBUG:colcon.colcon_core.event_handler.log_command:Invoking command in '/home/robotica-06/bender_ws/bender_manipulacion/build/bender_description': CMAKE_PREFIX_PATH=${CMAKE_PREFIX_PATH}:/home/robotica-06/ws_moveit/install/moveit_configs_utils:/opt/ros/jazzy DEBUGINFOD_URLS=https://debuginfod.ubuntu.com /usr/bin/cmake --build /home/robotica-06/bender_ws/bender_manipulacion/build/bender_description -- -j8 -l8
[2.184s] DEBUG:colcon.colcon_core.event_handler.log_command:Invoked command in '/home/robotica-06/bender_ws/bender_manipulacion/build/bender_manipulation' returned '0': CMAKE_PREFIX_PATH=${CMAKE_PREFIX_PATH}:/home/robotica-06/ws_moveit/install/moveit_configs_utils:/opt/ros/jazzy DEBUGINFOD_URLS=https://debuginfod.ubuntu.com /usr/bin/cmake /home/robotica-06/bender_ws/bender_manipulacion/src/bender_manipulation -DCMAKE_INSTALL_PREFIX=/home/robotica-06/bender_ws/bender_manipulacion/install
[2.186s] DEBUG:colcon.colcon_core.event_handler.log_command:Invoking command in '/home/robotica-06/bender_ws/bender_manipulacion/build/bender_manipulation': CMAKE_PREFIX_PATH=${CMAKE_PREFIX_PATH}:/home/robotica-06/ws_moveit/install/moveit_configs_utils:/opt/ros/jazzy DEBUGINFOD_URLS=https://debuginfod.ubuntu.com /usr/bin/cmake --build /home/robotica-06/bender_ws/bender_manipulacion/build/bender_manipulation -- -j8 -l8
[2.268s] DEBUG:colcon.colcon_core.event_handler.log_command:Invoked command in '/home/robotica-06/bender_ws/bender_manipulacion/build/bender_description' returned '0': CMAKE_PREFIX_PATH=${CMAKE_PREFIX_PATH}:/home/robotica-06/ws_moveit/install/moveit_configs_utils:/opt/ros/jazzy DEBUGINFOD_URLS=https://debuginfod.ubuntu.com /usr/bin/cmake --build /home/robotica-06/bender_ws/bender_manipulacion/build/bender_description -- -j8 -l8
[2.292s] DEBUG:colcon.colcon_core.event_handler.log_command:Invoking command in '/home/robotica-06/bender_ws/bender_manipulacion/build/bender_description': CMAKE_PREFIX_PATH=${CMAKE_PREFIX_PATH}:/home/robotica-06/ws_moveit/install/moveit_configs_utils:/opt/ros/jazzy DEBUGINFOD_URLS=https://debuginfod.ubuntu.com /usr/bin/cmake --install /home/robotica-06/bender_ws/bender_manipulacion/build/bender_description
[2.299s] DEBUG:colcon.colcon_core.event_handler.log_command:Invoked command in '/home/robotica-06/bender_ws/bender_manipulacion/build/bender_manipulation' returned '0': CMAKE_PREFIX_PATH=${CMAKE_PREFIX_PATH}:/home/robotica-06/ws_moveit/install/moveit_configs_utils:/opt/ros/jazzy DEBUGINFOD_URLS=https://debuginfod.ubuntu.com /usr/bin/cmake --build /home/robotica-06/bender_ws/bender_manipulacion/build/bender_manipulation -- -j8 -l8
[2.299s] DEBUG:colcon.colcon_core.event_handler.log_command:Invoking command in '/home/robotica-06/bender_ws/bender_manipulacion/build/bender_manipulation': CMAKE_PREFIX_PATH=${CMAKE_PREFIX_PATH}:/home/robotica-06/ws_moveit/install/moveit_configs_utils:/opt/ros/jazzy DEBUGINFOD_URLS=https://debuginfod.ubuntu.com /usr/bin/cmake --install /home/robotica-06/bender_ws/bender_manipulacion/build/bender_manipulation
[2.349s] Level 1:colcon.colcon_core.environment:create_environment_scripts_only(bender_manipulation)
[2.351s] DEBUG:colcon.colcon_core.event_handler.log_command:Invoked command in '/home/robotica-06/bender_ws/bender_manipulacion/build/bender_manipulation' returned '0': CMAKE_PREFIX_PATH=${CMAKE_PREFIX_PATH}:/home/robotica-06/ws_moveit/install/moveit_configs_utils:/opt/ros/jazzy DEBUGINFOD_URLS=https://debuginfod.ubuntu.com /usr/bin/cmake --install /home/robotica-06/bender_ws/bender_manipulacion/build/bender_manipulation
[2.365s] Level 1:colcon.colcon_core.environment:checking '/home/robotica-06/bender_ws/bender_manipulacion/install' for CMake module files
[2.368s] Level 1:colcon.colcon_core.environment:checking '/home/robotica-06/bender_ws/bender_manipulacion/install' for CMake config files
[2.369s] Level 1:colcon.colcon_core.shell:create_environment_hook('bender_manipulation', 'cmake_prefix_path')
[2.369s] INFO:colcon.colcon_core.shell:Creating environment hook '/home/robotica-06/bender_ws/bender_manipulacion/install/share/bender_manipulation/hook/cmake_prefix_path.ps1'
[2.372s] INFO:colcon.colcon_core.shell:Creating environment descriptor '/home/robotica-06/bender_ws/bender_manipulacion/install/share/bender_manipulation/hook/cmake_prefix_path.dsv'
[2.372s] INFO:colcon.colcon_core.shell:Creating environment hook '/home/robotica-06/bender_ws/bender_manipulacion/install/share/bender_manipulation/hook/cmake_prefix_path.sh'
[2.374s] Level 1:colcon.colcon_core.environment:checking '/home/robotica-06/bender_ws/bender_manipulacion/install/lib'
[2.375s] Level 1:colcon.colcon_core.environment:checking '/home/robotica-06/bender_ws/bender_manipulacion/install/bin'
[2.375s] Level 1:colcon.colcon_core.environment:checking '/home/robotica-06/bender_ws/bender_manipulacion/install/lib/pkgconfig/bender_manipulation.pc'
[2.375s] Level 1:colcon.colcon_core.environment:checking '/home/robotica-06/bender_ws/bender_manipulacion/install/lib/python3.12/site-packages'
[2.376s] Level 1:colcon.colcon_core.shell:create_environment_hook('bender_manipulation', 'pythonpath')
[2.376s] INFO:colcon.colcon_core.shell:Creating environment hook '/home/robotica-06/bender_ws/bender_manipulacion/install/share/bender_manipulation/hook/pythonpath.ps1'
[2.377s] INFO:colcon.colcon_core.shell:Creating environment descriptor '/home/robotica-06/bender_ws/bender_manipulacion/install/share/bender_manipulation/hook/pythonpath.dsv'
[2.378s] INFO:colcon.colcon_core.shell:Creating environment hook '/home/robotica-06/bender_ws/bender_manipulacion/install/share/bender_manipulation/hook/pythonpath.sh'
[2.379s] Level 1:colcon.colcon_core.environment:checking '/home/robotica-06/bender_ws/bender_manipulacion/install/bin'
[2.380s] INFO:colcon.colcon_core.shell:Creating package script '/home/robotica-06/bender_ws/bender_manipulacion/install/share/bender_manipulation/package.ps1'
[2.383s] INFO:colcon.colcon_core.shell:Creating package descriptor '/home/robotica-06/bender_ws/bender_manipulacion/install/share/bender_manipulation/package.dsv'
[2.384s] INFO:colcon.colcon_core.shell:Creating package script '/home/robotica-06/bender_ws/bender_manipulacion/install/share/bender_manipulation/package.sh'
[2.389s] INFO:colcon.colcon_core.shell:Creating package script '/home/robotica-06/bender_ws/bender_manipulacion/install/share/bender_manipulation/package.bash'
[2.390s] INFO:colcon.colcon_core.shell:Creating package script '/home/robotica-06/bender_ws/bender_manipulacion/install/share/bender_manipulation/package.zsh'
[2.391s] Level 1:colcon.colcon_core.environment:create_file_with_runtime_dependencies(/home/robotica-06/bender_ws/bender_manipulacion/install/share/colcon-core/packages/bender_manipulation)
[2.392s] Level 1:colcon.colcon_core.environment:create_environment_scripts_only(bender_manipulation)
[2.392s] Level 1:colcon.colcon_core.environment:checking '/home/robotica-06/bender_ws/bender_manipulacion/install' for CMake module files
[2.394s] Level 1:colcon.colcon_core.environment:checking '/home/robotica-06/bender_ws/bender_manipulacion/install' for CMake config files
[2.395s] Level 1:colcon.colcon_core.shell:create_environment_hook('bender_manipulation', 'cmake_prefix_path')
[2.395s] INFO:colcon.colcon_core.shell:Creating environment hook '/home/robotica-06/bender_ws/bender_manipulacion/install/share/bender_manipulation/hook/cmake_prefix_path.ps1'
[2.396s] INFO:colcon.colcon_core.shell:Creating environment descriptor '/home/robotica-06/bender_ws/bender_manipulacion/install/share/bender_manipulation/hook/cmake_prefix_path.dsv'
[2.396s] INFO:colcon.colcon_core.shell:Creating environment hook '/home/robotica-06/bender_ws/bender_manipulacion/install/share/bender_manipulation/hook/cmake_prefix_path.sh'
[2.397s] Level 1:colcon.colcon_core.environment:checking '/home/robotica-06/bender_ws/bender_manipulacion/install/lib'
[2.397s] Level 1:colcon.colcon_core.environment:checking '/home/robotica-06/bender_ws/bender_manipulacion/install/bin'
[2.397s] Level 1:colcon.colcon_core.environment:checking '/home/robotica-06/bender_ws/bender_manipulacion/install/lib/pkgconfig/bender_manipulation.pc'
[2.398s] Level 1:colcon.colcon_core.environment:checking '/home/robotica-06/bender_ws/bender_manipulacion/install/lib/python3.12/site-packages'
[2.398s] Level 1:colcon.colcon_core.shell:create_environment_hook('bender_manipulation', 'pythonpath')
[2.398s] INFO:colcon.colcon_core.shell:Creating environment hook '/home/robotica-06/bender_ws/bender_manipulacion/install/share/bender_manipulation/hook/pythonpath.ps1'
[2.399s] INFO:colcon.colcon_core.shell:Creating environment descriptor '/home/robotica-06/bender_ws/bender_manipulacion/install/share/bender_manipulation/hook/pythonpath.dsv'
[2.400s] INFO:colcon.colcon_core.shell:Creating environment hook '/home/robotica-06/bender_ws/bender_manipulacion/install/share/bender_manipulation/hook/pythonpath.sh'
[2.401s] Level 1:colcon.colcon_core.environment:checking '/home/robotica-06/bender_ws/bender_manipulacion/install/bin'
[2.401s] INFO:colcon.colcon_core.shell:Creating package script '/home/robotica-06/bender_ws/bender_manipulacion/install/share/bender_manipulation/package.ps1'
[2.402s] INFO:colcon.colcon_core.shell:Creating package descriptor '/home/robotica-06/bender_ws/bender_manipulacion/install/share/bender_manipulation/package.dsv'
[2.404s] INFO:colcon.colcon_core.shell:Creating package script '/home/robotica-06/bender_ws/bender_manipulacion/install/share/bender_manipulation/package.sh'
[2.405s] INFO:colcon.colcon_core.shell:Creating package script '/home/robotica-06/bender_ws/bender_manipulacion/install/share/bender_manipulation/package.bash'
[2.405s] INFO:colcon.colcon_core.shell:Creating package script '/home/robotica-06/bender_ws/bender_manipulacion/install/share/bender_manipulation/package.zsh'
[2.406s] Level 1:colcon.colcon_core.environment:create_file_with_runtime_dependencies(/home/robotica-06/bender_ws/bender_manipulacion/install/share/colcon-core/packages/bender_manipulation)
[2.408s] Level 1:colcon.colcon_core.environment:create_environment_scripts_only(bender_description)
[2.409s] Level 1:colcon.colcon_core.environment:checking '/home/robotica-06/bender_ws/bender_manipulacion/install' for CMake module files
[2.410s] DEBUG:colcon.colcon_core.event_handler.log_command:Invoked command in '/home/robotica-06/bender_ws/bender_manipulacion/build/bender_description' returned '0': CMAKE_PREFIX_PATH=${CMAKE_PREFIX_PATH}:/home/robotica-06/ws_moveit/install/moveit_configs_utils:/opt/ros/jazzy DEBUGINFOD_URLS=https://debuginfod.ubuntu.com /usr/bin/cmake --install /home/robotica-06/bender_ws/bender_manipulacion/build/bender_description
[2.411s] Level 1:colcon.colcon_core.environment:checking '/home/robotica-06/bender_ws/bender_manipulacion/install' for CMake config files
[2.413s] Level 1:colcon.colcon_core.shell:create_environment_hook('bender_description', 'cmake_prefix_path')
[2.413s] INFO:colcon.colcon_core.shell:Creating environment hook '/home/robotica-06/bender_ws/bender_manipulacion/install/share/bender_description/hook/cmake_prefix_path.ps1'
[2.415s] INFO:colcon.colcon_core.shell:Creating environment descriptor '/home/robotica-06/bender_ws/bender_manipulacion/install/share/bender_description/hook/cmake_prefix_path.dsv'
[2.416s] INFO:colcon.colcon_core.shell:Creating environment hook '/home/robotica-06/bender_ws/bender_manipulacion/install/share/bender_description/hook/cmake_prefix_path.sh'
[2.418s] Level 1:colcon.colcon_core.environment:checking '/home/robotica-06/bender_ws/bender_manipulacion/install/lib'
[2.418s] Level 1:colcon.colcon_core.environment:checking '/home/robotica-06/bender_ws/bender_manipulacion/install/bin'
[2.418s] Level 1:colcon.colcon_core.environment:checking '/home/robotica-06/bender_ws/bender_manipulacion/install/lib/pkgconfig/bender_description.pc'
[2.419s] Level 1:colcon.colcon_core.environment:checking '/home/robotica-06/bender_ws/bender_manipulacion/install/lib/python3.12/site-packages'
[2.419s] Level 1:colcon.colcon_core.shell:create_environment_hook('bender_description', 'pythonpath')
[2.419s] INFO:colcon.colcon_core.shell:Creating environment hook '/home/robotica-06/bender_ws/bender_manipulacion/install/share/bender_description/hook/pythonpath.ps1'
[2.421s] INFO:colcon.colcon_core.shell:Creating environment descriptor '/home/robotica-06/bender_ws/bender_manipulacion/install/share/bender_description/hook/pythonpath.dsv'
[2.422s] INFO:colcon.colcon_core.shell:Creating environment hook '/home/robotica-06/bender_ws/bender_manipulacion/install/share/bender_description/hook/pythonpath.sh'
[2.424s] Level 1:colcon.colcon_core.environment:checking '/home/robotica-06/bender_ws/bender_manipulacion/install/bin'
[2.425s] INFO:colcon.colcon_core.shell:Creating package script '/home/robotica-06/bender_ws/bender_manipulacion/install/share/bender_description/package.ps1'
[2.426s] INFO:colcon.colcon_core.shell:Creating package descriptor '/home/robotica-06/bender_ws/bender_manipulacion/install/share/bender_description/package.dsv'
[2.427s] INFO:colcon.colcon_core.shell:Creating package script '/home/robotica-06/bender_ws/bender_manipulacion/install/share/bender_description/package.sh'
[2.428s] INFO:colcon.colcon_core.shell:Creating package script '/home/robotica-06/bender_ws/bender_manipulacion/install/share/bender_description/package.bash'
[2.429s] INFO:colcon.colcon_core.shell:Creating package script '/home/robotica-06/bender_ws/bender_manipulacion/install/share/bender_description/package.zsh'
[2.429s] Level 1:colcon.colcon_core.environment:create_file_with_runtime_dependencies(/home/robotica-06/bender_ws/bender_manipulacion/install/share/colcon-core/packages/bender_description)
[2.430s] Level 1:colcon.colcon_core.environment:create_environment_scripts_only(bender_description)
[2.430s] Level 1:colcon.colcon_core.environment:checking '/home/robotica-06/bender_ws/bender_manipulacion/install' for CMake module files
[2.432s] Level 1:colcon.colcon_core.environment:checking '/home/robotica-06/bender_ws/bender_manipulacion/install' for CMake config files
[2.432s] Level 1:colcon.colcon_core.shell:create_environment_hook('bender_description', 'cmake_prefix_path')
[2.433s] INFO:colcon.colcon_core.shell:Creating environment hook '/home/robotica-06/bender_ws/bender_manipulacion/install/share/bender_description/hook/cmake_prefix_path.ps1'
[2.434s] INFO:colcon.colcon_core.shell:Creating environment descriptor '/home/robotica-06/bender_ws/bender_manipulacion/install/share/bender_description/hook/cmake_prefix_path.dsv'
[2.434s] INFO:colcon.colcon_core.shell:Creating environment hook '/home/robotica-06/bender_ws/bender_manipulacion/install/share/bender_description/hook/cmake_prefix_path.sh'
[2.435s] Level 1:colcon.colcon_core.environment:checking '/home/robotica-06/bender_ws/bender_manipulacion/install/lib'
[2.435s] Level 1:colcon.colcon_core.environment:checking '/home/robotica-06/bender_ws/bender_manipulacion/install/bin'
[2.435s] Level 1:colcon.colcon_core.environment:checking '/home/robotica-06/bender_ws/bender_manipulacion/install/lib/pkgconfig/bender_description.pc'
[2.436s] Level 1:colcon.colcon_core.environment:checking '/home/robotica-06/bender_ws/bender_manipulacion/install/lib/python3.12/site-packages'
[2.436s] Level 1:colcon.colcon_core.shell:create_environment_hook('bender_description', 'pythonpath')
[2.437s] INFO:colcon.colcon_core.shell:Creating environment hook '/home/robotica-06/bender_ws/bender_manipulacion/install/share/bender_description/hook/pythonpath.ps1'
[2.437s] INFO:colcon.colcon_core.shell:Creating environment descriptor '/home/robotica-06/bender_ws/bender_manipulacion/install/share/bender_description/hook/pythonpath.dsv'
[2.438s] INFO:colcon.colcon_core.shell:Creating environment hook '/home/robotica-06/bender_ws/bender_manipulacion/install/share/bender_description/hook/pythonpath.sh'
[2.439s] Level 1:colcon.colcon_core.environment:checking '/home/robotica-06/bender_ws/bender_manipulacion/install/bin'
[2.440s] INFO:colcon.colcon_core.shell:Creating package script '/home/robotica-06/bender_ws/bender_manipulacion/install/share/bender_description/package.ps1'
[2.441s] INFO:colcon.colcon_core.shell:Creating package descriptor '/home/robotica-06/bender_ws/bender_manipulacion/install/share/bender_description/package.dsv'
[2.442s] INFO:colcon.colcon_core.shell:Creating package script '/home/robotica-06/bender_ws/bender_manipulacion/install/share/bender_description/package.sh'
[2.443s] INFO:colcon.colcon_core.shell:Creating package script '/home/robotica-06/bender_ws/bender_manipulacion/install/share/bender_description/package.bash'
[2.443s] INFO:colcon.colcon_core.shell:Creating package script '/home/robotica-06/bender_ws/bender_manipulacion/install/share/bender_description/package.zsh'
[2.444s] Level 1:colcon.colcon_core.environment:create_file_with_runtime_dependencies(/home/robotica-06/bender_ws/bender_manipulacion/install/share/colcon-core/packages/bender_description)
[2.444s] INFO:colcon.colcon_ros.task.ament_cmake.build:Building ROS package in '/home/robotica-06/bender_ws/bender_manipulacion/src/bender_moveit_config' with build type 'ament_cmake'
[2.445s] INFO:colcon.colcon_cmake.task.cmake.build:Building CMake package in '/home/robotica-06/bender_ws/bender_manipulacion/src/bender_moveit_config'
[2.445s] INFO:colcon.colcon_core.shell:Skip shell extension 'powershell' for command environment: Not usable outside of PowerShell
[2.445s] DEBUG:colcon.colcon_core.shell:Skip shell extension 'dsv' for command environment
[2.484s] DEBUG:colcon.colcon_core.event_handler.log_command:Invoking command in '/home/robotica-06/bender_ws/bender_manipulacion/build/bender_moveit_config': CMAKE_PREFIX_PATH=${CMAKE_PREFIX_PATH}:/home/robotica-06/ws_moveit/install/moveit_configs_utils:/opt/ros/jazzy DEBUGINFOD_URLS=https://debuginfod.ubuntu.com /usr/bin/cmake /home/robotica-06/bender_ws/bender_manipulacion/src/bender_moveit_config -DCMAKE_INSTALL_PREFIX=/home/robotica-06/bender_ws/bender_manipulacion/install
[3.053s] DEBUG:colcon.colcon_core.event_handler.log_command:Invoking command in '/home/robotica-06/bender_ws/bender_manipulacion/src/bender_moveit_scripts': DEBUGINFOD_URLS=https://debuginfod.ubuntu.com PYTHONPATH=/home/robotica-06/bender_ws/bender_manipulacion/build/bender_moveit_scripts/prefix_override:/usr/lib/python3/dist-packages/colcon_core/task/python/colcon_distutils_commands:/home/robotica-06/bender_ws/bender_manipulacion/install/lib/python3.12/site-packages:${PYTHONPATH} /usr/bin/python3 -W ignore:setup.py install is deprecated -W ignore:easy_install command is deprecated setup.py egg_info --egg-base ../../build/bender_moveit_scripts build --build-base /home/robotica-06/bender_ws/bender_manipulacion/build/bender_moveit_scripts/build install --record /home/robotica-06/bender_ws/bender_manipulacion/build/bender_moveit_scripts/install.log --single-version-externally-managed install_data
[3.211s] DEBUG:colcon.colcon_core.event_handler.log_command:Invoking command in '/home/robotica-06/bender_ws/bender_manipulacion/src/bender_perception': DEBUGINFOD_URLS=https://debuginfod.ubuntu.com PYTHONPATH=/home/robotica-06/bender_ws/bender_manipulacion/build/bender_perception/prefix_override:/usr/lib/python3/dist-packages/colcon_core/task/python/colcon_distutils_commands:/home/robotica-06/bender_ws/bender_manipulacion/install/lib/python3.12/site-packages:${PYTHONPATH} /usr/bin/python3 -W ignore:setup.py install is deprecated -W ignore:easy_install command is deprecated setup.py egg_info --egg-base ../../build/bender_perception build --build-base /home/robotica-06/bender_ws/bender_manipulacion/build/bender_perception/build install --record /home/robotica-06/bender_ws/bender_manipulacion/build/bender_perception/install.log --single-version-externally-managed install_data
[4.045s] DEBUG:colcon.colcon_core.event_handler.log_command:Invoked command in '/home/robotica-06/bender_ws/bender_manipulacion/build/bender_moveit_config' returned '0': CMAKE_PREFIX_PATH=${CMAKE_PREFIX_PATH}:/home/robotica-06/ws_moveit/install/moveit_configs_utils:/opt/ros/jazzy DEBUGINFOD_URLS=https://debuginfod.ubuntu.com /usr/bin/cmake /home/robotica-06/bender_ws/bender_manipulacion/src/bender_moveit_config -DCMAKE_INSTALL_PREFIX=/home/robotica-06/bender_ws/bender_manipulacion/install
[4.046s] DEBUG:colcon.colcon_core.event_handler.log_command:Invoking command in '/home/robotica-06/bender_ws/bender_manipulacion/build/bender_moveit_config': CMAKE_PREFIX_PATH=${CMAKE_PREFIX_PATH}:/home/robotica-06/ws_moveit/install/moveit_configs_utils:/opt/ros/jazzy DEBUGINFOD_URLS=https://debuginfod.ubuntu.com /usr/bin/cmake --build /home/robotica-06/bender_ws/bender_manipulacion/build/bender_moveit_config -- -j8 -l8
[4.133s] DEBUG:colcon.colcon_core.event_handler.log_command:Invoked command in '/home/robotica-06/bender_ws/bender_manipulacion/build/bender_moveit_config' returned '0': CMAKE_PREFIX_PATH=${CMAKE_PREFIX_PATH}:/home/robotica-06/ws_moveit/install/moveit_configs_utils:/opt/ros/jazzy DEBUGINFOD_URLS=https://debuginfod.ubuntu.com /usr/bin/cmake --build /home/robotica-06/bender_ws/bender_manipulacion/build/bender_moveit_config -- -j8 -l8
[4.134s] DEBUG:colcon.colcon_core.event_handler.log_command:Invoking command in '/home/robotica-06/bender_ws/bender_manipulacion/build/bender_moveit_config': CMAKE_PREFIX_PATH=${CMAKE_PREFIX_PATH}:/home/robotica-06/ws_moveit/install/moveit_configs_utils:/opt/ros/jazzy DEBUGINFOD_URLS=https://debuginfod.ubuntu.com /usr/bin/cmake --install /home/robotica-06/bender_ws/bender_manipulacion/build/bender_moveit_config
[4.160s] Level 1:colcon.colcon_core.environment:create_environment_scripts_only(bender_moveit_config)
[4.160s] Level 1:colcon.colcon_core.environment:checking '/home/robotica-06/bender_ws/bender_manipulacion/install' for CMake module files
[4.161s] DEBUG:colcon.colcon_core.event_handler.log_command:Invoked command in '/home/robotica-06/bender_ws/bender_manipulacion/build/bender_moveit_config' returned '0': CMAKE_PREFIX_PATH=${CMAKE_PREFIX_PATH}:/home/robotica-06/ws_moveit/install/moveit_configs_utils:/opt/ros/jazzy DEBUGINFOD_URLS=https://debuginfod.ubuntu.com /usr/bin/cmake --install /home/robotica-06/bender_ws/bender_manipulacion/build/bender_moveit_config
[4.162s] Level 1:colcon.colcon_core.environment:checking '/home/robotica-06/bender_ws/bender_manipulacion/install' for CMake config files
[4.162s] Level 1:colcon.colcon_core.shell:create_environment_hook('bender_moveit_config', 'cmake_prefix_path')
[4.162s] INFO:colcon.colcon_core.shell:Creating environment hook '/home/robotica-06/bender_ws/bender_manipulacion/install/share/bender_moveit_config/hook/cmake_prefix_path.ps1'
[4.163s] INFO:colcon.colcon_core.shell:Creating environment descriptor '/home/robotica-06/bender_ws/bender_manipulacion/install/share/bender_moveit_config/hook/cmake_prefix_path.dsv'
[4.163s] INFO:colcon.colcon_core.shell:Creating environment hook '/home/robotica-06/bender_ws/bender_manipulacion/install/share/bender_moveit_config/hook/cmake_prefix_path.sh'
[4.164s] Level 1:colcon.colcon_core.environment:checking '/home/robotica-06/bender_ws/bender_manipulacion/install/lib'
[4.164s] Level 1:colcon.colcon_core.environment:checking '/home/robotica-06/bender_ws/bender_manipulacion/install/bin'
[4.164s] Level 1:colcon.colcon_core.environment:checking '/home/robotica-06/bender_ws/bender_manipulacion/install/lib/pkgconfig/bender_moveit_config.pc'
[4.164s] Level 1:colcon.colcon_core.environment:checking '/home/robotica-06/bender_ws/bender_manipulacion/install/lib/python3.12/site-packages'
[4.165s] Level 1:colcon.colcon_core.shell:create_environment_hook('bender_moveit_config', 'pythonpath')
[4.165s] INFO:colcon.colcon_core.shell:Creating environment hook '/home/robotica-06/bender_ws/bender_manipulacion/install/share/bender_moveit_config/hook/pythonpath.ps1'
[4.165s] INFO:colcon.colcon_core.shell:Creating environment descriptor '/home/robotica-06/bender_ws/bender_manipulacion/install/share/bender_moveit_config/hook/pythonpath.dsv'
[4.166s] INFO:colcon.colcon_core.shell:Creating environment hook '/home/robotica-06/bender_ws/bender_manipulacion/install/share/bender_moveit_config/hook/pythonpath.sh'
[4.166s] Level 1:colcon.colcon_core.environment:checking '/home/robotica-06/bender_ws/bender_manipulacion/install/bin'
[4.167s] INFO:colcon.colcon_core.shell:Creating package script '/home/robotica-06/bender_ws/bender_manipulacion/install/share/bender_moveit_config/package.ps1'
[4.169s] INFO:colcon.colcon_core.shell:Creating package descriptor '/home/robotica-06/bender_ws/bender_manipulacion/install/share/bender_moveit_config/package.dsv'
[4.170s] INFO:colcon.colcon_core.shell:Creating package script '/home/robotica-06/bender_ws/bender_manipulacion/install/share/bender_moveit_config/package.sh'
[4.171s] INFO:colcon.colcon_core.shell:Creating package script '/home/robotica-06/bender_ws/bender_manipulacion/install/share/bender_moveit_config/package.bash'
[4.173s] INFO:colcon.colcon_core.shell:Creating package script '/home/robotica-06/bender_ws/bender_manipulacion/install/share/bender_moveit_config/package.zsh'
[4.173s] Level 1:colcon.colcon_core.environment:create_file_with_runtime_dependencies(/home/robotica-06/bender_ws/bender_manipulacion/install/share/colcon-core/packages/bender_moveit_config)
[4.174s] Level 1:colcon.colcon_core.environment:create_environment_scripts_only(bender_moveit_config)
[4.174s] Level 1:colcon.colcon_core.environment:checking '/home/robotica-06/bender_ws/bender_manipulacion/install' for CMake module files
[4.176s] Level 1:colcon.colcon_core.environment:checking '/home/robotica-06/bender_ws/bender_manipulacion/install' for CMake config files
[4.176s] Level 1:colcon.colcon_core.shell:create_environment_hook('bender_moveit_config', 'cmake_prefix_path')
[4.176s] INFO:colcon.colcon_core.shell:Creating environment hook '/home/robotica-06/bender_ws/bender_manipulacion/install/share/bender_moveit_config/hook/cmake_prefix_path.ps1'
[4.177s] INFO:colcon.colcon_core.shell:Creating environment descriptor '/home/robotica-06/bender_ws/bender_manipulacion/install/share/bender_moveit_config/hook/cmake_prefix_path.dsv'
[4.178s] INFO:colcon.colcon_core.shell:Creating environment hook '/home/robotica-06/bender_ws/bender_manipulacion/install/share/bender_moveit_config/hook/cmake_prefix_path.sh'
[4.179s] Level 1:colcon.colcon_core.environment:checking '/home/robotica-06/bender_ws/bender_manipulacion/install/lib'
[4.179s] Level 1:colcon.colcon_core.environment:checking '/home/robotica-06/bender_ws/bender_manipulacion/install/bin'
[4.179s] Level 1:colcon.colcon_core.environment:checking '/home/robotica-06/bender_ws/bender_manipulacion/install/lib/pkgconfig/bender_moveit_config.pc'
[4.180s] Level 1:colcon.colcon_core.environment:checking '/home/robotica-06/bender_ws/bender_manipulacion/install/lib/python3.12/site-packages'
[4.180s] Level 1:colcon.colcon_core.shell:create_environment_hook('bender_moveit_config', 'pythonpath')
[4.180s] INFO:colcon.colcon_core.shell:Creating environment hook '/home/robotica-06/bender_ws/bender_manipulacion/install/share/bender_moveit_config/hook/pythonpath.ps1'
[4.181s] INFO:colcon.colcon_core.shell:Creating environment descriptor '/home/robotica-06/bender_ws/bender_manipulacion/install/share/bender_moveit_config/hook/pythonpath.dsv'
[4.182s] INFO:colcon.colcon_core.shell:Creating environment hook '/home/robotica-06/bender_ws/bender_manipulacion/install/share/bender_moveit_config/hook/pythonpath.sh'
[4.183s] Level 1:colcon.colcon_core.environment:checking '/home/robotica-06/bender_ws/bender_manipulacion/install/bin'
[4.183s] INFO:colcon.colcon_core.shell:Creating package script '/home/robotica-06/bender_ws/bender_manipulacion/install/share/bender_moveit_config/package.ps1'
[4.184s] INFO:colcon.colcon_core.shell:Creating package descriptor '/home/robotica-06/bender_ws/bender_manipulacion/install/share/bender_moveit_config/package.dsv'
[4.185s] INFO:colcon.colcon_core.shell:Creating package script '/home/robotica-06/bender_ws/bender_manipulacion/install/share/bender_moveit_config/package.sh'
[4.186s] INFO:colcon.colcon_core.shell:Creating package script '/home/robotica-06/bender_ws/bender_manipulacion/install/share/bender_moveit_config/package.bash'
[4.187s] INFO:colcon.colcon_core.shell:Creating package script '/home/robotica-06/bender_ws/bender_manipulacion/install/share/bender_moveit_config/package.zsh'
[4.188s] Level 1:colcon.colcon_core.environment:create_file_with_runtime_dependencies(/home/robotica-06/bender_ws/bender_manipulacion/install/share/colcon-core/packages/bender_moveit_config)
[4.414s] Level 1:colcon.colcon_core.environment:checking '/home/robotica-06/bender_ws/bender_manipulacion/install' for CMake module files
[4.415s] DEBUG:colcon.colcon_core.event_handler.log_command:Invoked command in '/home/robotica-06/bender_ws/bender_manipulacion/src/bender_moveit_scripts' returned '0': DEBUGINFOD_URLS=https://debuginfod.ubuntu.com PYTHONPATH=/home/robotica-06/bender_ws/bender_manipulacion/build/bender_moveit_scripts/prefix_override:/usr/lib/python3/dist-packages/colcon_core/task/python/colcon_distutils_commands:/home/robotica-06/bender_ws/bender_manipulacion/install/lib/python3.12/site-packages:${PYTHONPATH} /usr/bin/python3 -W ignore:setup.py install is deprecated -W ignore:easy_install command is deprecated setup.py egg_info --egg-base ../../build/bender_moveit_scripts build --build-base /home/robotica-06/bender_ws/bender_manipulacion/build/bender_moveit_scripts/build install --record /home/robotica-06/bender_ws/bender_manipulacion/build/bender_moveit_scripts/install.log --single-version-externally-managed install_data
[4.416s] Level 1:colcon.colcon_core.environment:checking '/home/robotica-06/bender_ws/bender_manipulacion/install' for CMake config files
[4.417s] Level 1:colcon.colcon_core.shell:create_environment_hook('bender_moveit_scripts', 'cmake_prefix_path')
[4.417s] INFO:colcon.colcon_core.shell:Creating environment hook '/home/robotica-06/bender_ws/bender_manipulacion/install/share/bender_moveit_scripts/hook/cmake_prefix_path.ps1'
[4.418s] INFO:colcon.colcon_core.shell:Creating environment descriptor '/home/robotica-06/bender_ws/bender_manipulacion/install/share/bender_moveit_scripts/hook/cmake_prefix_path.dsv'
[4.418s] INFO:colcon.colcon_core.shell:Creating environment hook '/home/robotica-06/bender_ws/bender_manipulacion/install/share/bender_moveit_scripts/hook/cmake_prefix_path.sh'
[4.419s] Level 1:colcon.colcon_core.environment:checking '/home/robotica-06/bender_ws/bender_manipulacion/install/lib'
[4.419s] Level 1:colcon.colcon_core.environment:checking '/home/robotica-06/bender_ws/bender_manipulacion/install/bin'
[4.420s] Level 1:colcon.colcon_core.environment:checking '/home/robotica-06/bender_ws/bender_manipulacion/install/lib/pkgconfig/bender_moveit_scripts.pc'
[4.420s] Level 1:colcon.colcon_core.environment:checking '/home/robotica-06/bender_ws/bender_manipulacion/install/lib/python3.12/site-packages'
[4.420s] Level 1:colcon.colcon_core.shell:create_environment_hook('bender_moveit_scripts', 'pythonpath')
[4.421s] INFO:colcon.colcon_core.shell:Creating environment hook '/home/robotica-06/bender_ws/bender_manipulacion/install/share/bender_moveit_scripts/hook/pythonpath.ps1'
[4.421s] INFO:colcon.colcon_core.shell:Creating environment descriptor '/home/robotica-06/bender_ws/bender_manipulacion/install/share/bender_moveit_scripts/hook/pythonpath.dsv'
[4.422s] INFO:colcon.colcon_core.shell:Creating environment hook '/home/robotica-06/bender_ws/bender_manipulacion/install/share/bender_moveit_scripts/hook/pythonpath.sh'
[4.423s] Level 1:colcon.colcon_core.environment:checking '/home/robotica-06/bender_ws/bender_manipulacion/install/bin'
[4.423s] Level 1:colcon.colcon_core.environment:create_environment_scripts_only(bender_moveit_scripts)
[4.424s] INFO:colcon.colcon_core.shell:Creating package script '/home/robotica-06/bender_ws/bender_manipulacion/install/share/bender_moveit_scripts/package.ps1'
[4.425s] INFO:colcon.colcon_core.shell:Creating package descriptor '/home/robotica-06/bender_ws/bender_manipulacion/install/share/bender_moveit_scripts/package.dsv'
[4.426s] INFO:colcon.colcon_core.shell:Creating package script '/home/robotica-06/bender_ws/bender_manipulacion/install/share/bender_moveit_scripts/package.sh'
[4.426s] INFO:colcon.colcon_core.shell:Creating package script '/home/robotica-06/bender_ws/bender_manipulacion/install/share/bender_moveit_scripts/package.bash'
[4.427s] INFO:colcon.colcon_core.shell:Creating package script '/home/robotica-06/bender_ws/bender_manipulacion/install/share/bender_moveit_scripts/package.zsh'
[4.427s] Level 1:colcon.colcon_core.environment:create_file_with_runtime_dependencies(/home/robotica-06/bender_ws/bender_manipulacion/install/share/colcon-core/packages/bender_moveit_scripts)
[4.750s] Level 1:colcon.colcon_core.environment:checking '/home/robotica-06/bender_ws/bender_manipulacion/install' for CMake module files
[4.751s] DEBUG:colcon.colcon_core.event_handler.log_command:Invoked command in '/home/robotica-06/bender_ws/bender_manipulacion/src/bender_perception' returned '0': DEBUGINFOD_URLS=https://debuginfod.ubuntu.com PYTHONPATH=/home/robotica-06/bender_ws/bender_manipulacion/build/bender_perception/prefix_override:/usr/lib/python3/dist-packages/colcon_core/task/python/colcon_distutils_commands:/home/robotica-06/bender_ws/bender_manipulacion/install/lib/python3.12/site-packages:${PYTHONPATH} /usr/bin/python3 -W ignore:setup.py install is deprecated -W ignore:easy_install command is deprecated setup.py egg_info --egg-base ../../build/bender_perception build --build-base /home/robotica-06/bender_ws/bender_manipulacion/build/bender_perception/build install --record /home/robotica-06/bender_ws/bender_manipulacion/build/bender_perception/install.log --single-version-externally-managed install_data
[4.751s] Level 1:colcon.colcon_core.environment:checking '/home/robotica-06/bender_ws/bender_manipulacion/install' for CMake config files
[4.751s] Level 1:colcon.colcon_core.shell:create_environment_hook('bender_perception', 'cmake_prefix_path')
[4.752s] INFO:colcon.colcon_core.shell:Creating environment hook '/home/robotica-06/bender_ws/bender_manipulacion/install/share/bender_perception/hook/cmake_prefix_path.ps1'
[4.752s] INFO:colcon.colcon_core.shell:Creating environment descriptor '/home/robotica-06/bender_ws/bender_manipulacion/install/share/bender_perception/hook/cmake_prefix_path.dsv'
[4.753s] INFO:colcon.colcon_core.shell:Creating environment hook '/home/robotica-06/bender_ws/bender_manipulacion/install/share/bender_perception/hook/cmake_prefix_path.sh'
[4.753s] Level 1:colcon.colcon_core.environment:checking '/home/robotica-06/bender_ws/bender_manipulacion/install/lib'
[4.753s] Level 1:colcon.colcon_core.environment:checking '/home/robotica-06/bender_ws/bender_manipulacion/install/bin'
[4.753s] Level 1:colcon.colcon_core.environment:checking '/home/robotica-06/bender_ws/bender_manipulacion/install/lib/pkgconfig/bender_perception.pc'
[4.754s] Level 1:colcon.colcon_core.environment:checking '/home/robotica-06/bender_ws/bender_manipulacion/install/lib/python3.12/site-packages'
[4.754s] Level 1:colcon.colcon_core.shell:create_environment_hook('bender_perception', 'pythonpath')
[4.754s] INFO:colcon.colcon_core.shell:Creating environment hook '/home/robotica-06/bender_ws/bender_manipulacion/install/share/bender_perception/hook/pythonpath.ps1'
[4.754s] INFO:colcon.colcon_core.shell:Creating environment descriptor '/home/robotica-06/bender_ws/bender_manipulacion/install/share/bender_perception/hook/pythonpath.dsv'
[4.755s] INFO:colcon.colcon_core.shell:Creating environment hook '/home/robotica-06/bender_ws/bender_manipulacion/install/share/bender_perception/hook/pythonpath.sh'
[4.755s] Level 1:colcon.colcon_core.environment:checking '/home/robotica-06/bender_ws/bender_manipulacion/install/bin'
[4.755s] Level 1:colcon.colcon_core.environment:create_environment_scripts_only(bender_perception)
[4.756s] INFO:colcon.colcon_core.shell:Creating package script '/home/robotica-06/bender_ws/bender_manipulacion/install/share/bender_perception/package.ps1'
[4.757s] INFO:colcon.colcon_core.shell:Creating package descriptor '/home/robotica-06/bender_ws/bender_manipulacion/install/share/bender_perception/package.dsv'
[4.758s] INFO:colcon.colcon_core.shell:Creating package script '/home/robotica-06/bender_ws/bender_manipulacion/install/share/bender_perception/package.sh'
[4.758s] INFO:colcon.colcon_core.shell:Creating package script '/home/robotica-06/bender_ws/bender_manipulacion/install/share/bender_perception/package.bash'
[4.759s] INFO:colcon.colcon_core.shell:Creating package script '/home/robotica-06/bender_ws/bender_manipulacion/install/share/bender_perception/package.zsh'
[4.759s] Level 1:colcon.colcon_core.environment:create_file_with_runtime_dependencies(/home/robotica-06/bender_ws/bender_manipulacion/install/share/colcon-core/packages/bender_perception)
[8.374s] DEBUG:colcon.colcon_core.event_handler.log_command:Invoked command in '/home/robotica-06/bender_ws/bender_manipulacion/build/bender_pick_place_cpp' returned '0': CMAKE_PREFIX_PATH=${CMAKE_PREFIX_PATH}:/home/robotica-06/ws_moveit/install/moveit_configs_utils:/opt/ros/jazzy DEBUGINFOD_URLS=https://debuginfod.ubuntu.com /usr/bin/cmake /home/robotica-06/bender_ws/bender_manipulacion/src/bender_pick_place_cpp -DCMAKE_INSTALL_PREFIX=/home/robotica-06/bender_ws/bender_manipulacion/install
[8.376s] DEBUG:colcon.colcon_core.event_handler.log_command:Invoking command in '/home/robotica-06/bender_ws/bender_manipulacion/build/bender_pick_place_cpp': CMAKE_PREFIX_PATH=${CMAKE_PREFIX_PATH}:/home/robotica-06/ws_moveit/install/moveit_configs_utils:/opt/ros/jazzy DEBUGINFOD_URLS=https://debuginfod.ubuntu.com /usr/bin/cmake --build /home/robotica-06/bender_ws/bender_manipulacion/build/bender_pick_place_cpp -- -j8 -l8
[16.543s] DEBUG:colcon.colcon_core.event_handler.log_command:Invoked command in '/home/robotica-06/bender_ws/bender_manipulacion/build/bender_pick_place_cpp' returned '0': CMAKE_PREFIX_PATH=${CMAKE_PREFIX_PATH}:/home/robotica-06/ws_moveit/install/moveit_configs_utils:/opt/ros/jazzy DEBUGINFOD_URLS=https://debuginfod.ubuntu.com /usr/bin/cmake --build /home/robotica-06/bender_ws/bender_manipulacion/build/bender_pick_place_cpp -- -j8 -l8
[16.545s] DEBUG:colcon.colcon_core.event_handler.log_command:Invoking command in '/home/robotica-06/bender_ws/bender_manipulacion/build/bender_pick_place_cpp': CMAKE_PREFIX_PATH=${CMAKE_PREFIX_PATH}:/home/robotica-06/ws_moveit/install/moveit_configs_utils:/opt/ros/jazzy DEBUGINFOD_URLS=https://debuginfod.ubuntu.com /usr/bin/cmake --install /home/robotica-06/bender_ws/bender_manipulacion/build/bender_pick_place_cpp
[16.576s] Level 1:colcon.colcon_core.environment:create_environment_scripts_only(bender_pick_place_cpp)
[16.577s] Level 1:colcon.colcon_core.environment:checking '/home/robotica-06/bender_ws/bender_manipulacion/install' for CMake module files
[16.578s] DEBUG:colcon.colcon_core.event_handler.log_command:Invoked command in '/home/robotica-06/bender_ws/bender_manipulacion/build/bender_pick_place_cpp' returned '0': CMAKE_PREFIX_PATH=${CMAKE_PREFIX_PATH}:/home/robotica-06/ws_moveit/install/moveit_configs_utils:/opt/ros/jazzy DEBUGINFOD_URLS=https://debuginfod.ubuntu.com /usr/bin/cmake --install /home/robotica-06/bender_ws/bender_manipulacion/build/bender_pick_place_cpp
[16.579s] Level 1:colcon.colcon_core.environment:checking '/home/robotica-06/bender_ws/bender_manipulacion/install' for CMake config files
[16.580s] Level 1:colcon.colcon_core.shell:create_environment_hook('bender_pick_place_cpp', 'cmake_prefix_path')
[16.580s] INFO:colcon.colcon_core.shell:Creating environment hook '/home/robotica-06/bender_ws/bender_manipulacion/install/share/bender_pick_place_cpp/hook/cmake_prefix_path.ps1'
[16.582s] INFO:colcon.colcon_core.shell:Creating environment descriptor '/home/robotica-06/bender_ws/bender_manipulacion/install/share/bender_pick_place_cpp/hook/cmake_prefix_path.dsv'
[16.582s] INFO:colcon.colcon_core.shell:Creating environment hook '/home/robotica-06/bender_ws/bender_manipulacion/install/share/bender_pick_place_cpp/hook/cmake_prefix_path.sh'
[16.584s] Level 1:colcon.colcon_core.environment:checking '/home/robotica-06/bender_ws/bender_manipulacion/install/lib'
[16.584s] Level 1:colcon.colcon_core.environment:checking '/home/robotica-06/bender_ws/bender_manipulacion/install/bin'
[16.584s] Level 1:colcon.colcon_core.environment:checking '/home/robotica-06/bender_ws/bender_manipulacion/install/lib/pkgconfig/bender_pick_place_cpp.pc'
[16.585s] Level 1:colcon.colcon_core.environment:checking '/home/robotica-06/bender_ws/bender_manipulacion/install/lib/python3.12/site-packages'
[16.585s] Level 1:colcon.colcon_core.shell:create_environment_hook('bender_pick_place_cpp', 'pythonpath')
[16.585s] INFO:colcon.colcon_core.shell:Creating environment hook '/home/robotica-06/bender_ws/bender_manipulacion/install/share/bender_pick_place_cpp/hook/pythonpath.ps1'
[16.586s] INFO:colcon.colcon_core.shell:Creating environment descriptor '/home/robotica-06/bender_ws/bender_manipulacion/install/share/bender_pick_place_cpp/hook/pythonpath.dsv'
[16.587s] INFO:colcon.colcon_core.shell:Creating environment hook '/home/robotica-06/bender_ws/bender_manipulacion/install/share/bender_pick_place_cpp/hook/pythonpath.sh'
[16.589s] Level 1:colcon.colcon_core.environment:checking '/home/robotica-06/bender_ws/bender_manipulacion/install/bin'
[16.589s] INFO:colcon.colcon_core.shell:Creating package script '/home/robotica-06/bender_ws/bender_manipulacion/install/share/bender_pick_place_cpp/package.ps1'
[16.590s] INFO:colcon.colcon_core.shell:Creating package descriptor '/home/robotica-06/bender_ws/bender_manipulacion/install/share/bender_pick_place_cpp/package.dsv'
[16.592s] INFO:colcon.colcon_core.shell:Creating package script '/home/robotica-06/bender_ws/bender_manipulacion/install/share/bender_pick_place_cpp/package.sh'
[16.593s] INFO:colcon.colcon_core.shell:Creating package script '/home/robotica-06/bender_ws/bender_manipulacion/install/share/bender_pick_place_cpp/package.bash'
[16.594s] INFO:colcon.colcon_core.shell:Creating package script '/home/robotica-06/bender_ws/bender_manipulacion/install/share/bender_pick_place_cpp/package.zsh'
[16.595s] Level 1:colcon.colcon_core.environment:create_file_with_runtime_dependencies(/home/robotica-06/bender_ws/bender_manipulacion/install/share/colcon-core/packages/bender_pick_place_cpp)
[16.597s] Level 1:colcon.colcon_core.environment:create_environment_scripts_only(bender_pick_place_cpp)
[16.597s] Level 1:colcon.colcon_core.environment:checking '/home/robotica-06/bender_ws/bender_manipulacion/install' for CMake module files
[16.599s] Level 1:colcon.colcon_core.environment:checking '/home/robotica-06/bender_ws/bender_manipulacion/install' for CMake config files
[16.599s] Level 1:colcon.colcon_core.shell:create_environment_hook('bender_pick_place_cpp', 'cmake_prefix_path')
[16.600s] INFO:colcon.colcon_core.shell:Creating environment hook '/home/robotica-06/bender_ws/bender_manipulacion/install/share/bender_pick_place_cpp/hook/cmake_prefix_path.ps1'
[16.601s] INFO:colcon.colcon_core.shell:Creating environment descriptor '/home/robotica-06/bender_ws/bender_manipulacion/install/share/bender_pick_place_cpp/hook/cmake_prefix_path.dsv'
[16.602s] INFO:colcon.colcon_core.shell:Creating environment hook '/home/robotica-06/bender_ws/bender_manipulacion/install/share/bender_pick_place_cpp/hook/cmake_prefix_path.sh'
[16.603s] Level 1:colcon.colcon_core.environment:checking '/home/robotica-06/bender_ws/bender_manipulacion/install/lib'
[16.603s] Level 1:colcon.colcon_core.environment:checking '/home/robotica-06/bender_ws/bender_manipulacion/install/bin'
[16.603s] Level 1:colcon.colcon_core.environment:checking '/home/robotica-06/bender_ws/bender_manipulacion/install/lib/pkgconfig/bender_pick_place_cpp.pc'
[16.604s] Level 1:colcon.colcon_core.environment:checking '/home/robotica-06/bender_ws/bender_manipulacion/install/lib/python3.12/site-packages'
[16.604s] Level 1:colcon.colcon_core.shell:create_environment_hook('bender_pick_place_cpp', 'pythonpath')
[16.605s] INFO:colcon.colcon_core.shell:Creating environment hook '/home/robotica-06/bender_ws/bender_manipulacion/install/share/bender_pick_place_cpp/hook/pythonpath.ps1'
[16.606s] INFO:colcon.colcon_core.shell:Creating environment descriptor '/home/robotica-06/bender_ws/bender_manipulacion/install/share/bender_pick_place_cpp/hook/pythonpath.dsv'
[16.606s] INFO:colcon.colcon_core.shell:Creating environment hook '/home/robotica-06/bender_ws/bender_manipulacion/install/share/bender_pick_place_cpp/hook/pythonpath.sh'
[16.608s] Level 1:colcon.colcon_core.environment:checking '/home/robotica-06/bender_ws/bender_manipulacion/install/bin'
[16.609s] INFO:colcon.colcon_core.shell:Creating package script '/home/robotica-06/bender_ws/bender_manipulacion/install/share/bender_pick_place_cpp/package.ps1'
[16.610s] INFO:colcon.colcon_core.shell:Creating package descriptor '/home/robotica-06/bender_ws/bender_manipulacion/install/share/bender_pick_place_cpp/package.dsv'
[16.612s] INFO:colcon.colcon_core.shell:Creating package script '/home/robotica-06/bender_ws/bender_manipulacion/install/share/bender_pick_place_cpp/package.sh'
[16.613s] INFO:colcon.colcon_core.shell:Creating package script '/home/robotica-06/bender_ws/bender_manipulacion/install/share/bender_pick_place_cpp/package.bash'
[16.614s] INFO:colcon.colcon_core.shell:Creating package script '/home/robotica-06/bender_ws/bender_manipulacion/install/share/bender_pick_place_cpp/package.zsh'
[16.615s] Level 1:colcon.colcon_core.environment:create_file_with_runtime_dependencies(/home/robotica-06/bender_ws/bender_manipulacion/install/share/colcon-core/packages/bender_pick_place_cpp)
[16.616s] DEBUG:colcon.colcon_parallel_executor.executor.parallel:closing loop
[16.617s] DEBUG:colcon.colcon_parallel_executor.executor.parallel:loop closed
[16.617s] DEBUG:colcon.colcon_parallel_executor.executor.parallel:run_until_complete finished with '0'
[16.617s] DEBUG:colcon.colcon_core.event_reactor:joining thread
[16.633s] INFO:colcon.colcon_core.plugin_system:Skipping extension 'colcon_notification.desktop_notification.terminal_notifier': Not used on non-Darwin systems
[16.633s] INFO:colcon.colcon_core.plugin_system:Skipping extension 'colcon_notification.desktop_notification.win32': Not used on non-Windows systems
[16.633s] INFO:colcon.colcon_notification.desktop_notification:Sending desktop notification using 'notify2'
[16.671s] DEBUG:colcon.colcon_core.event_reactor:joined thread
[16.672s] INFO:colcon.colcon_core.shell:Creating prefix script '/home/robotica-06/bender_ws/bender_manipulacion/install/local_setup.ps1'
[16.674s] INFO:colcon.colcon_core.shell:Creating prefix util module '/home/robotica-06/bender_ws/bender_manipulacion/install/_local_setup_util_ps1.py'
[16.677s] INFO:colcon.colcon_core.shell:Creating prefix chain script '/home/robotica-06/bender_ws/bender_manipulacion/install/setup.ps1'
[16.687s] INFO:colcon.colcon_core.shell:Creating prefix script '/home/robotica-06/bender_ws/bender_manipulacion/install/local_setup.sh'
[16.688s] INFO:colcon.colcon_core.shell:Creating prefix util module '/home/robotica-06/bender_ws/bender_manipulacion/install/_local_setup_util_sh.py'
[16.690s] INFO:colcon.colcon_core.shell:Creating prefix chain script '/home/robotica-06/bender_ws/bender_manipulacion/install/setup.sh'
[16.702s] INFO:colcon.colcon_core.shell:Creating prefix script '/home/robotica-06/bender_ws/bender_manipulacion/install/local_setup.bash'
[16.703s] INFO:colcon.colcon_core.shell:Creating prefix chain script '/home/robotica-06/bender_ws/bender_manipulacion/install/setup.bash'
[16.713s] INFO:colcon.colcon_core.shell:Creating prefix script '/home/robotica-06/bender_ws/bender_manipulacion/install/local_setup.zsh'
[16.714s] INFO:colcon.colcon_core.shell:Creating prefix chain script '/home/robotica-06/bender_ws/bender_manipulacion/install/setup.zsh'
