[1.180s] Invoking command in '/home/robotica-06/bender_ws/bender_manipulacion/build/bender_pick_place_cpp': CMAKE_PREFIX_PATH=${CMAKE_PREFIX_PATH}:/home/robotica-06/ws_moveit/install/moveit_configs_utils:/opt/ros/jazzy DEBUGINFOD_URLS=https://debuginfod.ubuntu.com /usr/bin/cmake /home/robotica-06/bender_ws/bender_manipulacion/src/bender_pick_place_cpp -DCMAKE_INSTALL_PREFIX=/home/robotica-06/bender_ws/bender_manipulacion/install
[1.301s] -- The C compiler identification is GNU 13.3.0
[1.407s] -- The CXX compiler identification is GNU 13.3.0
[1.441s] -- Detecting C compiler ABI info
[1.640s] -- Detecting C compiler ABI info - done
[1.655s] -- Check for working C compiler: /usr/bin/cc - skipped
[1.656s] -- Detecting C compile features
[1.656s] -- Detecting C compile features - done
[1.677s] -- Detecting CXX compiler ABI info
[1.855s] -- Detecting CXX compiler ABI info - done
[1.875s] -- Check for working CXX compiler: /usr/bin/c++ - skipped
[1.876s] -- Detecting CXX compile features
[1.876s] -- Detecting CXX compile features - done
[1.889s] -- Found ament_cmake: 2.5.4 (/opt/ros/jazzy/share/ament_cmake/cmake)
[2.337s] -- Found Python3: /usr/bin/python3 (found version "3.12.3") found components: Interpreter 
[2.705s] -- Found rclcpp: 28.1.11 (/opt/ros/jazzy/share/rclcpp/cmake)
[2.899s] -- Found rosidl_generator_c: 4.6.6 (/opt/ros/jazzy/share/rosidl_generator_c/cmake)
[2.951s] -- Found rosidl_generator_cpp: 4.6.6 (/opt/ros/jazzy/share/rosidl_generator_cpp/cmake)
[3.023s] -- Using all available rosidl_typesupport_c: rosidl_typesupport_fastrtps_c;rosidl_typesupport_introspection_c
[3.110s] -- Using all available rosidl_typesupport_cpp: rosidl_typesupport_fastrtps_cpp;rosidl_typesupport_introspection_cpp
[3.363s] -- Found rmw_implementation_cmake: 7.3.2 (/opt/ros/jazzy/share/rmw_implementation_cmake/cmake)
[3.391s] -- Found rmw_fastrtps_cpp: 8.4.3 (/opt/ros/jazzy/share/rmw_fastrtps_cpp/cmake)
[3.684s] -- Found OpenSSL: /usr/lib/x86_64-linux-gnu/libcrypto.so (found version "3.0.13")  
[3.765s] -- Found FastRTPS: /opt/ros/jazzy/include (Required is at least version "2.13") 
[3.858s] -- Using RMW implementation 'rmw_fastrtps_cpp' as default
[4.122s] -- Found moveit_ros_planning_interface: 2.14.0 (/home/robotica-06/ws_moveit/install/moveit_ros_planning_interface/share/moveit_ros_planning_interface/cmake)
[4.483s] -- Found Boost: /usr/lib/x86_64-linux-gnu/cmake/Boost-1.83.0/BoostConfig.cmake (found version "1.83.0") found components: date_time filesystem program_options system thread 
[5.370s] -- Found Boost: /usr/lib/x86_64-linux-gnu/cmake/Boost-1.83.0/BoostConfig.cmake (found version "1.83.0") found components: chrono date_time filesystem iostreams program_options regex serialization system thread 
[5.677s] -- Found parameter_traits: 0.5.0 (/opt/ros/jazzy/share/parameter_traits/cmake)
[5.754s] -- Found rclcpp_lifecycle: 28.1.11 (/opt/ros/jazzy/share/rclcpp_lifecycle/cmake)
[5.856s] -- Found Boost: /usr/lib/x86_64-linux-gnu/cmake/Boost-1.83.0/BoostConfig.cmake (found version "1.83.0") found components: filesystem 
[6.050s] -- Found Eigen3: TRUE (found version "3.4.0") 
[6.050s] -- Ensuring Eigen3 include directory is part of orocos-kdl CMake target
[6.571s] -- Found Boost: /usr/lib/x86_64-linux-gnu/cmake/Boost-1.83.0/BoostConfig.cmake (found version "1.83.0") found components: system filesystem date_time program_options thread chrono 
[6.665s] -- Found Boost: /usr/lib/x86_64-linux-gnu/cmake/Boost-1.83.0/BoostConfig.cmake (found version "1.83.0") found components: thread system filesystem regex date_time program_options 
[6.735s] -- Found Boost: /usr/lib/x86_64-linux-gnu/cmake/Boost-1.83.0/BoostConfig.cmake (found version "1.83.0") found components: system filesystem date_time program_options thread 
[6.809s] -- Found moveit_visual_tools: 4.1.2 (/home/robotica-06/ws_moveit/install/moveit_visual_tools/share/moveit_visual_tools/cmake)
[7.016s] -- Setting OGRE_DIR to: '/opt/ros/jazzy/share/rviz_ogre_vendor/cmake/../../../opt/rviz_ogre_vendor/lib/OGRE/cmake'
[7.018s] -- Found OGRE
[7.018s] --   static     : OFF
[7.019s] --   components : MeshLodGenerator;Overlay;Paging;Property;RTShaderSystem;Terrain;Volume
[7.019s] --   plugins    : Plugin_BSPSceneManager;Plugin_OctreeSceneManager;Plugin_PCZSceneManager;Plugin_ParticleFX;RenderSystem_GL;RenderSystem_GL3Plus;Codec_STBI
[7.019s] --   media      : /opt/ros/jazzy/opt/rviz_ogre_vendor/share/OGRE/Media
[7.019s] -- OGRE_LIBRARIES: OgreMeshLodGenerator;OgreOverlay;OgrePaging;OgreProperty;OgreRTShaderSystem;OgreTerrain;OgreVolume;OgreMain
[7.019s] -- OGRE_LIBRARY_DIRS: /opt/ros/jazzy/opt/rviz_ogre_vendor/lib
[7.019s] -- OGRE_PLUGINS: Plugin_BSPSceneManager;Plugin_OctreeSceneManager;Plugin_PCZSceneManager;Plugin_ParticleFX;RenderSystem_GL;RenderSystem_GL3Plus;Codec_STBI
[7.019s] -- OGRE_PLUGIN_DIR: /opt/ros/jazzy/opt/rviz_ogre_vendor/lib/OGRE
[7.020s] -- rviz_ogre_vendor::OgreOverlay for IMPORTED_LOCATION_RELEASE: /opt/ros/jazzy/opt/rviz_ogre_vendor/lib/libOgreOverlay.so
[7.020s] -- rviz_ogre_vendor::OgreOverlay for IMPORTED_LOCATION_DEBUG: /opt/ros/jazzy/opt/rviz_ogre_vendor/lib/libOgreOverlay.so
[7.020s] -- rviz_ogre_vendor::OgreMain for IMPORTED_LOCATION_RELEASE: /opt/ros/jazzy/opt/rviz_ogre_vendor/lib/libOgreMain.so
[7.020s] -- rviz_ogre_vendor::OgreMain for IMPORTED_LOCATION_DEBUG: /opt/ros/jazzy/opt/rviz_ogre_vendor/lib/libOgreMain.so
[7.093s] -- Found ZLIB: /usr/lib/x86_64-linux-gnu/libz.so (found version "1.3")  
[7.170s] -- Found OpenGL: /usr/lib/x86_64-linux-gnu/libOpenGL.so   
[7.648s] -- Found X11: /usr/include   
[7.648s] -- Looking for XOpenDisplay in /usr/lib/x86_64-linux-gnu/libX11.so;/usr/lib/x86_64-linux-gnu/libXext.so
[7.782s] -- Looking for XOpenDisplay in /usr/lib/x86_64-linux-gnu/libX11.so;/usr/lib/x86_64-linux-gnu/libXext.so - found
[7.782s] -- Looking for gethostbyname
[7.907s] -- Looking for gethostbyname - found
[7.907s] -- Looking for connect
[8.034s] -- Looking for connect - found
[8.035s] -- Looking for remove
[8.170s] -- Looking for remove - found
[8.170s] -- Looking for shmat
[8.301s] -- Looking for shmat - found
[8.301s] -- Looking for IceConnectionNumber in ICE
[8.439s] -- Looking for IceConnectionNumber in ICE - found
[8.498s] -- Setting yaml-cpp_DIR to: '/opt/ros/jazzy/share/yaml_cpp_vendor/cmake/../../../opt/yaml_cpp_vendor/share/cmake/yaml-cpp'
[8.912s] -- Configuring done (7.7s)
[8.967s] -- Generating done (0.0s)
[8.977s] -- Build files have been written to: /home/robotica-06/bender_ws/bender_manipulacion/build/bender_pick_place_cpp
[9.008s] Invoked command in '/home/robotica-06/bender_ws/bender_manipulacion/build/bender_pick_place_cpp' returned '0': CMAKE_PREFIX_PATH=${CMAKE_PREFIX_PATH}:/home/robotica-06/ws_moveit/install/moveit_configs_utils:/opt/ros/jazzy DEBUGINFOD_URLS=https://debuginfod.ubuntu.com /usr/bin/cmake /home/robotica-06/bender_ws/bender_manipulacion/src/bender_pick_place_cpp -DCMAKE_INSTALL_PREFIX=/home/robotica-06/bender_ws/bender_manipulacion/install
[9.010s] Invoking command in '/home/robotica-06/bender_ws/bender_manipulacion/build/bender_pick_place_cpp': CMAKE_PREFIX_PATH=${CMAKE_PREFIX_PATH}:/home/robotica-06/ws_moveit/install/moveit_configs_utils:/opt/ros/jazzy DEBUGINFOD_URLS=https://debuginfod.ubuntu.com /usr/bin/cmake --build /home/robotica-06/bender_ws/bender_manipulacion/build/bender_pick_place_cpp -- -j8 -l8
[9.107s] [ 50%] [32mBuilding CXX object CMakeFiles/add_table.dir/src/add_table.cpp.o[0m
[19.121s] [100%] [32m[1mLinking CXX executable add_table[0m
[19.994s] [100%] Built target add_table
[20.017s] Invoked command in '/home/robotica-06/bender_ws/bender_manipulacion/build/bender_pick_place_cpp' returned '0': CMAKE_PREFIX_PATH=${CMAKE_PREFIX_PATH}:/home/robotica-06/ws_moveit/install/moveit_configs_utils:/opt/ros/jazzy DEBUGINFOD_URLS=https://debuginfod.ubuntu.com /usr/bin/cmake --build /home/robotica-06/bender_ws/bender_manipulacion/build/bender_pick_place_cpp -- -j8 -l8
[20.019s] Invoking command in '/home/robotica-06/bender_ws/bender_manipulacion/build/bender_pick_place_cpp': CMAKE_PREFIX_PATH=${CMAKE_PREFIX_PATH}:/home/robotica-06/ws_moveit/install/moveit_configs_utils:/opt/ros/jazzy DEBUGINFOD_URLS=https://debuginfod.ubuntu.com /usr/bin/cmake --install /home/robotica-06/bender_ws/bender_manipulacion/build/bender_pick_place_cpp
[20.033s] -- Install configuration: ""
[20.033s] -- Installing: /home/robotica-06/bender_ws/bender_manipulacion/install/lib/bender_pick_place_cpp/add_table
[20.035s] -- Set non-toolchain portion of runtime path of "/home/robotica-06/bender_ws/bender_manipulacion/install/lib/bender_pick_place_cpp/add_table" to ""
[20.035s] -- Installing: /home/robotica-06/bender_ws/bender_manipulacion/install/share/ament_index/resource_index/package_run_dependencies/bender_pick_place_cpp
[20.035s] -- Installing: /home/robotica-06/bender_ws/bender_manipulacion/install/share/ament_index/resource_index/parent_prefix_path/bender_pick_place_cpp
[20.036s] -- Installing: /home/robotica-06/bender_ws/bender_manipulacion/install/share/bender_pick_place_cpp/environment/ament_prefix_path.sh
[20.036s] -- Installing: /home/robotica-06/bender_ws/bender_manipulacion/install/share/bender_pick_place_cpp/environment/ament_prefix_path.dsv
[20.036s] -- Installing: /home/robotica-06/bender_ws/bender_manipulacion/install/share/bender_pick_place_cpp/environment/path.sh
[20.036s] -- Installing: /home/robotica-06/bender_ws/bender_manipulacion/install/share/bender_pick_place_cpp/environment/path.dsv
[20.037s] -- Installing: /home/robotica-06/bender_ws/bender_manipulacion/install/share/bender_pick_place_cpp/local_setup.bash
[20.037s] -- Installing: /home/robotica-06/bender_ws/bender_manipulacion/install/share/bender_pick_place_cpp/local_setup.sh
[20.037s] -- Installing: /home/robotica-06/bender_ws/bender_manipulacion/install/share/bender_pick_place_cpp/local_setup.zsh
[20.037s] -- Installing: /home/robotica-06/bender_ws/bender_manipulacion/install/share/bender_pick_place_cpp/local_setup.dsv
[20.038s] -- Installing: /home/robotica-06/bender_ws/bender_manipulacion/install/share/bender_pick_place_cpp/package.dsv
[20.038s] -- Installing: /home/robotica-06/bender_ws/bender_manipulacion/install/share/ament_index/resource_index/packages/bender_pick_place_cpp
[20.038s] -- Installing: /home/robotica-06/bender_ws/bender_manipulacion/install/share/bender_pick_place_cpp/cmake/bender_pick_place_cppConfig.cmake
[20.038s] -- Installing: /home/robotica-06/bender_ws/bender_manipulacion/install/share/bender_pick_place_cpp/cmake/bender_pick_place_cppConfig-version.cmake
[20.039s] -- Installing: /home/robotica-06/bender_ws/bender_manipulacion/install/share/bender_pick_place_cpp/package.xml
[20.045s] Invoked command in '/home/robotica-06/bender_ws/bender_manipulacion/build/bender_pick_place_cpp' returned '0': CMAKE_PREFIX_PATH=${CMAKE_PREFIX_PATH}:/home/robotica-06/ws_moveit/install/moveit_configs_utils:/opt/ros/jazzy DEBUGINFOD_URLS=https://debuginfod.ubuntu.com /usr/bin/cmake --install /home/robotica-06/bender_ws/bender_manipulacion/build/bender_pick_place_cpp
