[0.095s] Invoking command in '/home/robotica-06/bender_ws/bender_manipulacion/build/bender_description': CMAKE_PREFIX_PATH=${CMAKE_PREFIX_PATH}:/home/robotica-06/ws_moveit/install/moveit_configs_utils:/opt/ros/jazzy DEBUGINFOD_URLS=https://debuginfod.ubuntu.com /usr/bin/cmake /home/robotica-06/bender_ws/bender_manipulacion/src/bender_description -DCMAKE_INSTALL_PREFIX=/home/robotica-06/bender_ws/bender_manipulacion/install
[1.241s] -- The C compiler identification is GNU 13.3.0
[1.241s] -- The CXX compiler identification is GNU 13.3.0
[1.242s] -- Detecting C compiler ABI info
[1.242s] -- Detecting C compiler ABI info - done
[1.242s] -- Check for working C compiler: /usr/bin/cc - skipped
[1.242s] -- Detecting C compile features
[1.243s] -- Detecting C compile features - done
[1.244s] -- Detecting CXX compiler ABI info
[1.244s] -- Detecting CXX compiler ABI info - done
[1.244s] -- Check for working CXX compiler: /usr/bin/c++ - skipped
[1.245s] -- Detecting CXX compile features
[1.245s] -- Detecting CXX compile features - done
[1.245s] -- Found ament_cmake: 2.5.4 (/opt/ros/jazzy/share/ament_cmake/cmake)
[1.280s] -- Found Python3: /usr/bin/python3 (found version "3.12.3") found components: Interpreter 
[1.687s] -- Found ament_lint_auto: 0.17.3 (/opt/ros/jazzy/share/ament_lint_auto/cmake)
[2.028s] -- Added test 'flake8' to check Python code syntax and style conventions
[2.028s] -- Configured 'flake8' exclude dirs and/or files: 
[2.032s] -- Added test 'lint_cmake' to check CMake code style
[2.038s] -- Added test 'pep257' to check Python code against some of the docstring style conventions in PEP 257
[2.050s] -- Added test 'xmllint' to check XML markup files
[2.061s] -- Configuring done (1.9s)
[2.069s] -- Generating done (0.0s)
[2.071s] -- Build files have been written to: /home/robotica-06/bender_ws/bender_manipulacion/build/bender_description
[2.081s] Invoked command in '/home/robotica-06/bender_ws/bender_manipulacion/build/bender_description' returned '0': CMAKE_PREFIX_PATH=${CMAKE_PREFIX_PATH}:/home/robotica-06/ws_moveit/install/moveit_configs_utils:/opt/ros/jazzy DEBUGINFOD_URLS=https://debuginfod.ubuntu.com /usr/bin/cmake /home/robotica-06/bender_ws/bender_manipulacion/src/bender_description -DCMAKE_INSTALL_PREFIX=/home/robotica-06/bender_ws/bender_manipulacion/install
[2.083s] Invoking command in '/home/robotica-06/bender_ws/bender_manipulacion/build/bender_description': CMAKE_PREFIX_PATH=${CMAKE_PREFIX_PATH}:/home/robotica-06/ws_moveit/install/moveit_configs_utils:/opt/ros/jazzy DEBUGINFOD_URLS=https://debuginfod.ubuntu.com /usr/bin/cmake --build /home/robotica-06/bender_ws/bender_manipulacion/build/bender_description -- -j8 -l8
[2.195s] Invoked command in '/home/robotica-06/bender_ws/bender_manipulacion/build/bender_description' returned '0': CMAKE_PREFIX_PATH=${CMAKE_PREFIX_PATH}:/home/robotica-06/ws_moveit/install/moveit_configs_utils:/opt/ros/jazzy DEBUGINFOD_URLS=https://debuginfod.ubuntu.com /usr/bin/cmake --build /home/robotica-06/bender_ws/bender_manipulacion/build/bender_description -- -j8 -l8
[2.197s] Invoking command in '/home/robotica-06/bender_ws/bender_manipulacion/build/bender_description': CMAKE_PREFIX_PATH=${CMAKE_PREFIX_PATH}:/home/robotica-06/ws_moveit/install/moveit_configs_utils:/opt/ros/jazzy DEBUGINFOD_URLS=https://debuginfod.ubuntu.com /usr/bin/cmake --install /home/robotica-06/bender_ws/bender_manipulacion/build/bender_description
[2.218s] -- Install configuration: ""
[2.219s] -- Installing: /home/robotica-06/bender_ws/bender_manipulacion/install/share/bender_description//launch
[2.219s] -- Installing: /home/robotica-06/bender_ws/bender_manipulacion/install/share/bender_description//launch/gazebo.launch.py
[2.219s] -- Installing: /home/robotica-06/bender_ws/bender_manipulacion/install/share/bender_description//launch/bender_moveit_rviz.launch.py
[2.219s] -- Installing: /home/robotica-06/bender_ws/bender_manipulacion/install/share/bender_description//launch/bender_moveit.launch.py
[2.220s] -- Installing: /home/robotica-06/bender_ws/bender_manipulacion/install/share/bender_description//launch/bender_bringup.launch.py
[2.220s] -- Installing: /home/robotica-06/bender_ws/bender_manipulacion/install/share/bender_description//launch/display.launch.py
[2.220s] -- Installing: /home/robotica-06/bender_ws/bender_manipulacion/install/share/bender_description//launch/rsp.launch.py
[2.220s] -- Installing: /home/robotica-06/bender_ws/bender_manipulacion/install/share/bender_description//launch/bender_move_group.launch.py
[2.220s] -- Installing: /home/robotica-06/bender_ws/bender_manipulacion/install/share/bender_description//urdf
[2.221s] -- Installing: /home/robotica-06/bender_ws/bender_manipulacion/install/share/bender_description//urdf/rgbd_camera.xacro
[2.221s] -- Installing: /home/robotica-06/bender_ws/bender_manipulacion/install/share/bender_description//urdf/ros2_control.xacro
[2.221s] -- Installing: /home/robotica-06/bender_ws/bender_manipulacion/install/share/bender_description//urdf/bender.xacro
[2.221s] -- Installing: /home/robotica-06/bender_ws/bender_manipulacion/install/share/bender_description//urdf/materials.xacro
[2.222s] -- Installing: /home/robotica-06/bender_ws/bender_manipulacion/install/share/bender_description//urdf/bender.urdf
[2.222s] -- Installing: /home/robotica-06/bender_ws/bender_manipulacion/install/share/bender_description//urdf/bender.xml
[2.222s] -- Installing: /home/robotica-06/bender_ws/bender_manipulacion/install/share/bender_description//config
[2.222s] -- Installing: /home/robotica-06/bender_ws/bender_manipulacion/install/share/bender_description//config/gz_bridge.yaml
[2.223s] -- Installing: /home/robotica-06/bender_ws/bender_manipulacion/install/share/bender_description//config/ompl_planning.yaml
[2.223s] -- Installing: /home/robotica-06/bender_ws/bender_manipulacion/install/share/bender_description//config/controllers
[2.223s] -- Installing: /home/robotica-06/bender_ws/bender_manipulacion/install/share/bender_description//config/controllers/joint_state_broadcaster.yaml
[2.223s] -- Installing: /home/robotica-06/bender_ws/bender_manipulacion/install/share/bender_description//config/controllers/moveit_controllers
[2.224s] -- Installing: /home/robotica-06/bender_ws/bender_manipulacion/install/share/bender_description//config/controllers/moveit_controllers/left_arm_controller.yaml
[2.224s] -- Installing: /home/robotica-06/bender_ws/bender_manipulacion/install/share/bender_description//config/controllers/moveit_controllers/right_arm_controller.yaml
[2.224s] -- Installing: /home/robotica-06/bender_ws/bender_manipulacion/install/share/bender_description//config/controllers/moveit_controllers/left_gripper_controller.yaml
[2.224s] -- Installing: /home/robotica-06/bender_ws/bender_manipulacion/install/share/bender_description//config/controllers/moveit_controllers/head_controller.yaml
[2.225s] -- Installing: /home/robotica-06/bender_ws/bender_manipulacion/install/share/bender_description//config/controllers/moveit_controllers/right_gripper_controller.yaml
[2.225s] -- Installing: /home/robotica-06/bender_ws/bender_manipulacion/install/share/bender_description//config/controllers/gazebo_controllers
[2.225s] -- Installing: /home/robotica-06/bender_ws/bender_manipulacion/install/share/bender_description//config/controllers/gazebo_controllers/right_arm.yaml
[2.225s] -- Installing: /home/robotica-06/bender_ws/bender_manipulacion/install/share/bender_description//config/controllers/gazebo_controllers/left_gripper.yaml
[2.225s] -- Installing: /home/robotica-06/bender_ws/bender_manipulacion/install/share/bender_description//config/controllers/gazebo_controllers/head.yaml
[2.226s] -- Installing: /home/robotica-06/bender_ws/bender_manipulacion/install/share/bender_description//config/controllers/gazebo_controllers/right_gripper.yaml
[2.226s] -- Installing: /home/robotica-06/bender_ws/bender_manipulacion/install/share/bender_description//config/controllers/gazebo_controllers/left_arm.yaml
[2.226s] -- Installing: /home/robotica-06/bender_ws/bender_manipulacion/install/share/bender_description//config/controllers/controllers.yaml
[2.226s] -- Installing: /home/robotica-06/bender_ws/bender_manipulacion/install/share/bender_description//config/controllers/initial_position.yaml
[2.226s] -- Installing: /home/robotica-06/bender_ws/bender_manipulacion/install/share/bender_description//config/ros2_controllers.yaml
[2.227s] -- Installing: /home/robotica-06/bender_ws/bender_manipulacion/install/share/bender_description//config/colors.yaml
[2.229s] -- Installing: /home/robotica-06/bender_ws/bender_manipulacion/install/share/bender_description//config/spawn.yaml
[2.229s] -- Installing: /home/robotica-06/bender_ws/bender_manipulacion/install/share/bender_description//rviz
[2.229s] -- Installing: /home/robotica-06/bender_ws/bender_manipulacion/install/share/bender_description//rviz/rviz.rviz
[2.229s] -- Installing: /home/robotica-06/bender_ws/bender_manipulacion/install/share/bender_description//worlds
[2.229s] -- Installing: /home/robotica-06/bender_ws/bender_manipulacion/install/share/bender_description//worlds/workshop.world
[2.230s] -- Installing: /home/robotica-06/bender_ws/bender_manipulacion/install/share/bender_description//worlds/empty.world
[2.230s] -- Installing: /home/robotica-06/bender_ws/bender_manipulacion/install/share/bender_description//meshes
[2.230s] -- Installing: /home/robotica-06/bender_ws/bender_manipulacion/install/share/bender_description//meshes/g2la_1.stl
[2.230s] -- Installing: /home/robotica-06/bender_ws/bender_manipulacion/install/share/bender_description//meshes/l3l_1.stl
[2.230s] -- Installing: /home/robotica-06/bender_ws/bender_manipulacion/install/share/bender_description//meshes/l6l_1.stl
[2.231s] -- Installing: /home/robotica-06/bender_ws/bender_manipulacion/install/share/bender_description//meshes/l2h_1.stl
[2.231s] -- Installing: /home/robotica-06/bender_ws/bender_manipulacion/install/share/bender_description//meshes/laser_1.stl
[2.231s] -- Installing: /home/robotica-06/bender_ws/bender_manipulacion/install/share/bender_description//meshes/wfr_1.stl
[2.232s] -- Installing: /home/robotica-06/bender_ws/bender_manipulacion/install/share/bender_description//meshes/l5l_1.stl
[2.233s] -- Installing: /home/robotica-06/bender_ws/bender_manipulacion/install/share/bender_description//meshes/wfl_1.stl
[2.235s] -- Installing: /home/robotica-06/bender_ws/bender_manipulacion/install/share/bender_description//meshes/d435.stl
[2.269s] -- Installing: /home/robotica-06/bender_ws/bender_manipulacion/install/share/bender_description//meshes/g2ra_1.stl
[2.269s] -- Installing: /home/robotica-06/bender_ws/bender_manipulacion/install/share/bender_description//meshes/l4l_1.stl
[2.271s] -- Installing: /home/robotica-06/bender_ws/bender_manipulacion/install/share/bender_description//meshes/real_sense_1.stl
[2.274s] -- Installing: /home/robotica-06/bender_ws/bender_manipulacion/install/share/bender_description//meshes/l2r_1.stl
[2.274s] -- Installing: /home/robotica-06/bender_ws/bender_manipulacion/install/share/bender_description//meshes/l1r_1.stl
[2.274s] -- Installing: /home/robotica-06/bender_ws/bender_manipulacion/install/share/bender_description//meshes/base_link.stl
[2.274s] -- Installing: /home/robotica-06/bender_ws/bender_manipulacion/install/share/bender_description//meshes/g1l_1.stl
[2.275s] -- Installing: /home/robotica-06/bender_ws/bender_manipulacion/install/share/bender_description//meshes/l1h_1.stl
[2.275s] -- Installing: /home/robotica-06/bender_ws/bender_manipulacion/install/share/bender_description//meshes/l4r_1.stl
[2.275s] -- Installing: /home/robotica-06/bender_ws/bender_manipulacion/install/share/bender_description//meshes/g1r_1.stl
[2.276s] -- Installing: /home/robotica-06/bender_ws/bender_manipulacion/install/share/bender_description//meshes/wrl_1.stl
[2.278s] -- Installing: /home/robotica-06/bender_ws/bender_manipulacion/install/share/bender_description//meshes/l1l_1.stl
[2.278s] -- Installing: /home/robotica-06/bender_ws/bender_manipulacion/install/share/bender_description//meshes/l2l_1.stl
[2.279s] -- Installing: /home/robotica-06/bender_ws/bender_manipulacion/install/share/bender_description//meshes/l3r_1.stl
[2.280s] -- Installing: /home/robotica-06/bender_ws/bender_manipulacion/install/share/bender_description//meshes/l6r_1.stl
[2.280s] -- Installing: /home/robotica-06/bender_ws/bender_manipulacion/install/share/bender_description//meshes/g2lb_1.stl
[2.281s] -- Installing: /home/robotica-06/bender_ws/bender_manipulacion/install/share/bender_description//meshes/wrr_1.stl
[2.283s] -- Installing: /home/robotica-06/bender_ws/bender_manipulacion/install/share/bender_description//meshes/l5r_1.stl
[2.284s] -- Installing: /home/robotica-06/bender_ws/bender_manipulacion/install/share/bender_description//meshes/g2rb_1.stl
[2.285s] -- Installing: /home/robotica-06/bender_ws/bender_manipulacion/install/share/ament_index/resource_index/package_run_dependencies/bender_description
[2.286s] -- Installing: /home/robotica-06/bender_ws/bender_manipulacion/install/share/ament_index/resource_index/parent_prefix_path/bender_description
[2.286s] -- Installing: /home/robotica-06/bender_ws/bender_manipulacion/install/share/bender_description/environment/ament_prefix_path.sh
[2.286s] -- Installing: /home/robotica-06/bender_ws/bender_manipulacion/install/share/bender_description/environment/ament_prefix_path.dsv
[2.287s] -- Installing: /home/robotica-06/bender_ws/bender_manipulacion/install/share/bender_description/environment/path.sh
[2.287s] -- Installing: /home/robotica-06/bender_ws/bender_manipulacion/install/share/bender_description/environment/path.dsv
[2.288s] -- Installing: /home/robotica-06/bender_ws/bender_manipulacion/install/share/bender_description/local_setup.bash
[2.288s] -- Installing: /home/robotica-06/bender_ws/bender_manipulacion/install/share/bender_description/local_setup.sh
[2.288s] -- Installing: /home/robotica-06/bender_ws/bender_manipulacion/install/share/bender_description/local_setup.zsh
[2.288s] -- Installing: /home/robotica-06/bender_ws/bender_manipulacion/install/share/bender_description/local_setup.dsv
[2.289s] -- Installing: /home/robotica-06/bender_ws/bender_manipulacion/install/share/bender_description/package.dsv
[2.289s] -- Installing: /home/robotica-06/bender_ws/bender_manipulacion/install/share/ament_index/resource_index/packages/bender_description
[2.289s] -- Installing: /home/robotica-06/bender_ws/bender_manipulacion/install/share/bender_description/cmake/bender_descriptionConfig.cmake
[2.289s] -- Installing: /home/robotica-06/bender_ws/bender_manipulacion/install/share/bender_description/cmake/bender_descriptionConfig-version.cmake
[2.290s] -- Installing: /home/robotica-06/bender_ws/bender_manipulacion/install/share/bender_description/package.xml
[2.293s] Invoked command in '/home/robotica-06/bender_ws/bender_manipulacion/build/bender_description' returned '0': CMAKE_PREFIX_PATH=${CMAKE_PREFIX_PATH}:/home/robotica-06/ws_moveit/install/moveit_configs_utils:/opt/ros/jazzy DEBUGINFOD_URLS=https://debuginfod.ubuntu.com /usr/bin/cmake --install /home/robotica-06/bender_ws/bender_manipulacion/build/bender_description
