[2.912s] Invoking command in '/home/robotica-06/bender_ws/bender_manipulacion/src/bender_moveit_scripts': DEBUGINFOD_URLS=https://debuginfod.ubuntu.com PYTHONPATH=/home/robotica-06/bender_ws/bender_manipulacion/build/bender_moveit_scripts/prefix_override:/usr/lib/python3/dist-packages/colcon_core/task/python/colcon_distutils_commands:/home/robotica-06/bender_ws/bender_manipulacion/install/lib/python3.12/site-packages:${PYTHONPATH} /usr/bin/python3 -W ignore:setup.py install is deprecated -W ignore:easy_install command is deprecated setup.py egg_info --egg-base ../../build/bender_moveit_scripts build --build-base /home/robotica-06/bender_ws/bender_manipulacion/build/bender_moveit_scripts/build install --record /home/robotica-06/bender_ws/bender_manipulacion/build/bender_moveit_scripts/install.log --single-version-externally-managed install_data
[3.611s] running egg_info
[3.612s] creating ../../build/bender_moveit_scripts/bender_moveit_scripts.egg-info
[3.682s] writing ../../build/bender_moveit_scripts/bender_moveit_scripts.egg-info/PKG-INFO
[3.682s] writing dependency_links to ../../build/bender_moveit_scripts/bender_moveit_scripts.egg-info/dependency_links.txt
[3.682s] writing entry points to ../../build/bender_moveit_scripts/bender_moveit_scripts.egg-info/entry_points.txt
[3.682s] writing requirements to ../../build/bender_moveit_scripts/bender_moveit_scripts.egg-info/requires.txt
[3.682s] writing top-level names to ../../build/bender_moveit_scripts/bender_moveit_scripts.egg-info/top_level.txt
[3.683s] writing manifest file '../../build/bender_moveit_scripts/bender_moveit_scripts.egg-info/SOURCES.txt'
[3.823s] reading manifest file '../../build/bender_moveit_scripts/bender_moveit_scripts.egg-info/SOURCES.txt'
[3.827s] writing manifest file '../../build/bender_moveit_scripts/bender_moveit_scripts.egg-info/SOURCES.txt'
[3.827s] running build
[3.827s] running build_py
[3.828s] creating /home/robotica-06/bender_ws/bender_manipulacion/build/bender_moveit_scripts/build
[3.828s] creating /home/robotica-06/bender_ws/bender_manipulacion/build/bender_moveit_scripts/build/lib
[3.828s] creating /home/robotica-06/bender_ws/bender_manipulacion/build/bender_moveit_scripts/build/lib/bender_moveit_scripts
[3.830s] copying bender_moveit_scripts/move_grippers.py -> /home/robotica-06/bender_ws/bender_manipulacion/build/bender_moveit_scripts/build/lib/bender_moveit_scripts
[3.830s] copying bender_moveit_scripts/pick_and_place.py -> /home/robotica-06/bender_ws/bender_manipulacion/build/bender_moveit_scripts/build/lib/bender_moveit_scripts
[3.830s] copying bender_moveit_scripts/publish_target_pose.py -> /home/robotica-06/bender_ws/bender_manipulacion/build/bender_moveit_scripts/build/lib/bender_moveit_scripts
[3.831s] copying bender_moveit_scripts/move_left_arm.py -> /home/robotica-06/bender_ws/bender_manipulacion/build/bender_moveit_scripts/build/lib/bender_moveit_scripts
[3.832s] copying bender_moveit_scripts/move_head.py -> /home/robotica-06/bender_ws/bender_manipulacion/build/bender_moveit_scripts/build/lib/bender_moveit_scripts
[3.832s] copying bender_moveit_scripts/skills.py -> /home/robotica-06/bender_ws/bender_manipulacion/build/bender_moveit_scripts/build/lib/bender_moveit_scripts
[3.833s] copying bender_moveit_scripts/move_right_arm.py -> /home/robotica-06/bender_ws/bender_manipulacion/build/bender_moveit_scripts/build/lib/bender_moveit_scripts
[3.834s] copying bender_moveit_scripts/move_groups_control.py -> /home/robotica-06/bender_ws/bender_manipulacion/build/bender_moveit_scripts/build/lib/bender_moveit_scripts
[3.834s] copying bender_moveit_scripts/moveit_target_pose.py -> /home/robotica-06/bender_ws/bender_manipulacion/build/bender_moveit_scripts/build/lib/bender_moveit_scripts
[3.835s] copying bender_moveit_scripts/__init__.py -> /home/robotica-06/bender_ws/bender_manipulacion/build/bender_moveit_scripts/build/lib/bender_moveit_scripts
[3.836s] copying bender_moveit_scripts/bender_update_octomap.py -> /home/robotica-06/bender_ws/bender_manipulacion/build/bender_moveit_scripts/build/lib/bender_moveit_scripts
[3.836s] running install
[3.854s] running install_lib
[3.927s] creating /home/robotica-06/bender_ws/bender_manipulacion/install/lib/python3.12/site-packages/bender_moveit_scripts
[3.927s] copying /home/robotica-06/bender_ws/bender_manipulacion/build/bender_moveit_scripts/build/lib/bender_moveit_scripts/move_grippers.py -> /home/robotica-06/bender_ws/bender_manipulacion/install/lib/python3.12/site-packages/bender_moveit_scripts
[3.927s] copying /home/robotica-06/bender_ws/bender_manipulacion/build/bender_moveit_scripts/build/lib/bender_moveit_scripts/pick_and_place.py -> /home/robotica-06/bender_ws/bender_manipulacion/install/lib/python3.12/site-packages/bender_moveit_scripts
[3.928s] copying /home/robotica-06/bender_ws/bender_manipulacion/build/bender_moveit_scripts/build/lib/bender_moveit_scripts/publish_target_pose.py -> /home/robotica-06/bender_ws/bender_manipulacion/install/lib/python3.12/site-packages/bender_moveit_scripts
[3.928s] copying /home/robotica-06/bender_ws/bender_manipulacion/build/bender_moveit_scripts/build/lib/bender_moveit_scripts/move_left_arm.py -> /home/robotica-06/bender_ws/bender_manipulacion/install/lib/python3.12/site-packages/bender_moveit_scripts
[3.929s] copying /home/robotica-06/bender_ws/bender_manipulacion/build/bender_moveit_scripts/build/lib/bender_moveit_scripts/move_head.py -> /home/robotica-06/bender_ws/bender_manipulacion/install/lib/python3.12/site-packages/bender_moveit_scripts
[3.931s] copying /home/robotica-06/bender_ws/bender_manipulacion/build/bender_moveit_scripts/build/lib/bender_moveit_scripts/skills.py -> /home/robotica-06/bender_ws/bender_manipulacion/install/lib/python3.12/site-packages/bender_moveit_scripts
[3.931s] copying /home/robotica-06/bender_ws/bender_manipulacion/build/bender_moveit_scripts/build/lib/bender_moveit_scripts/move_right_arm.py -> /home/robotica-06/bender_ws/bender_manipulacion/install/lib/python3.12/site-packages/bender_moveit_scripts
[3.931s] copying /home/robotica-06/bender_ws/bender_manipulacion/build/bender_moveit_scripts/build/lib/bender_moveit_scripts/move_groups_control.py -> /home/robotica-06/bender_ws/bender_manipulacion/install/lib/python3.12/site-packages/bender_moveit_scripts
[3.931s] copying /home/robotica-06/bender_ws/bender_manipulacion/build/bender_moveit_scripts/build/lib/bender_moveit_scripts/moveit_target_pose.py -> /home/robotica-06/bender_ws/bender_manipulacion/install/lib/python3.12/site-packages/bender_moveit_scripts
[3.932s] copying /home/robotica-06/bender_ws/bender_manipulacion/build/bender_moveit_scripts/build/lib/bender_moveit_scripts/__init__.py -> /home/robotica-06/bender_ws/bender_manipulacion/install/lib/python3.12/site-packages/bender_moveit_scripts
[3.932s] copying /home/robotica-06/bender_ws/bender_manipulacion/build/bender_moveit_scripts/build/lib/bender_moveit_scripts/bender_update_octomap.py -> /home/robotica-06/bender_ws/bender_manipulacion/install/lib/python3.12/site-packages/bender_moveit_scripts
[3.932s] byte-compiling /home/robotica-06/bender_ws/bender_manipulacion/install/lib/python3.12/site-packages/bender_moveit_scripts/move_grippers.py to move_grippers.cpython-312.pyc
[3.932s] byte-compiling /home/robotica-06/bender_ws/bender_manipulacion/install/lib/python3.12/site-packages/bender_moveit_scripts/pick_and_place.py to pick_and_place.cpython-312.pyc
[3.935s] byte-compiling /home/robotica-06/bender_ws/bender_manipulacion/install/lib/python3.12/site-packages/bender_moveit_scripts/publish_target_pose.py to publish_target_pose.cpython-312.pyc
[3.938s] byte-compiling /home/robotica-06/bender_ws/bender_manipulacion/install/lib/python3.12/site-packages/bender_moveit_scripts/move_left_arm.py to move_left_arm.cpython-312.pyc
[3.939s] byte-compiling /home/robotica-06/bender_ws/bender_manipulacion/install/lib/python3.12/site-packages/bender_moveit_scripts/move_head.py to move_head.cpython-312.pyc
[3.941s] byte-compiling /home/robotica-06/bender_ws/bender_manipulacion/install/lib/python3.12/site-packages/bender_moveit_scripts/skills.py to skills.cpython-312.pyc
[3.943s] byte-compiling /home/robotica-06/bender_ws/bender_manipulacion/install/lib/python3.12/site-packages/bender_moveit_scripts/move_right_arm.py to move_right_arm.cpython-312.pyc
[3.947s] byte-compiling /home/robotica-06/bender_ws/bender_manipulacion/install/lib/python3.12/site-packages/bender_moveit_scripts/move_groups_control.py to move_groups_control.cpython-312.pyc
[3.949s] byte-compiling /home/robotica-06/bender_ws/bender_manipulacion/install/lib/python3.12/site-packages/bender_moveit_scripts/moveit_target_pose.py to moveit_target_pose.cpython-312.pyc
[3.949s] byte-compiling /home/robotica-06/bender_ws/bender_manipulacion/install/lib/python3.12/site-packages/bender_moveit_scripts/__init__.py to __init__.cpython-312.pyc
[3.950s] byte-compiling /home/robotica-06/bender_ws/bender_manipulacion/install/lib/python3.12/site-packages/bender_moveit_scripts/bender_update_octomap.py to bender_update_octomap.cpython-312.pyc
[3.951s] running install_data
[3.951s] copying resource/bender_moveit_scripts -> /home/robotica-06/bender_ws/bender_manipulacion/install/share/ament_index/resource_index/packages
[3.951s] copying package.xml -> /home/robotica-06/bender_ws/bender_manipulacion/install/share/bender_moveit_scripts
[3.951s] running install_egg_info
[4.026s] Copying ../../build/bender_moveit_scripts/bender_moveit_scripts.egg-info to /home/robotica-06/bender_ws/bender_manipulacion/install/lib/python3.12/site-packages/bender_moveit_scripts-0.0.1-py3.12.egg-info
[4.029s] running install_scripts
[4.437s] Installing bender_update_octomap script to /home/robotica-06/bender_ws/bender_manipulacion/install/lib/bender_moveit_scripts
[4.437s] Installing gripper_action_commander script to /home/robotica-06/bender_ws/bender_manipulacion/install/lib/bender_moveit_scripts
[4.438s] Installing move_head script to /home/robotica-06/bender_ws/bender_manipulacion/install/lib/bender_moveit_scripts
[4.438s] Installing move_left_arm script to /home/robotica-06/bender_ws/bender_manipulacion/install/lib/bender_moveit_scripts
[4.438s] Installing move_right_arm script to /home/robotica-06/bender_ws/bender_manipulacion/install/lib/bender_moveit_scripts
[4.439s] Installing moveit_target_pose script to /home/robotica-06/bender_ws/bender_manipulacion/install/lib/bender_moveit_scripts
[4.439s] Installing pick_and_place script to /home/robotica-06/bender_ws/bender_manipulacion/install/lib/bender_moveit_scripts
[4.439s] Installing publish_target_pose script to /home/robotica-06/bender_ws/bender_manipulacion/install/lib/bender_moveit_scripts
[4.439s] Installing skills script to /home/robotica-06/bender_ws/bender_manipulacion/install/lib/bender_moveit_scripts
[4.440s] writing list of installed files to '/home/robotica-06/bender_ws/bender_manipulacion/build/bender_moveit_scripts/install.log'
[4.530s] Invoked command in '/home/robotica-06/bender_ws/bender_manipulacion/src/bender_moveit_scripts' returned '0': DEBUGINFOD_URLS=https://debuginfod.ubuntu.com PYTHONPATH=/home/robotica-06/bender_ws/bender_manipulacion/build/bender_moveit_scripts/prefix_override:/usr/lib/python3/dist-packages/colcon_core/task/python/colcon_distutils_commands:/home/robotica-06/bender_ws/bender_manipulacion/install/lib/python3.12/site-packages:${PYTHONPATH} /usr/bin/python3 -W ignore:setup.py install is deprecated -W ignore:easy_install command is deprecated setup.py egg_info --egg-base ../../build/bender_moveit_scripts build --build-base /home/robotica-06/bender_ws/bender_manipulacion/build/bender_moveit_scripts/build install --record /home/robotica-06/bender_ws/bender_manipulacion/build/bender_moveit_scripts/install.log --single-version-externally-managed install_data
