[0.155s] DEBUG:colcon:Command line arguments: ['/usr/bin/colcon', 'build', '--merge-install']
[0.155s] DEBUG:colcon:Parsed command line arguments: Namespace(log_base=None, log_level=None, verb_name='build', build_base='build', install_base='install', merge_install=True, symlink_install=False, test_result_base=None, continue_on_error=False, executor='parallel', parallel_workers=8, event_handlers=None, ignore_user_meta=False, metas=['./colcon.meta'], base_paths=['.'], packages_ignore=None, packages_ignore_regex=None, paths=None, packages_up_to=None, packages_up_to_regex=None, packages_above=None, packages_above_and_dependencies=None, packages_above_depth=None, packages_select_by_dep=None, packages_skip_by_dep=None, packages_skip_up_to=None, packages_select_build_failed=False, packages_skip_build_finished=False, packages_select_test_failures=False, packages_skip_test_passed=False, packages_select=None, packages_skip=None, packages_select_regex=None, packages_skip_regex=None, packages_start=None, packages_end=None, allow_overriding=[], cmake_args=None, cmake_target=None, cmake_target_skip_unavailable=False, cmake_clean_cache=False, cmake_clean_first=False, cmake_force_configure=False, ament_cmake_args=None, catkin_cmake_args=None, catkin_skip_building_tests=False, mixin_files=None, mixin=None, verb_parser=<colcon_mixin.mixin.mixin_argument.MixinArgumentDecorator object at 0x7e1bdd1dea20>, verb_extension=<colcon_core.verb.build.BuildVerb object at 0x7e1bdd1de750>, main=<bound method BuildVerb.main of <colcon_core.verb.build.BuildVerb object at 0x7e1bdd1de750>>, mixin_verb=('build',))
[0.203s] Level 1:colcon.colcon_core.package_discovery:discover_packages(colcon_meta) check parameters
[0.203s] Level 1:colcon.colcon_core.package_discovery:discover_packages(recursive) check parameters
[0.203s] Level 1:colcon.colcon_core.package_discovery:discover_packages(ignore) check parameters
[0.203s] Level 1:colcon.colcon_core.package_discovery:discover_packages(path) check parameters
[0.203s] Level 1:colcon.colcon_core.package_discovery:discover_packages(colcon_meta) discover
[0.203s] Level 1:colcon.colcon_core.package_discovery:discover_packages(recursive) discover
[0.203s] INFO:colcon.colcon_core.package_discovery:Crawling recursively for packages in '/home/robotica-06/bender_ws/bender_manipulacion'
[0.203s] Level 1:colcon.colcon_core.package_identification:_identify(.) by extensions ['ignore', 'ignore_ament_install']
[0.203s] Level 1:colcon.colcon_core.package_identification:_identify(.) by extension 'ignore'
[0.203s] Level 1:colcon.colcon_core.package_identification:_identify(.) by extension 'ignore_ament_install'
[0.203s] Level 1:colcon.colcon_core.package_identification:_identify(.) by extensions ['colcon_pkg']
[0.204s] Level 1:colcon.colcon_core.package_identification:_identify(.) by extension 'colcon_pkg'
[0.204s] Level 1:colcon.colcon_core.package_identification:_identify(.) by extensions ['colcon_meta']
[0.204s] Level 1:colcon.colcon_core.package_identification:_identify(.) by extension 'colcon_meta'
[0.204s] Level 1:colcon.colcon_core.package_identification:_identify(.) by extensions ['ros']
[0.204s] Level 1:colcon.colcon_core.package_identification:_identify(.) by extension 'ros'
[0.231s] Level 1:colcon.colcon_core.package_identification:_identify(.) by extensions ['cmake', 'python']
[0.231s] Level 1:colcon.colcon_core.package_identification:_identify(.) by extension 'cmake'
[0.231s] Level 1:colcon.colcon_core.package_identification:_identify(.) by extension 'python'
[0.231s] Level 1:colcon.colcon_core.package_identification:_identify(.) by extensions ['python_setup_py']
[0.231s] Level 1:colcon.colcon_core.package_identification:_identify(.) by extension 'python_setup_py'
[0.231s] Level 1:colcon.colcon_core.package_identification:_identify(build) by extensions ['ignore', 'ignore_ament_install']
[0.232s] Level 1:colcon.colcon_core.package_identification:_identify(build) by extension 'ignore'
[0.232s] Level 1:colcon.colcon_core.package_identification:_identify(build) ignored
[0.232s] Level 1:colcon.colcon_core.package_identification:_identify(install) by extensions ['ignore', 'ignore_ament_install']
[0.232s] Level 1:colcon.colcon_core.package_identification:_identify(install) by extension 'ignore'
[0.232s] Level 1:colcon.colcon_core.package_identification:_identify(install) ignored
[0.232s] Level 1:colcon.colcon_core.package_identification:_identify(log) by extensions ['ignore', 'ignore_ament_install']
[0.232s] Level 1:colcon.colcon_core.package_identification:_identify(log) by extension 'ignore'
[0.232s] Level 1:colcon.colcon_core.package_identification:_identify(log) ignored
[0.232s] Level 1:colcon.colcon_core.package_identification:_identify(src) by extensions ['ignore', 'ignore_ament_install']
[0.232s] Level 1:colcon.colcon_core.package_identification:_identify(src) by extension 'ignore'
[0.232s] Level 1:colcon.colcon_core.package_identification:_identify(src) by extension 'ignore_ament_install'
[0.232s] Level 1:colcon.colcon_core.package_identification:_identify(src) by extensions ['colcon_pkg']
[0.232s] Level 1:colcon.colcon_core.package_identification:_identify(src) by extension 'colcon_pkg'
[0.232s] Level 1:colcon.colcon_core.package_identification:_identify(src) by extensions ['colcon_meta']
[0.233s] Level 1:colcon.colcon_core.package_identification:_identify(src) by extension 'colcon_meta'
[0.233s] Level 1:colcon.colcon_core.package_identification:_identify(src) by extensions ['ros']
[0.233s] Level 1:colcon.colcon_core.package_identification:_identify(src) by extension 'ros'
[0.233s] Level 1:colcon.colcon_core.package_identification:_identify(src) by extensions ['cmake', 'python']
[0.233s] Level 1:colcon.colcon_core.package_identification:_identify(src) by extension 'cmake'
[0.233s] Level 1:colcon.colcon_core.package_identification:_identify(src) by extension 'python'
[0.233s] Level 1:colcon.colcon_core.package_identification:_identify(src) by extensions ['python_setup_py']
[0.233s] Level 1:colcon.colcon_core.package_identification:_identify(src) by extension 'python_setup_py'
[0.233s] Level 1:colcon.colcon_core.package_identification:_identify(src/bender_description) by extensions ['ignore', 'ignore_ament_install']
[0.233s] Level 1:colcon.colcon_core.package_identification:_identify(src/bender_description) by extension 'ignore'
[0.233s] Level 1:colcon.colcon_core.package_identification:_identify(src/bender_description) by extension 'ignore_ament_install'
[0.233s] Level 1:colcon.colcon_core.package_identification:_identify(src/bender_description) by extensions ['colcon_pkg']
[0.233s] Level 1:colcon.colcon_core.package_identification:_identify(src/bender_description) by extension 'colcon_pkg'
[0.233s] Level 1:colcon.colcon_core.package_identification:_identify(src/bender_description) by extensions ['colcon_meta']
[0.233s] Level 1:colcon.colcon_core.package_identification:_identify(src/bender_description) by extension 'colcon_meta'
[0.233s] Level 1:colcon.colcon_core.package_identification:_identify(src/bender_description) by extensions ['ros']
[0.233s] Level 1:colcon.colcon_core.package_identification:_identify(src/bender_description) by extension 'ros'
[0.236s] DEBUG:colcon.colcon_core.package_identification:Package 'src/bender_description' with type 'ros.ament_cmake' and name 'bender_description'
[0.236s] Level 1:colcon.colcon_core.package_identification:_identify(src/bender_manipulation) by extensions ['ignore', 'ignore_ament_install']
[0.236s] Level 1:colcon.colcon_core.package_identification:_identify(src/bender_manipulation) by extension 'ignore'
[0.236s] Level 1:colcon.colcon_core.package_identification:_identify(src/bender_manipulation) by extension 'ignore_ament_install'
[0.236s] Level 1:colcon.colcon_core.package_identification:_identify(src/bender_manipulation) by extensions ['colcon_pkg']
[0.236s] Level 1:colcon.colcon_core.package_identification:_identify(src/bender_manipulation) by extension 'colcon_pkg'
[0.236s] Level 1:colcon.colcon_core.package_identification:_identify(src/bender_manipulation) by extensions ['colcon_meta']
[0.236s] Level 1:colcon.colcon_core.package_identification:_identify(src/bender_manipulation) by extension 'colcon_meta'
[0.236s] Level 1:colcon.colcon_core.package_identification:_identify(src/bender_manipulation) by extensions ['ros']
[0.236s] Level 1:colcon.colcon_core.package_identification:_identify(src/bender_manipulation) by extension 'ros'
[0.237s] DEBUG:colcon.colcon_core.package_identification:Package 'src/bender_manipulation' with type 'ros.ament_cmake' and name 'bender_manipulation'
[0.237s] Level 1:colcon.colcon_core.package_identification:_identify(src/bender_moveit_config) by extensions ['ignore', 'ignore_ament_install']
[0.237s] Level 1:colcon.colcon_core.package_identification:_identify(src/bender_moveit_config) by extension 'ignore'
[0.237s] Level 1:colcon.colcon_core.package_identification:_identify(src/bender_moveit_config) by extension 'ignore_ament_install'
[0.237s] Level 1:colcon.colcon_core.package_identification:_identify(src/bender_moveit_config) by extensions ['colcon_pkg']
[0.237s] Level 1:colcon.colcon_core.package_identification:_identify(src/bender_moveit_config) by extension 'colcon_pkg'
[0.237s] Level 1:colcon.colcon_core.package_identification:_identify(src/bender_moveit_config) by extensions ['colcon_meta']
[0.237s] Level 1:colcon.colcon_core.package_identification:_identify(src/bender_moveit_config) by extension 'colcon_meta'
[0.237s] Level 1:colcon.colcon_core.package_identification:_identify(src/bender_moveit_config) by extensions ['ros']
[0.237s] Level 1:colcon.colcon_core.package_identification:_identify(src/bender_moveit_config) by extension 'ros'
[0.238s] DEBUG:colcon.colcon_core.package_identification:Package 'src/bender_moveit_config' with type 'ros.ament_cmake' and name 'bender_moveit_config'
[0.238s] Level 1:colcon.colcon_core.package_identification:_identify(src/bender_moveit_scripts) by extensions ['ignore', 'ignore_ament_install']
[0.238s] Level 1:colcon.colcon_core.package_identification:_identify(src/bender_moveit_scripts) by extension 'ignore'
[0.238s] Level 1:colcon.colcon_core.package_identification:_identify(src/bender_moveit_scripts) by extension 'ignore_ament_install'
[0.238s] Level 1:colcon.colcon_core.package_identification:_identify(src/bender_moveit_scripts) by extensions ['colcon_pkg']
[0.238s] Level 1:colcon.colcon_core.package_identification:_identify(src/bender_moveit_scripts) by extension 'colcon_pkg'
[0.239s] Level 1:colcon.colcon_core.package_identification:_identify(src/bender_moveit_scripts) by extensions ['colcon_meta']
[0.239s] Level 1:colcon.colcon_core.package_identification:_identify(src/bender_moveit_scripts) by extension 'colcon_meta'
[0.239s] Level 1:colcon.colcon_core.package_identification:_identify(src/bender_moveit_scripts) by extensions ['ros']
[0.239s] Level 1:colcon.colcon_core.package_identification:_identify(src/bender_moveit_scripts) by extension 'ros'
[0.239s] DEBUG:colcon.colcon_core.package_identification:Package 'src/bender_moveit_scripts' with type 'ros.ament_python' and name 'bender_moveit_scripts'
[0.239s] Level 1:colcon.colcon_core.package_identification:_identify(src/bender_perception) by extensions ['ignore', 'ignore_ament_install']
[0.240s] Level 1:colcon.colcon_core.package_identification:_identify(src/bender_perception) by extension 'ignore'
[0.240s] Level 1:colcon.colcon_core.package_identification:_identify(src/bender_perception) by extension 'ignore_ament_install'
[0.240s] Level 1:colcon.colcon_core.package_identification:_identify(src/bender_perception) by extensions ['colcon_pkg']
[0.240s] Level 1:colcon.colcon_core.package_identification:_identify(src/bender_perception) by extension 'colcon_pkg'
[0.240s] Level 1:colcon.colcon_core.package_identification:_identify(src/bender_perception) by extensions ['colcon_meta']
[0.240s] Level 1:colcon.colcon_core.package_identification:_identify(src/bender_perception) by extension 'colcon_meta'
[0.240s] Level 1:colcon.colcon_core.package_identification:_identify(src/bender_perception) by extensions ['ros']
[0.240s] Level 1:colcon.colcon_core.package_identification:_identify(src/bender_perception) by extension 'ros'
[0.241s] DEBUG:colcon.colcon_core.package_identification:Package 'src/bender_perception' with type 'ros.ament_python' and name 'bender_perception'
[0.241s] Level 1:colcon.colcon_core.package_identification:_identify(src/bender_pick_place_cpp) by extensions ['ignore', 'ignore_ament_install']
[0.241s] Level 1:colcon.colcon_core.package_identification:_identify(src/bender_pick_place_cpp) by extension 'ignore'
[0.241s] Level 1:colcon.colcon_core.package_identification:_identify(src/bender_pick_place_cpp) by extension 'ignore_ament_install'
[0.241s] Level 1:colcon.colcon_core.package_identification:_identify(src/bender_pick_place_cpp) by extensions ['colcon_pkg']
[0.241s] Level 1:colcon.colcon_core.package_identification:_identify(src/bender_pick_place_cpp) by extension 'colcon_pkg'
[0.241s] Level 1:colcon.colcon_core.package_identification:_identify(src/bender_pick_place_cpp) by extensions ['colcon_meta']
[0.241s] Level 1:colcon.colcon_core.package_identification:_identify(src/bender_pick_place_cpp) by extension 'colcon_meta'
[0.241s] Level 1:colcon.colcon_core.package_identification:_identify(src/bender_pick_place_cpp) by extensions ['ros']
[0.241s] Level 1:colcon.colcon_core.package_identification:_identify(src/bender_pick_place_cpp) by extension 'ros'
[0.242s] DEBUG:colcon.colcon_core.package_identification:Package 'src/bender_pick_place_cpp' with type 'ros.ament_cmake' and name 'bender_pick_place_cpp'
[0.242s] Level 1:colcon.colcon_core.package_discovery:discover_packages(recursive) using defaults
[0.242s] Level 1:colcon.colcon_core.package_discovery:discover_packages(ignore) discover
[0.242s] Level 1:colcon.colcon_core.package_discovery:discover_packages(ignore) using defaults
[0.242s] Level 1:colcon.colcon_core.package_discovery:discover_packages(path) discover
[0.242s] Level 1:colcon.colcon_core.package_discovery:discover_packages(path) using defaults
[0.262s] Level 1:colcon.colcon_core.package_discovery:discover_packages(prefix_path) check parameters
[0.262s] Level 1:colcon.colcon_core.package_discovery:discover_packages(prefix_path) discover
[0.263s] WARNING:colcon.colcon_ros.prefix_path.ament:The path '/home/robotica-06/bender_ws/bender_manipulacion/install' in the environment variable AMENT_PREFIX_PATH doesn't contain any 'local_setup.*' files.
[0.269s] DEBUG:colcon.colcon_installed_package_information.package_discovery:Found 0 installed packages in /home/robotica-06/bender_ws/bender_manipulacion/install
[0.272s] DEBUG:colcon.colcon_installed_package_information.package_discovery:Found 71 installed packages in /home/robotica-06/ws_moveit/install
[0.275s] DEBUG:colcon.colcon_installed_package_information.package_discovery:Found 429 installed packages in /opt/ros/jazzy
[0.278s] Level 1:colcon.colcon_core.package_discovery:discover_packages(prefix_path) using defaults
[0.380s] Level 5:colcon.colcon_core.verb:set package 'bender_description' build argument 'cmake_args' from command line to 'None'
[0.380s] Level 5:colcon.colcon_core.verb:set package 'bender_description' build argument 'cmake_target' from command line to 'None'
[0.380s] Level 5:colcon.colcon_core.verb:set package 'bender_description' build argument 'cmake_target_skip_unavailable' from command line to 'False'
[0.380s] Level 5:colcon.colcon_core.verb:set package 'bender_description' build argument 'cmake_clean_cache' from command line to 'False'
[0.380s] Level 5:colcon.colcon_core.verb:set package 'bender_description' build argument 'cmake_clean_first' from command line to 'False'
[0.380s] Level 5:colcon.colcon_core.verb:set package 'bender_description' build argument 'cmake_force_configure' from command line to 'False'
[0.380s] Level 5:colcon.colcon_core.verb:set package 'bender_description' build argument 'ament_cmake_args' from command line to 'None'
[0.380s] Level 5:colcon.colcon_core.verb:set package 'bender_description' build argument 'catkin_cmake_args' from command line to 'None'
[0.380s] Level 5:colcon.colcon_core.verb:set package 'bender_description' build argument 'catkin_skip_building_tests' from command line to 'False'
[0.380s] DEBUG:colcon.colcon_core.verb:Building package 'bender_description' with the following arguments: {'ament_cmake_args': None, 'build_base': '/home/robotica-06/bender_ws/bender_manipulacion/build/bender_description', 'catkin_cmake_args': None, 'catkin_skip_building_tests': False, 'cmake_args': None, 'cmake_clean_cache': False, 'cmake_clean_first': False, 'cmake_force_configure': False, 'cmake_target': None, 'cmake_target_skip_unavailable': False, 'install_base': '/home/robotica-06/bender_ws/bender_manipulacion/install', 'merge_install': True, 'path': '/home/robotica-06/bender_ws/bender_manipulacion/src/bender_description', 'symlink_install': False, 'test_result_base': None}
[0.380s] Level 5:colcon.colcon_core.verb:set package 'bender_manipulation' build argument 'cmake_args' from command line to 'None'
[0.380s] Level 5:colcon.colcon_core.verb:set package 'bender_manipulation' build argument 'cmake_target' from command line to 'None'
[0.380s] Level 5:colcon.colcon_core.verb:set package 'bender_manipulation' build argument 'cmake_target_skip_unavailable' from command line to 'False'
[0.380s] Level 5:colcon.colcon_core.verb:set package 'bender_manipulation' build argument 'cmake_clean_cache' from command line to 'False'
[0.380s] Level 5:colcon.colcon_core.verb:set package 'bender_manipulation' build argument 'cmake_clean_first' from command line to 'False'
[0.380s] Level 5:colcon.colcon_core.verb:set package 'bender_manipulation' build argument 'cmake_force_configure' from command line to 'False'
[0.380s] Level 5:colcon.colcon_core.verb:set package 'bender_manipulation' build argument 'ament_cmake_args' from command line to 'None'
[0.380s] Level 5:colcon.colcon_core.verb:set package 'bender_manipulation' build argument 'catkin_cmake_args' from command line to 'None'
[0.381s] Level 5:colcon.colcon_core.verb:set package 'bender_manipulation' build argument 'catkin_skip_building_tests' from command line to 'False'
[0.381s] DEBUG:colcon.colcon_core.verb:Building package 'bender_manipulation' with the following arguments: {'ament_cmake_args': None, 'build_base': '/home/robotica-06/bender_ws/bender_manipulacion/build/bender_manipulation', 'catkin_cmake_args': None, 'catkin_skip_building_tests': False, 'cmake_args': None, 'cmake_clean_cache': False, 'cmake_clean_first': False, 'cmake_force_configure': False, 'cmake_target': None, 'cmake_target_skip_unavailable': False, 'install_base': '/home/robotica-06/bender_ws/bender_manipulacion/install', 'merge_install': True, 'path': '/home/robotica-06/bender_ws/bender_manipulacion/src/bender_manipulation', 'symlink_install': False, 'test_result_base': None}
[0.381s] Level 5:colcon.colcon_core.verb:set package 'bender_moveit_scripts' build argument 'cmake_args' from command line to 'None'
[0.381s] Level 5:colcon.colcon_core.verb:set package 'bender_moveit_scripts' build argument 'cmake_target' from command line to 'None'
[0.381s] Level 5:colcon.colcon_core.verb:set package 'bender_moveit_scripts' build argument 'cmake_target_skip_unavailable' from command line to 'False'
[0.381s] Level 5:colcon.colcon_core.verb:set package 'bender_moveit_scripts' build argument 'cmake_clean_cache' from command line to 'False'
[0.381s] Level 5:colcon.colcon_core.verb:set package 'bender_moveit_scripts' build argument 'cmake_clean_first' from command line to 'False'
[0.381s] Level 5:colcon.colcon_core.verb:set package 'bender_moveit_scripts' build argument 'cmake_force_configure' from command line to 'False'
[0.381s] Level 5:colcon.colcon_core.verb:set package 'bender_moveit_scripts' build argument 'ament_cmake_args' from command line to 'None'
[0.381s] Level 5:colcon.colcon_core.verb:set package 'bender_moveit_scripts' build argument 'catkin_cmake_args' from command line to 'None'
[0.381s] Level 5:colcon.colcon_core.verb:set package 'bender_moveit_scripts' build argument 'catkin_skip_building_tests' from command line to 'False'
[0.381s] DEBUG:colcon.colcon_core.verb:Building package 'bender_moveit_scripts' with the following arguments: {'ament_cmake_args': None, 'build_base': '/home/robotica-06/bender_ws/bender_manipulacion/build/bender_moveit_scripts', 'catkin_cmake_args': None, 'catkin_skip_building_tests': False, 'cmake_args': None, 'cmake_clean_cache': False, 'cmake_clean_first': False, 'cmake_force_configure': False, 'cmake_target': None, 'cmake_target_skip_unavailable': False, 'install_base': '/home/robotica-06/bender_ws/bender_manipulacion/install', 'merge_install': True, 'path': '/home/robotica-06/bender_ws/bender_manipulacion/src/bender_moveit_scripts', 'symlink_install': False, 'test_result_base': None}
[0.381s] Level 5:colcon.colcon_core.verb:set package 'bender_perception' build argument 'cmake_args' from command line to 'None'
[0.382s] Level 5:colcon.colcon_core.verb:set package 'bender_perception' build argument 'cmake_target' from command line to 'None'
[0.382s] Level 5:colcon.colcon_core.verb:set package 'bender_perception' build argument 'cmake_target_skip_unavailable' from command line to 'False'
[0.382s] Level 5:colcon.colcon_core.verb:set package 'bender_perception' build argument 'cmake_clean_cache' from command line to 'False'
[0.382s] Level 5:colcon.colcon_core.verb:set package 'bender_perception' build argument 'cmake_clean_first' from command line to 'False'
[0.382s] Level 5:colcon.colcon_core.verb:set package 'bender_perception' build argument 'cmake_force_configure' from command line to 'False'
[0.382s] Level 5:colcon.colcon_core.verb:set package 'bender_perception' build argument 'ament_cmake_args' from command line to 'None'
[0.382s] Level 5:colcon.colcon_core.verb:set package 'bender_perception' build argument 'catkin_cmake_args' from command line to 'None'
[0.382s] Level 5:colcon.colcon_core.verb:set package 'bender_perception' build argument 'catkin_skip_building_tests' from command line to 'False'
[0.382s] DEBUG:colcon.colcon_core.verb:Building package 'bender_perception' with the following arguments: {'ament_cmake_args': None, 'build_base': '/home/robotica-06/bender_ws/bender_manipulacion/build/bender_perception', 'catkin_cmake_args': None, 'catkin_skip_building_tests': False, 'cmake_args': None, 'cmake_clean_cache': False, 'cmake_clean_first': False, 'cmake_force_configure': False, 'cmake_target': None, 'cmake_target_skip_unavailable': False, 'install_base': '/home/robotica-06/bender_ws/bender_manipulacion/install', 'merge_install': True, 'path': '/home/robotica-06/bender_ws/bender_manipulacion/src/bender_perception', 'symlink_install': False, 'test_result_base': None}
[0.382s] Level 5:colcon.colcon_core.verb:set package 'bender_pick_place_cpp' build argument 'cmake_args' from command line to 'None'
[0.382s] Level 5:colcon.colcon_core.verb:set package 'bender_pick_place_cpp' build argument 'cmake_target' from command line to 'None'
[0.382s] Level 5:colcon.colcon_core.verb:set package 'bender_pick_place_cpp' build argument 'cmake_target_skip_unavailable' from command line to 'False'
[0.382s] Level 5:colcon.colcon_core.verb:set package 'bender_pick_place_cpp' build argument 'cmake_clean_cache' from command line to 'False'
[0.382s] Level 5:colcon.colcon_core.verb:set package 'bender_pick_place_cpp' build argument 'cmake_clean_first' from command line to 'False'
[0.382s] Level 5:colcon.colcon_core.verb:set package 'bender_pick_place_cpp' build argument 'cmake_force_configure' from command line to 'False'
[0.382s] Level 5:colcon.colcon_core.verb:set package 'bender_pick_place_cpp' build argument 'ament_cmake_args' from command line to 'None'
[0.382s] Level 5:colcon.colcon_core.verb:set package 'bender_pick_place_cpp' build argument 'catkin_cmake_args' from command line to 'None'
[0.382s] Level 5:colcon.colcon_core.verb:set package 'bender_pick_place_cpp' build argument 'catkin_skip_building_tests' from command line to 'False'
[0.382s] DEBUG:colcon.colcon_core.verb:Building package 'bender_pick_place_cpp' with the following arguments: {'ament_cmake_args': None, 'build_base': '/home/robotica-06/bender_ws/bender_manipulacion/build/bender_pick_place_cpp', 'catkin_cmake_args': None, 'catkin_skip_building_tests': False, 'cmake_args': None, 'cmake_clean_cache': False, 'cmake_clean_first': False, 'cmake_force_configure': False, 'cmake_target': None, 'cmake_target_skip_unavailable': False, 'install_base': '/home/robotica-06/bender_ws/bender_manipulacion/install', 'merge_install': True, 'path': '/home/robotica-06/bender_ws/bender_manipulacion/src/bender_pick_place_cpp', 'symlink_install': False, 'test_result_base': None}
[0.383s] Level 5:colcon.colcon_core.verb:set package 'bender_moveit_config' build argument 'cmake_args' from command line to 'None'
[0.383s] Level 5:colcon.colcon_core.verb:set package 'bender_moveit_config' build argument 'cmake_target' from command line to 'None'
[0.383s] Level 5:colcon.colcon_core.verb:set package 'bender_moveit_config' build argument 'cmake_target_skip_unavailable' from command line to 'False'
[0.383s] Level 5:colcon.colcon_core.verb:set package 'bender_moveit_config' build argument 'cmake_clean_cache' from command line to 'False'
[0.383s] Level 5:colcon.colcon_core.verb:set package 'bender_moveit_config' build argument 'cmake_clean_first' from command line to 'False'
[0.383s] Level 5:colcon.colcon_core.verb:set package 'bender_moveit_config' build argument 'cmake_force_configure' from command line to 'False'
[0.383s] Level 5:colcon.colcon_core.verb:set package 'bender_moveit_config' build argument 'ament_cmake_args' from command line to 'None'
[0.383s] Level 5:colcon.colcon_core.verb:set package 'bender_moveit_config' build argument 'catkin_cmake_args' from command line to 'None'
[0.383s] Level 5:colcon.colcon_core.verb:set package 'bender_moveit_config' build argument 'catkin_skip_building_tests' from command line to 'False'
[0.383s] DEBUG:colcon.colcon_core.verb:Building package 'bender_moveit_config' with the following arguments: {'ament_cmake_args': None, 'build_base': '/home/robotica-06/bender_ws/bender_manipulacion/build/bender_moveit_config', 'catkin_cmake_args': None, 'catkin_skip_building_tests': False, 'cmake_args': None, 'cmake_clean_cache': False, 'cmake_clean_first': False, 'cmake_force_configure': False, 'cmake_target': None, 'cmake_target_skip_unavailable': False, 'install_base': '/home/robotica-06/bender_ws/bender_manipulacion/install', 'merge_install': True, 'path': '/home/robotica-06/bender_ws/bender_manipulacion/src/bender_moveit_config', 'symlink_install': False, 'test_result_base': None}
[0.383s] INFO:colcon.colcon_core.executor:Executing jobs using 'parallel' executor
[0.384s] DEBUG:colcon.colcon_parallel_executor.executor.parallel:run_until_complete
[0.385s] INFO:colcon.colcon_ros.task.ament_cmake.build:Building ROS package in '/home/robotica-06/bender_ws/bender_manipulacion/src/bender_description' with build type 'ament_cmake'
[0.385s] INFO:colcon.colcon_cmake.task.cmake.build:Building CMake package in '/home/robotica-06/bender_ws/bender_manipulacion/src/bender_description'
[0.388s] INFO:colcon.colcon_core.plugin_system:Skipping extension 'colcon_core.shell.bat': Not used on non-Windows systems
[0.388s] INFO:colcon.colcon_core.shell:Skip shell extension 'powershell' for command environment: Not usable outside of PowerShell
[0.388s] DEBUG:colcon.colcon_core.shell:Skip shell extension 'dsv' for command environment
[0.400s] INFO:colcon.colcon_ros.task.ament_cmake.build:Building ROS package in '/home/robotica-06/bender_ws/bender_manipulacion/src/bender_manipulation' with build type 'ament_cmake'
[0.400s] INFO:colcon.colcon_cmake.task.cmake.build:Building CMake package in '/home/robotica-06/bender_ws/bender_manipulacion/src/bender_manipulation'
[0.401s] INFO:colcon.colcon_core.shell:Skip shell extension 'powershell' for command environment: Not usable outside of PowerShell
[0.401s] DEBUG:colcon.colcon_core.shell:Skip shell extension 'dsv' for command environment
[0.413s] INFO:colcon.colcon_ros.task.ament_python.build:Building ROS package in '/home/robotica-06/bender_ws/bender_manipulacion/src/bender_moveit_scripts' with build type 'ament_python'
[0.413s] Level 1:colcon.colcon_core.shell:create_environment_hook('bender_moveit_scripts', 'ament_prefix_path')
[0.413s] INFO:colcon.colcon_core.shell:Creating environment hook '/home/robotica-06/bender_ws/bender_manipulacion/install/share/bender_moveit_scripts/hook/ament_prefix_path.ps1'
[0.414s] INFO:colcon.colcon_core.shell:Creating environment descriptor '/home/robotica-06/bender_ws/bender_manipulacion/install/share/bender_moveit_scripts/hook/ament_prefix_path.dsv'
[0.414s] INFO:colcon.colcon_core.shell:Creating environment hook '/home/robotica-06/bender_ws/bender_manipulacion/install/share/bender_moveit_scripts/hook/ament_prefix_path.sh'
[0.415s] INFO:colcon.colcon_core.shell:Skip shell extension 'powershell' for command environment: Not usable outside of PowerShell
[0.415s] DEBUG:colcon.colcon_core.shell:Skip shell extension 'dsv' for command environment
[0.427s] INFO:colcon.colcon_ros.task.ament_python.build:Building ROS package in '/home/robotica-06/bender_ws/bender_manipulacion/src/bender_perception' with build type 'ament_python'
[0.427s] Level 1:colcon.colcon_core.shell:create_environment_hook('bender_perception', 'ament_prefix_path')
[0.427s] INFO:colcon.colcon_core.shell:Creating environment hook '/home/robotica-06/bender_ws/bender_manipulacion/install/share/bender_perception/hook/ament_prefix_path.ps1'
[0.428s] INFO:colcon.colcon_core.shell:Creating environment descriptor '/home/robotica-06/bender_ws/bender_manipulacion/install/share/bender_perception/hook/ament_prefix_path.dsv'
[0.429s] INFO:colcon.colcon_core.shell:Creating environment hook '/home/robotica-06/bender_ws/bender_manipulacion/install/share/bender_perception/hook/ament_prefix_path.sh'
[0.429s] INFO:colcon.colcon_core.shell:Skip shell extension 'powershell' for command environment: Not usable outside of PowerShell
[0.429s] DEBUG:colcon.colcon_core.shell:Skip shell extension 'dsv' for command environment
[0.441s] INFO:colcon.colcon_ros.task.ament_cmake.build:Building ROS package in '/home/robotica-06/bender_ws/bender_manipulacion/src/bender_pick_place_cpp' with build type 'ament_cmake'
[0.441s] INFO:colcon.colcon_cmake.task.cmake.build:Building CMake package in '/home/robotica-06/bender_ws/bender_manipulacion/src/bender_pick_place_cpp'
[0.441s] INFO:colcon.colcon_core.shell:Skip shell extension 'powershell' for command environment: Not usable outside of PowerShell
[0.441s] DEBUG:colcon.colcon_core.shell:Skip shell extension 'dsv' for command environment
[0.458s] DEBUG:colcon.colcon_core.event_handler.log_command:Invoking command in '/home/robotica-06/bender_ws/bender_manipulacion/build/bender_description': CMAKE_PREFIX_PATH=${CMAKE_PREFIX_PATH}:/home/robotica-06/ws_moveit/install/moveit_configs_utils:/opt/ros/jazzy DEBUGINFOD_URLS=https://debuginfod.ubuntu.com /usr/bin/cmake /home/robotica-06/bender_ws/bender_manipulacion/src/bender_description -DCMAKE_INSTALL_PREFIX=/home/robotica-06/bender_ws/bender_manipulacion/install
[0.461s] DEBUG:colcon.colcon_core.event_handler.log_command:Invoking command in '/home/robotica-06/bender_ws/bender_manipulacion/build/bender_manipulation': CMAKE_PREFIX_PATH=${CMAKE_PREFIX_PATH}:/home/robotica-06/ws_moveit/install/moveit_configs_utils:/opt/ros/jazzy DEBUGINFOD_URLS=https://debuginfod.ubuntu.com /usr/bin/cmake /home/robotica-06/bender_ws/bender_manipulacion/src/bender_manipulation -DCMAKE_INSTALL_PREFIX=/home/robotica-06/bender_ws/bender_manipulacion/install
[0.885s] INFO:colcon.colcon_core.task.python.build:Building Python package in '/home/robotica-06/bender_ws/bender_manipulacion/src/bender_moveit_scripts'
[0.885s] INFO:colcon.colcon_core.shell:Skip shell extension 'powershell' for command environment: Not usable outside of PowerShell
[0.885s] DEBUG:colcon.colcon_core.shell:Skip shell extension 'dsv' for command environment
[1.352s] INFO:colcon.colcon_core.task.python.build:Building Python package in '/home/robotica-06/bender_ws/bender_manipulacion/src/bender_perception'
[1.353s] INFO:colcon.colcon_core.shell:Skip shell extension 'powershell' for command environment: Not usable outside of PowerShell
[1.353s] DEBUG:colcon.colcon_core.shell:Skip shell extension 'dsv' for command environment
[1.382s] DEBUG:colcon.colcon_core.event_handler.log_command:Invoking command in '/home/robotica-06/bender_ws/bender_manipulacion/build/bender_pick_place_cpp': CMAKE_PREFIX_PATH=${CMAKE_PREFIX_PATH}:/home/robotica-06/ws_moveit/install/moveit_configs_utils:/opt/ros/jazzy DEBUGINFOD_URLS=https://debuginfod.ubuntu.com /usr/bin/cmake /home/robotica-06/bender_ws/bender_manipulacion/src/bender_pick_place_cpp -DCMAKE_INSTALL_PREFIX=/home/robotica-06/bender_ws/bender_manipulacion/install
[2.145s] DEBUG:colcon.colcon_core.event_handler.log_command:Invoked command in '/home/robotica-06/bender_ws/bender_manipulacion/build/bender_manipulation' returned '0': CMAKE_PREFIX_PATH=${CMAKE_PREFIX_PATH}:/home/robotica-06/ws_moveit/install/moveit_configs_utils:/opt/ros/jazzy DEBUGINFOD_URLS=https://debuginfod.ubuntu.com /usr/bin/cmake /home/robotica-06/bender_ws/bender_manipulacion/src/bender_manipulation -DCMAKE_INSTALL_PREFIX=/home/robotica-06/bender_ws/bender_manipulacion/install
[2.148s] DEBUG:colcon.colcon_core.event_handler.log_command:Invoking command in '/home/robotica-06/bender_ws/bender_manipulacion/build/bender_manipulation': CMAKE_PREFIX_PATH=${CMAKE_PREFIX_PATH}:/home/robotica-06/ws_moveit/install/moveit_configs_utils:/opt/ros/jazzy DEBUGINFOD_URLS=https://debuginfod.ubuntu.com /usr/bin/cmake --build /home/robotica-06/bender_ws/bender_manipulacion/build/bender_manipulation -- -j8 -l8
[2.162s] DEBUG:colcon.colcon_core.event_handler.log_command:Invoked command in '/home/robotica-06/bender_ws/bender_manipulacion/build/bender_description' returned '0': CMAKE_PREFIX_PATH=${CMAKE_PREFIX_PATH}:/home/robotica-06/ws_moveit/install/moveit_configs_utils:/opt/ros/jazzy DEBUGINFOD_URLS=https://debuginfod.ubuntu.com /usr/bin/cmake /home/robotica-06/bender_ws/bender_manipulacion/src/bender_description -DCMAKE_INSTALL_PREFIX=/home/robotica-06/bender_ws/bender_manipulacion/install
[2.165s] DEBUG:colcon.colcon_core.event_handler.log_command:Invoking command in '/home/robotica-06/bender_ws/bender_manipulacion/build/bender_description': CMAKE_PREFIX_PATH=${CMAKE_PREFIX_PATH}:/home/robotica-06/ws_moveit/install/moveit_configs_utils:/opt/ros/jazzy DEBUGINFOD_URLS=https://debuginfod.ubuntu.com /usr/bin/cmake --build /home/robotica-06/bender_ws/bender_manipulacion/build/bender_description -- -j8 -l8
[2.254s] DEBUG:colcon.colcon_core.event_handler.log_command:Invoked command in '/home/robotica-06/bender_ws/bender_manipulacion/build/bender_manipulation' returned '0': CMAKE_PREFIX_PATH=${CMAKE_PREFIX_PATH}:/home/robotica-06/ws_moveit/install/moveit_configs_utils:/opt/ros/jazzy DEBUGINFOD_URLS=https://debuginfod.ubuntu.com /usr/bin/cmake --build /home/robotica-06/bender_ws/bender_manipulacion/build/bender_manipulation -- -j8 -l8
[2.275s] DEBUG:colcon.colcon_core.event_handler.log_command:Invoking command in '/home/robotica-06/bender_ws/bender_manipulacion/build/bender_manipulation': CMAKE_PREFIX_PATH=${CMAKE_PREFIX_PATH}:/home/robotica-06/ws_moveit/install/moveit_configs_utils:/opt/ros/jazzy DEBUGINFOD_URLS=https://debuginfod.ubuntu.com /usr/bin/cmake --install /home/robotica-06/bender_ws/bender_manipulacion/build/bender_manipulation
[2.279s] DEBUG:colcon.colcon_core.event_handler.log_command:Invoked command in '/home/robotica-06/bender_ws/bender_manipulacion/build/bender_description' returned '0': CMAKE_PREFIX_PATH=${CMAKE_PREFIX_PATH}:/home/robotica-06/ws_moveit/install/moveit_configs_utils:/opt/ros/jazzy DEBUGINFOD_URLS=https://debuginfod.ubuntu.com /usr/bin/cmake --build /home/robotica-06/bender_ws/bender_manipulacion/build/bender_description -- -j8 -l8
[2.280s] DEBUG:colcon.colcon_core.event_handler.log_command:Invoking command in '/home/robotica-06/bender_ws/bender_manipulacion/build/bender_description': CMAKE_PREFIX_PATH=${CMAKE_PREFIX_PATH}:/home/robotica-06/ws_moveit/install/moveit_configs_utils:/opt/ros/jazzy DEBUGINFOD_URLS=https://debuginfod.ubuntu.com /usr/bin/cmake --install /home/robotica-06/bender_ws/bender_manipulacion/build/bender_description
[2.309s] Level 1:colcon.colcon_core.environment:create_environment_scripts_only(bender_manipulation)
[2.315s] DEBUG:colcon.colcon_core.event_handler.log_command:Invoked command in '/home/robotica-06/bender_ws/bender_manipulacion/build/bender_manipulation' returned '0': CMAKE_PREFIX_PATH=${CMAKE_PREFIX_PATH}:/home/robotica-06/ws_moveit/install/moveit_configs_utils:/opt/ros/jazzy DEBUGINFOD_URLS=https://debuginfod.ubuntu.com /usr/bin/cmake --install /home/robotica-06/bender_ws/bender_manipulacion/build/bender_manipulation
[2.320s] Level 1:colcon.colcon_core.environment:checking '/home/robotica-06/bender_ws/bender_manipulacion/install' for CMake module files
[2.320s] Level 1:colcon.colcon_core.environment:checking '/home/robotica-06/bender_ws/bender_manipulacion/install' for CMake config files
[2.321s] Level 1:colcon.colcon_core.shell:create_environment_hook('bender_manipulation', 'cmake_prefix_path')
[2.321s] INFO:colcon.colcon_core.shell:Creating environment hook '/home/robotica-06/bender_ws/bender_manipulacion/install/share/bender_manipulation/hook/cmake_prefix_path.ps1'
[2.322s] INFO:colcon.colcon_core.shell:Creating environment descriptor '/home/robotica-06/bender_ws/bender_manipulacion/install/share/bender_manipulation/hook/cmake_prefix_path.dsv'
[2.322s] INFO:colcon.colcon_core.shell:Creating environment hook '/home/robotica-06/bender_ws/bender_manipulacion/install/share/bender_manipulation/hook/cmake_prefix_path.sh'
[2.323s] Level 1:colcon.colcon_core.environment:checking '/home/robotica-06/bender_ws/bender_manipulacion/install/lib'
[2.323s] Level 1:colcon.colcon_core.environment:checking '/home/robotica-06/bender_ws/bender_manipulacion/install/bin'
[2.324s] Level 1:colcon.colcon_core.environment:checking '/home/robotica-06/bender_ws/bender_manipulacion/install/lib/pkgconfig/bender_manipulation.pc'
[2.324s] Level 1:colcon.colcon_core.environment:checking '/home/robotica-06/bender_ws/bender_manipulacion/install/lib/python3.12/site-packages'
[2.324s] Level 1:colcon.colcon_core.shell:create_environment_hook('bender_manipulation', 'pythonpath')
[2.325s] INFO:colcon.colcon_core.shell:Creating environment hook '/home/robotica-06/bender_ws/bender_manipulacion/install/share/bender_manipulation/hook/pythonpath.ps1'
[2.325s] INFO:colcon.colcon_core.shell:Creating environment descriptor '/home/robotica-06/bender_ws/bender_manipulacion/install/share/bender_manipulation/hook/pythonpath.dsv'
[2.327s] INFO:colcon.colcon_core.shell:Creating environment hook '/home/robotica-06/bender_ws/bender_manipulacion/install/share/bender_manipulation/hook/pythonpath.sh'
[2.328s] Level 1:colcon.colcon_core.environment:checking '/home/robotica-06/bender_ws/bender_manipulacion/install/bin'
[2.329s] INFO:colcon.colcon_core.shell:Creating package script '/home/robotica-06/bender_ws/bender_manipulacion/install/share/bender_manipulation/package.ps1'
[2.331s] INFO:colcon.colcon_core.shell:Creating package descriptor '/home/robotica-06/bender_ws/bender_manipulacion/install/share/bender_manipulation/package.dsv'
[2.333s] INFO:colcon.colcon_core.shell:Creating package script '/home/robotica-06/bender_ws/bender_manipulacion/install/share/bender_manipulation/package.sh'
[2.340s] INFO:colcon.colcon_core.shell:Creating package script '/home/robotica-06/bender_ws/bender_manipulacion/install/share/bender_manipulation/package.bash'
[2.343s] INFO:colcon.colcon_core.shell:Creating package script '/home/robotica-06/bender_ws/bender_manipulacion/install/share/bender_manipulation/package.zsh'
[2.354s] Level 1:colcon.colcon_core.environment:create_file_with_runtime_dependencies(/home/robotica-06/bender_ws/bender_manipulacion/install/share/colcon-core/packages/bender_manipulation)
[2.355s] Level 1:colcon.colcon_core.environment:create_environment_scripts_only(bender_manipulation)
[2.355s] Level 1:colcon.colcon_core.environment:checking '/home/robotica-06/bender_ws/bender_manipulacion/install' for CMake module files
[2.356s] Level 1:colcon.colcon_core.environment:checking '/home/robotica-06/bender_ws/bender_manipulacion/install' for CMake config files
[2.356s] Level 1:colcon.colcon_core.shell:create_environment_hook('bender_manipulation', 'cmake_prefix_path')
[2.357s] INFO:colcon.colcon_core.shell:Creating environment hook '/home/robotica-06/bender_ws/bender_manipulacion/install/share/bender_manipulation/hook/cmake_prefix_path.ps1'
[2.357s] INFO:colcon.colcon_core.shell:Creating environment descriptor '/home/robotica-06/bender_ws/bender_manipulacion/install/share/bender_manipulation/hook/cmake_prefix_path.dsv'
[2.358s] INFO:colcon.colcon_core.shell:Creating environment hook '/home/robotica-06/bender_ws/bender_manipulacion/install/share/bender_manipulation/hook/cmake_prefix_path.sh'
[2.359s] Level 1:colcon.colcon_core.environment:checking '/home/robotica-06/bender_ws/bender_manipulacion/install/lib'
[2.359s] Level 1:colcon.colcon_core.environment:checking '/home/robotica-06/bender_ws/bender_manipulacion/install/bin'
[2.359s] Level 1:colcon.colcon_core.environment:checking '/home/robotica-06/bender_ws/bender_manipulacion/install/lib/pkgconfig/bender_manipulation.pc'
[2.359s] Level 1:colcon.colcon_core.environment:checking '/home/robotica-06/bender_ws/bender_manipulacion/install/lib/python3.12/site-packages'
[2.359s] Level 1:colcon.colcon_core.shell:create_environment_hook('bender_manipulation', 'pythonpath')
[2.360s] INFO:colcon.colcon_core.shell:Creating environment hook '/home/robotica-06/bender_ws/bender_manipulacion/install/share/bender_manipulation/hook/pythonpath.ps1'
[2.360s] INFO:colcon.colcon_core.shell:Creating environment descriptor '/home/robotica-06/bender_ws/bender_manipulacion/install/share/bender_manipulation/hook/pythonpath.dsv'
[2.361s] INFO:colcon.colcon_core.shell:Creating environment hook '/home/robotica-06/bender_ws/bender_manipulacion/install/share/bender_manipulation/hook/pythonpath.sh'
[2.362s] Level 1:colcon.colcon_core.environment:checking '/home/robotica-06/bender_ws/bender_manipulacion/install/bin'
[2.362s] INFO:colcon.colcon_core.shell:Creating package script '/home/robotica-06/bender_ws/bender_manipulacion/install/share/bender_manipulation/package.ps1'
[2.363s] INFO:colcon.colcon_core.shell:Creating package descriptor '/home/robotica-06/bender_ws/bender_manipulacion/install/share/bender_manipulation/package.dsv'
[2.364s] INFO:colcon.colcon_core.shell:Creating package script '/home/robotica-06/bender_ws/bender_manipulacion/install/share/bender_manipulation/package.sh'
[2.365s] INFO:colcon.colcon_core.shell:Creating package script '/home/robotica-06/bender_ws/bender_manipulacion/install/share/bender_manipulation/package.bash'
[2.365s] INFO:colcon.colcon_core.shell:Creating package script '/home/robotica-06/bender_ws/bender_manipulacion/install/share/bender_manipulation/package.zsh'
[2.366s] Level 1:colcon.colcon_core.environment:create_file_with_runtime_dependencies(/home/robotica-06/bender_ws/bender_manipulacion/install/share/colcon-core/packages/bender_manipulation)
[2.368s] Level 1:colcon.colcon_core.environment:create_environment_scripts_only(bender_description)
[2.369s] Level 1:colcon.colcon_core.environment:checking '/home/robotica-06/bender_ws/bender_manipulacion/install' for CMake module files
[2.370s] Level 1:colcon.colcon_core.environment:checking '/home/robotica-06/bender_ws/bender_manipulacion/install' for CMake config files
[2.370s] Level 1:colcon.colcon_core.shell:create_environment_hook('bender_description', 'cmake_prefix_path')
[2.370s] INFO:colcon.colcon_core.shell:Creating environment hook '/home/robotica-06/bender_ws/bender_manipulacion/install/share/bender_description/hook/cmake_prefix_path.ps1'
[2.371s] INFO:colcon.colcon_core.shell:Creating environment descriptor '/home/robotica-06/bender_ws/bender_manipulacion/install/share/bender_description/hook/cmake_prefix_path.dsv'
[2.369s] DEBUG:colcon.colcon_core.event_handler.log_command:Invoked command in '/home/robotica-06/bender_ws/bender_manipulacion/build/bender_description' returned '0': CMAKE_PREFIX_PATH=${CMAKE_PREFIX_PATH}:/home/robotica-06/ws_moveit/install/moveit_configs_utils:/opt/ros/jazzy DEBUGINFOD_URLS=https://debuginfod.ubuntu.com /usr/bin/cmake --install /home/robotica-06/bender_ws/bender_manipulacion/build/bender_description
[2.372s] INFO:colcon.colcon_core.shell:Creating environment hook '/home/robotica-06/bender_ws/bender_manipulacion/install/share/bender_description/hook/cmake_prefix_path.sh'
[2.374s] Level 1:colcon.colcon_core.environment:checking '/home/robotica-06/bender_ws/bender_manipulacion/install/lib'
[2.374s] Level 1:colcon.colcon_core.environment:checking '/home/robotica-06/bender_ws/bender_manipulacion/install/bin'
[2.374s] Level 1:colcon.colcon_core.environment:checking '/home/robotica-06/bender_ws/bender_manipulacion/install/lib/pkgconfig/bender_description.pc'
[2.374s] Level 1:colcon.colcon_core.environment:checking '/home/robotica-06/bender_ws/bender_manipulacion/install/lib/python3.12/site-packages'
[2.374s] Level 1:colcon.colcon_core.shell:create_environment_hook('bender_description', 'pythonpath')
[2.375s] INFO:colcon.colcon_core.shell:Creating environment hook '/home/robotica-06/bender_ws/bender_manipulacion/install/share/bender_description/hook/pythonpath.ps1'
[2.375s] INFO:colcon.colcon_core.shell:Creating environment descriptor '/home/robotica-06/bender_ws/bender_manipulacion/install/share/bender_description/hook/pythonpath.dsv'
[2.376s] INFO:colcon.colcon_core.shell:Creating environment hook '/home/robotica-06/bender_ws/bender_manipulacion/install/share/bender_description/hook/pythonpath.sh'
[2.376s] Level 1:colcon.colcon_core.environment:checking '/home/robotica-06/bender_ws/bender_manipulacion/install/bin'
[2.377s] INFO:colcon.colcon_core.shell:Creating package script '/home/robotica-06/bender_ws/bender_manipulacion/install/share/bender_description/package.ps1'
[2.377s] INFO:colcon.colcon_core.shell:Creating package descriptor '/home/robotica-06/bender_ws/bender_manipulacion/install/share/bender_description/package.dsv'
[2.378s] INFO:colcon.colcon_core.shell:Creating package script '/home/robotica-06/bender_ws/bender_manipulacion/install/share/bender_description/package.sh'
[2.379s] INFO:colcon.colcon_core.shell:Creating package script '/home/robotica-06/bender_ws/bender_manipulacion/install/share/bender_description/package.bash'
[2.380s] INFO:colcon.colcon_core.shell:Creating package script '/home/robotica-06/bender_ws/bender_manipulacion/install/share/bender_description/package.zsh'
[2.380s] Level 1:colcon.colcon_core.environment:create_file_with_runtime_dependencies(/home/robotica-06/bender_ws/bender_manipulacion/install/share/colcon-core/packages/bender_description)
[2.381s] Level 1:colcon.colcon_core.environment:create_environment_scripts_only(bender_description)
[2.381s] Level 1:colcon.colcon_core.environment:checking '/home/robotica-06/bender_ws/bender_manipulacion/install' for CMake module files
[2.382s] Level 1:colcon.colcon_core.environment:checking '/home/robotica-06/bender_ws/bender_manipulacion/install' for CMake config files
[2.382s] Level 1:colcon.colcon_core.shell:create_environment_hook('bender_description', 'cmake_prefix_path')
[2.382s] INFO:colcon.colcon_core.shell:Creating environment hook '/home/robotica-06/bender_ws/bender_manipulacion/install/share/bender_description/hook/cmake_prefix_path.ps1'
[2.383s] INFO:colcon.colcon_core.shell:Creating environment descriptor '/home/robotica-06/bender_ws/bender_manipulacion/install/share/bender_description/hook/cmake_prefix_path.dsv'
[2.384s] INFO:colcon.colcon_core.shell:Creating environment hook '/home/robotica-06/bender_ws/bender_manipulacion/install/share/bender_description/hook/cmake_prefix_path.sh'
[2.385s] Level 1:colcon.colcon_core.environment:checking '/home/robotica-06/bender_ws/bender_manipulacion/install/lib'
[2.385s] Level 1:colcon.colcon_core.environment:checking '/home/robotica-06/bender_ws/bender_manipulacion/install/bin'
[2.385s] Level 1:colcon.colcon_core.environment:checking '/home/robotica-06/bender_ws/bender_manipulacion/install/lib/pkgconfig/bender_description.pc'
[2.385s] Level 1:colcon.colcon_core.environment:checking '/home/robotica-06/bender_ws/bender_manipulacion/install/lib/python3.12/site-packages'
[2.386s] Level 1:colcon.colcon_core.shell:create_environment_hook('bender_description', 'pythonpath')
[2.386s] INFO:colcon.colcon_core.shell:Creating environment hook '/home/robotica-06/bender_ws/bender_manipulacion/install/share/bender_description/hook/pythonpath.ps1'
[2.387s] INFO:colcon.colcon_core.shell:Creating environment descriptor '/home/robotica-06/bender_ws/bender_manipulacion/install/share/bender_description/hook/pythonpath.dsv'
[2.387s] INFO:colcon.colcon_core.shell:Creating environment hook '/home/robotica-06/bender_ws/bender_manipulacion/install/share/bender_description/hook/pythonpath.sh'
[2.389s] Level 1:colcon.colcon_core.environment:checking '/home/robotica-06/bender_ws/bender_manipulacion/install/bin'
[2.390s] INFO:colcon.colcon_core.shell:Creating package script '/home/robotica-06/bender_ws/bender_manipulacion/install/share/bender_description/package.ps1'
[2.391s] INFO:colcon.colcon_core.shell:Creating package descriptor '/home/robotica-06/bender_ws/bender_manipulacion/install/share/bender_description/package.dsv'
[2.392s] INFO:colcon.colcon_core.shell:Creating package script '/home/robotica-06/bender_ws/bender_manipulacion/install/share/bender_description/package.sh'
[2.393s] INFO:colcon.colcon_core.shell:Creating package script '/home/robotica-06/bender_ws/bender_manipulacion/install/share/bender_description/package.bash'
[2.393s] INFO:colcon.colcon_core.shell:Creating package script '/home/robotica-06/bender_ws/bender_manipulacion/install/share/bender_description/package.zsh'
[2.394s] Level 1:colcon.colcon_core.environment:create_file_with_runtime_dependencies(/home/robotica-06/bender_ws/bender_manipulacion/install/share/colcon-core/packages/bender_description)
[2.395s] INFO:colcon.colcon_ros.task.ament_cmake.build:Building ROS package in '/home/robotica-06/bender_ws/bender_manipulacion/src/bender_moveit_config' with build type 'ament_cmake'
[2.395s] INFO:colcon.colcon_cmake.task.cmake.build:Building CMake package in '/home/robotica-06/bender_ws/bender_manipulacion/src/bender_moveit_config'
[2.396s] INFO:colcon.colcon_core.shell:Skip shell extension 'powershell' for command environment: Not usable outside of PowerShell
[2.396s] DEBUG:colcon.colcon_core.shell:Skip shell extension 'dsv' for command environment
[2.424s] DEBUG:colcon.colcon_core.event_handler.log_command:Invoking command in '/home/robotica-06/bender_ws/bender_manipulacion/build/bender_moveit_config': CMAKE_PREFIX_PATH=${CMAKE_PREFIX_PATH}:/home/robotica-06/ws_moveit/install/moveit_configs_utils:/opt/ros/jazzy DEBUGINFOD_URLS=https://debuginfod.ubuntu.com /usr/bin/cmake /home/robotica-06/bender_ws/bender_manipulacion/src/bender_moveit_config -DCMAKE_INSTALL_PREFIX=/home/robotica-06/bender_ws/bender_manipulacion/install
[3.048s] DEBUG:colcon.colcon_core.event_handler.log_command:Invoking command in '/home/robotica-06/bender_ws/bender_manipulacion/src/bender_perception': DEBUGINFOD_URLS=https://debuginfod.ubuntu.com PYTHONPATH=/home/robotica-06/bender_ws/bender_manipulacion/build/bender_perception/prefix_override:/usr/lib/python3/dist-packages/colcon_core/task/python/colcon_distutils_commands:/home/robotica-06/bender_ws/bender_manipulacion/install/lib/python3.12/site-packages:${PYTHONPATH} /usr/bin/python3 -W ignore:setup.py install is deprecated -W ignore:easy_install command is deprecated setup.py egg_info --egg-base ../../build/bender_perception build --build-base /home/robotica-06/bender_ws/bender_manipulacion/build/bender_perception/build install --record /home/robotica-06/bender_ws/bender_manipulacion/build/bender_perception/install.log --single-version-externally-managed install_data
[3.131s] DEBUG:colcon.colcon_core.event_handler.log_command:Invoking command in '/home/robotica-06/bender_ws/bender_manipulacion/src/bender_moveit_scripts': DEBUGINFOD_URLS=https://debuginfod.ubuntu.com PYTHONPATH=/home/robotica-06/bender_ws/bender_manipulacion/build/bender_moveit_scripts/prefix_override:/usr/lib/python3/dist-packages/colcon_core/task/python/colcon_distutils_commands:/home/robotica-06/bender_ws/bender_manipulacion/install/lib/python3.12/site-packages:${PYTHONPATH} /usr/bin/python3 -W ignore:setup.py install is deprecated -W ignore:easy_install command is deprecated setup.py egg_info --egg-base ../../build/bender_moveit_scripts build --build-base /home/robotica-06/bender_ws/bender_manipulacion/build/bender_moveit_scripts/build install --record /home/robotica-06/bender_ws/bender_manipulacion/build/bender_moveit_scripts/install.log --single-version-externally-managed install_data
[4.061s] DEBUG:colcon.colcon_core.event_handler.log_command:Invoked command in '/home/robotica-06/bender_ws/bender_manipulacion/build/bender_moveit_config' returned '0': CMAKE_PREFIX_PATH=${CMAKE_PREFIX_PATH}:/home/robotica-06/ws_moveit/install/moveit_configs_utils:/opt/ros/jazzy DEBUGINFOD_URLS=https://debuginfod.ubuntu.com /usr/bin/cmake /home/robotica-06/bender_ws/bender_manipulacion/src/bender_moveit_config -DCMAKE_INSTALL_PREFIX=/home/robotica-06/bender_ws/bender_manipulacion/install
[4.062s] DEBUG:colcon.colcon_core.event_handler.log_command:Invoking command in '/home/robotica-06/bender_ws/bender_manipulacion/build/bender_moveit_config': CMAKE_PREFIX_PATH=${CMAKE_PREFIX_PATH}:/home/robotica-06/ws_moveit/install/moveit_configs_utils:/opt/ros/jazzy DEBUGINFOD_URLS=https://debuginfod.ubuntu.com /usr/bin/cmake --build /home/robotica-06/bender_ws/bender_manipulacion/build/bender_moveit_config -- -j8 -l8
[4.152s] DEBUG:colcon.colcon_core.event_handler.log_command:Invoked command in '/home/robotica-06/bender_ws/bender_manipulacion/build/bender_moveit_config' returned '0': CMAKE_PREFIX_PATH=${CMAKE_PREFIX_PATH}:/home/robotica-06/ws_moveit/install/moveit_configs_utils:/opt/ros/jazzy DEBUGINFOD_URLS=https://debuginfod.ubuntu.com /usr/bin/cmake --build /home/robotica-06/bender_ws/bender_manipulacion/build/bender_moveit_config -- -j8 -l8
[4.154s] DEBUG:colcon.colcon_core.event_handler.log_command:Invoking command in '/home/robotica-06/bender_ws/bender_manipulacion/build/bender_moveit_config': CMAKE_PREFIX_PATH=${CMAKE_PREFIX_PATH}:/home/robotica-06/ws_moveit/install/moveit_configs_utils:/opt/ros/jazzy DEBUGINFOD_URLS=https://debuginfod.ubuntu.com /usr/bin/cmake --install /home/robotica-06/bender_ws/bender_manipulacion/build/bender_moveit_config
[4.184s] Level 1:colcon.colcon_core.environment:create_environment_scripts_only(bender_moveit_config)
[4.185s] Level 1:colcon.colcon_core.environment:checking '/home/robotica-06/bender_ws/bender_manipulacion/install' for CMake module files
[4.186s] DEBUG:colcon.colcon_core.event_handler.log_command:Invoked command in '/home/robotica-06/bender_ws/bender_manipulacion/build/bender_moveit_config' returned '0': CMAKE_PREFIX_PATH=${CMAKE_PREFIX_PATH}:/home/robotica-06/ws_moveit/install/moveit_configs_utils:/opt/ros/jazzy DEBUGINFOD_URLS=https://debuginfod.ubuntu.com /usr/bin/cmake --install /home/robotica-06/bender_ws/bender_manipulacion/build/bender_moveit_config
[4.187s] Level 1:colcon.colcon_core.environment:checking '/home/robotica-06/bender_ws/bender_manipulacion/install' for CMake config files
[4.187s] Level 1:colcon.colcon_core.shell:create_environment_hook('bender_moveit_config', 'cmake_prefix_path')
[4.188s] INFO:colcon.colcon_core.shell:Creating environment hook '/home/robotica-06/bender_ws/bender_manipulacion/install/share/bender_moveit_config/hook/cmake_prefix_path.ps1'
[4.188s] INFO:colcon.colcon_core.shell:Creating environment descriptor '/home/robotica-06/bender_ws/bender_manipulacion/install/share/bender_moveit_config/hook/cmake_prefix_path.dsv'
[4.189s] INFO:colcon.colcon_core.shell:Creating environment hook '/home/robotica-06/bender_ws/bender_manipulacion/install/share/bender_moveit_config/hook/cmake_prefix_path.sh'
[4.190s] Level 1:colcon.colcon_core.environment:checking '/home/robotica-06/bender_ws/bender_manipulacion/install/lib'
[4.190s] Level 1:colcon.colcon_core.environment:checking '/home/robotica-06/bender_ws/bender_manipulacion/install/bin'
[4.190s] Level 1:colcon.colcon_core.environment:checking '/home/robotica-06/bender_ws/bender_manipulacion/install/lib/pkgconfig/bender_moveit_config.pc'
[4.191s] Level 1:colcon.colcon_core.environment:checking '/home/robotica-06/bender_ws/bender_manipulacion/install/lib/python3.12/site-packages'
[4.191s] Level 1:colcon.colcon_core.shell:create_environment_hook('bender_moveit_config', 'pythonpath')
[4.191s] INFO:colcon.colcon_core.shell:Creating environment hook '/home/robotica-06/bender_ws/bender_manipulacion/install/share/bender_moveit_config/hook/pythonpath.ps1'
[4.192s] INFO:colcon.colcon_core.shell:Creating environment descriptor '/home/robotica-06/bender_ws/bender_manipulacion/install/share/bender_moveit_config/hook/pythonpath.dsv'
[4.192s] INFO:colcon.colcon_core.shell:Creating environment hook '/home/robotica-06/bender_ws/bender_manipulacion/install/share/bender_moveit_config/hook/pythonpath.sh'
[4.193s] Level 1:colcon.colcon_core.environment:checking '/home/robotica-06/bender_ws/bender_manipulacion/install/bin'
[4.194s] INFO:colcon.colcon_core.shell:Creating package script '/home/robotica-06/bender_ws/bender_manipulacion/install/share/bender_moveit_config/package.ps1'
[4.194s] INFO:colcon.colcon_core.shell:Creating package descriptor '/home/robotica-06/bender_ws/bender_manipulacion/install/share/bender_moveit_config/package.dsv'
[4.195s] INFO:colcon.colcon_core.shell:Creating package script '/home/robotica-06/bender_ws/bender_manipulacion/install/share/bender_moveit_config/package.sh'
[4.196s] INFO:colcon.colcon_core.shell:Creating package script '/home/robotica-06/bender_ws/bender_manipulacion/install/share/bender_moveit_config/package.bash'
[4.197s] INFO:colcon.colcon_core.shell:Creating package script '/home/robotica-06/bender_ws/bender_manipulacion/install/share/bender_moveit_config/package.zsh'
[4.197s] Level 1:colcon.colcon_core.environment:create_file_with_runtime_dependencies(/home/robotica-06/bender_ws/bender_manipulacion/install/share/colcon-core/packages/bender_moveit_config)
[4.198s] Level 1:colcon.colcon_core.environment:create_environment_scripts_only(bender_moveit_config)
[4.198s] Level 1:colcon.colcon_core.environment:checking '/home/robotica-06/bender_ws/bender_manipulacion/install' for CMake module files
[4.199s] Level 1:colcon.colcon_core.environment:checking '/home/robotica-06/bender_ws/bender_manipulacion/install' for CMake config files
[4.200s] Level 1:colcon.colcon_core.shell:create_environment_hook('bender_moveit_config', 'cmake_prefix_path')
[4.200s] INFO:colcon.colcon_core.shell:Creating environment hook '/home/robotica-06/bender_ws/bender_manipulacion/install/share/bender_moveit_config/hook/cmake_prefix_path.ps1'
[4.201s] INFO:colcon.colcon_core.shell:Creating environment descriptor '/home/robotica-06/bender_ws/bender_manipulacion/install/share/bender_moveit_config/hook/cmake_prefix_path.dsv'
[4.202s] INFO:colcon.colcon_core.shell:Creating environment hook '/home/robotica-06/bender_ws/bender_manipulacion/install/share/bender_moveit_config/hook/cmake_prefix_path.sh'
[4.202s] Level 1:colcon.colcon_core.environment:checking '/home/robotica-06/bender_ws/bender_manipulacion/install/lib'
[4.203s] Level 1:colcon.colcon_core.environment:checking '/home/robotica-06/bender_ws/bender_manipulacion/install/bin'
[4.203s] Level 1:colcon.colcon_core.environment:checking '/home/robotica-06/bender_ws/bender_manipulacion/install/lib/pkgconfig/bender_moveit_config.pc'
[4.203s] Level 1:colcon.colcon_core.environment:checking '/home/robotica-06/bender_ws/bender_manipulacion/install/lib/python3.12/site-packages'
[4.203s] Level 1:colcon.colcon_core.shell:create_environment_hook('bender_moveit_config', 'pythonpath')
[4.204s] INFO:colcon.colcon_core.shell:Creating environment hook '/home/robotica-06/bender_ws/bender_manipulacion/install/share/bender_moveit_config/hook/pythonpath.ps1'
[4.204s] INFO:colcon.colcon_core.shell:Creating environment descriptor '/home/robotica-06/bender_ws/bender_manipulacion/install/share/bender_moveit_config/hook/pythonpath.dsv'
[4.205s] INFO:colcon.colcon_core.shell:Creating environment hook '/home/robotica-06/bender_ws/bender_manipulacion/install/share/bender_moveit_config/hook/pythonpath.sh'
[4.206s] Level 1:colcon.colcon_core.environment:checking '/home/robotica-06/bender_ws/bender_manipulacion/install/bin'
[4.206s] INFO:colcon.colcon_core.shell:Creating package script '/home/robotica-06/bender_ws/bender_manipulacion/install/share/bender_moveit_config/package.ps1'
[4.207s] INFO:colcon.colcon_core.shell:Creating package descriptor '/home/robotica-06/bender_ws/bender_manipulacion/install/share/bender_moveit_config/package.dsv'
[4.208s] INFO:colcon.colcon_core.shell:Creating package script '/home/robotica-06/bender_ws/bender_manipulacion/install/share/bender_moveit_config/package.sh'
[4.209s] INFO:colcon.colcon_core.shell:Creating package script '/home/robotica-06/bender_ws/bender_manipulacion/install/share/bender_moveit_config/package.bash'
[4.210s] INFO:colcon.colcon_core.shell:Creating package script '/home/robotica-06/bender_ws/bender_manipulacion/install/share/bender_moveit_config/package.zsh'
[4.211s] Level 1:colcon.colcon_core.environment:create_file_with_runtime_dependencies(/home/robotica-06/bender_ws/bender_manipulacion/install/share/colcon-core/packages/bender_moveit_config)
[4.416s] Level 1:colcon.colcon_core.environment:checking '/home/robotica-06/bender_ws/bender_manipulacion/install' for CMake module files
[4.417s] DEBUG:colcon.colcon_core.event_handler.log_command:Invoked command in '/home/robotica-06/bender_ws/bender_manipulacion/src/bender_perception' returned '0': DEBUGINFOD_URLS=https://debuginfod.ubuntu.com PYTHONPATH=/home/robotica-06/bender_ws/bender_manipulacion/build/bender_perception/prefix_override:/usr/lib/python3/dist-packages/colcon_core/task/python/colcon_distutils_commands:/home/robotica-06/bender_ws/bender_manipulacion/install/lib/python3.12/site-packages:${PYTHONPATH} /usr/bin/python3 -W ignore:setup.py install is deprecated -W ignore:easy_install command is deprecated setup.py egg_info --egg-base ../../build/bender_perception build --build-base /home/robotica-06/bender_ws/bender_manipulacion/build/bender_perception/build install --record /home/robotica-06/bender_ws/bender_manipulacion/build/bender_perception/install.log --single-version-externally-managed install_data
[4.418s] Level 1:colcon.colcon_core.environment:checking '/home/robotica-06/bender_ws/bender_manipulacion/install' for CMake config files
[4.418s] Level 1:colcon.colcon_core.shell:create_environment_hook('bender_perception', 'cmake_prefix_path')
[4.418s] INFO:colcon.colcon_core.shell:Creating environment hook '/home/robotica-06/bender_ws/bender_manipulacion/install/share/bender_perception/hook/cmake_prefix_path.ps1'
[4.419s] INFO:colcon.colcon_core.shell:Creating environment descriptor '/home/robotica-06/bender_ws/bender_manipulacion/install/share/bender_perception/hook/cmake_prefix_path.dsv'
[4.420s] INFO:colcon.colcon_core.shell:Creating environment hook '/home/robotica-06/bender_ws/bender_manipulacion/install/share/bender_perception/hook/cmake_prefix_path.sh'
[4.421s] Level 1:colcon.colcon_core.environment:checking '/home/robotica-06/bender_ws/bender_manipulacion/install/lib'
[4.421s] Level 1:colcon.colcon_core.environment:checking '/home/robotica-06/bender_ws/bender_manipulacion/install/bin'
[4.421s] Level 1:colcon.colcon_core.environment:checking '/home/robotica-06/bender_ws/bender_manipulacion/install/lib/pkgconfig/bender_perception.pc'
[4.422s] Level 1:colcon.colcon_core.environment:checking '/home/robotica-06/bender_ws/bender_manipulacion/install/lib/python3.12/site-packages'
[4.422s] Level 1:colcon.colcon_core.shell:create_environment_hook('bender_perception', 'pythonpath')
[4.422s] INFO:colcon.colcon_core.shell:Creating environment hook '/home/robotica-06/bender_ws/bender_manipulacion/install/share/bender_perception/hook/pythonpath.ps1'
[4.423s] INFO:colcon.colcon_core.shell:Creating environment descriptor '/home/robotica-06/bender_ws/bender_manipulacion/install/share/bender_perception/hook/pythonpath.dsv'
[4.423s] INFO:colcon.colcon_core.shell:Creating environment hook '/home/robotica-06/bender_ws/bender_manipulacion/install/share/bender_perception/hook/pythonpath.sh'
[4.424s] Level 1:colcon.colcon_core.environment:checking '/home/robotica-06/bender_ws/bender_manipulacion/install/bin'
[4.425s] Level 1:colcon.colcon_core.environment:create_environment_scripts_only(bender_perception)
[4.425s] INFO:colcon.colcon_core.shell:Creating package script '/home/robotica-06/bender_ws/bender_manipulacion/install/share/bender_perception/package.ps1'
[4.426s] INFO:colcon.colcon_core.shell:Creating package descriptor '/home/robotica-06/bender_ws/bender_manipulacion/install/share/bender_perception/package.dsv'
[4.427s] INFO:colcon.colcon_core.shell:Creating package script '/home/robotica-06/bender_ws/bender_manipulacion/install/share/bender_perception/package.sh'
[4.428s] INFO:colcon.colcon_core.shell:Creating package script '/home/robotica-06/bender_ws/bender_manipulacion/install/share/bender_perception/package.bash'
[4.429s] INFO:colcon.colcon_core.shell:Creating package script '/home/robotica-06/bender_ws/bender_manipulacion/install/share/bender_perception/package.zsh'
[4.429s] Level 1:colcon.colcon_core.environment:create_file_with_runtime_dependencies(/home/robotica-06/bender_ws/bender_manipulacion/install/share/colcon-core/packages/bender_perception)
[4.448s] Level 1:colcon.colcon_core.environment:checking '/home/robotica-06/bender_ws/bender_manipulacion/install' for CMake module files
[4.448s] DEBUG:colcon.colcon_core.event_handler.log_command:Invoked command in '/home/robotica-06/bender_ws/bender_manipulacion/src/bender_moveit_scripts' returned '0': DEBUGINFOD_URLS=https://debuginfod.ubuntu.com PYTHONPATH=/home/robotica-06/bender_ws/bender_manipulacion/build/bender_moveit_scripts/prefix_override:/usr/lib/python3/dist-packages/colcon_core/task/python/colcon_distutils_commands:/home/robotica-06/bender_ws/bender_manipulacion/install/lib/python3.12/site-packages:${PYTHONPATH} /usr/bin/python3 -W ignore:setup.py install is deprecated -W ignore:easy_install command is deprecated setup.py egg_info --egg-base ../../build/bender_moveit_scripts build --build-base /home/robotica-06/bender_ws/bender_manipulacion/build/bender_moveit_scripts/build install --record /home/robotica-06/bender_ws/bender_manipulacion/build/bender_moveit_scripts/install.log --single-version-externally-managed install_data
[4.449s] Level 1:colcon.colcon_core.environment:checking '/home/robotica-06/bender_ws/bender_manipulacion/install' for CMake config files
[4.449s] Level 1:colcon.colcon_core.shell:create_environment_hook('bender_moveit_scripts', 'cmake_prefix_path')
[4.449s] INFO:colcon.colcon_core.shell:Creating environment hook '/home/robotica-06/bender_ws/bender_manipulacion/install/share/bender_moveit_scripts/hook/cmake_prefix_path.ps1'
[4.450s] INFO:colcon.colcon_core.shell:Creating environment descriptor '/home/robotica-06/bender_ws/bender_manipulacion/install/share/bender_moveit_scripts/hook/cmake_prefix_path.dsv'
[4.450s] INFO:colcon.colcon_core.shell:Creating environment hook '/home/robotica-06/bender_ws/bender_manipulacion/install/share/bender_moveit_scripts/hook/cmake_prefix_path.sh'
[4.451s] Level 1:colcon.colcon_core.environment:checking '/home/robotica-06/bender_ws/bender_manipulacion/install/lib'
[4.451s] Level 1:colcon.colcon_core.environment:checking '/home/robotica-06/bender_ws/bender_manipulacion/install/bin'
[4.451s] Level 1:colcon.colcon_core.environment:checking '/home/robotica-06/bender_ws/bender_manipulacion/install/lib/pkgconfig/bender_moveit_scripts.pc'
[4.451s] Level 1:colcon.colcon_core.environment:checking '/home/robotica-06/bender_ws/bender_manipulacion/install/lib/python3.12/site-packages'
[4.451s] Level 1:colcon.colcon_core.shell:create_environment_hook('bender_moveit_scripts', 'pythonpath')
[4.452s] INFO:colcon.colcon_core.shell:Creating environment hook '/home/robotica-06/bender_ws/bender_manipulacion/install/share/bender_moveit_scripts/hook/pythonpath.ps1'
[4.452s] INFO:colcon.colcon_core.shell:Creating environment descriptor '/home/robotica-06/bender_ws/bender_manipulacion/install/share/bender_moveit_scripts/hook/pythonpath.dsv'
[4.452s] INFO:colcon.colcon_core.shell:Creating environment hook '/home/robotica-06/bender_ws/bender_manipulacion/install/share/bender_moveit_scripts/hook/pythonpath.sh'
[4.453s] Level 1:colcon.colcon_core.environment:checking '/home/robotica-06/bender_ws/bender_manipulacion/install/bin'
[4.453s] Level 1:colcon.colcon_core.environment:create_environment_scripts_only(bender_moveit_scripts)
[4.453s] INFO:colcon.colcon_core.shell:Creating package script '/home/robotica-06/bender_ws/bender_manipulacion/install/share/bender_moveit_scripts/package.ps1'
[4.454s] INFO:colcon.colcon_core.shell:Creating package descriptor '/home/robotica-06/bender_ws/bender_manipulacion/install/share/bender_moveit_scripts/package.dsv'
[4.454s] INFO:colcon.colcon_core.shell:Creating package script '/home/robotica-06/bender_ws/bender_manipulacion/install/share/bender_moveit_scripts/package.sh'
[4.455s] INFO:colcon.colcon_core.shell:Creating package script '/home/robotica-06/bender_ws/bender_manipulacion/install/share/bender_moveit_scripts/package.bash'
[4.455s] INFO:colcon.colcon_core.shell:Creating package script '/home/robotica-06/bender_ws/bender_manipulacion/install/share/bender_moveit_scripts/package.zsh'
[4.455s] Level 1:colcon.colcon_core.environment:create_file_with_runtime_dependencies(/home/robotica-06/bender_ws/bender_manipulacion/install/share/colcon-core/packages/bender_moveit_scripts)
[7.688s] DEBUG:colcon.colcon_core.event_handler.log_command:Invoked command in '/home/robotica-06/bender_ws/bender_manipulacion/build/bender_pick_place_cpp' returned '0': CMAKE_PREFIX_PATH=${CMAKE_PREFIX_PATH}:/home/robotica-06/ws_moveit/install/moveit_configs_utils:/opt/ros/jazzy DEBUGINFOD_URLS=https://debuginfod.ubuntu.com /usr/bin/cmake /home/robotica-06/bender_ws/bender_manipulacion/src/bender_pick_place_cpp -DCMAKE_INSTALL_PREFIX=/home/robotica-06/bender_ws/bender_manipulacion/install
[7.691s] DEBUG:colcon.colcon_core.event_handler.log_command:Invoking command in '/home/robotica-06/bender_ws/bender_manipulacion/build/bender_pick_place_cpp': CMAKE_PREFIX_PATH=${CMAKE_PREFIX_PATH}:/home/robotica-06/ws_moveit/install/moveit_configs_utils:/opt/ros/jazzy DEBUGINFOD_URLS=https://debuginfod.ubuntu.com /usr/bin/cmake --build /home/robotica-06/bender_ws/bender_manipulacion/build/bender_pick_place_cpp -- -j8 -l8
[16.759s] DEBUG:colcon.colcon_core.event_handler.log_command:Invoked command in '/home/robotica-06/bender_ws/bender_manipulacion/build/bender_pick_place_cpp' returned '0': CMAKE_PREFIX_PATH=${CMAKE_PREFIX_PATH}:/home/robotica-06/ws_moveit/install/moveit_configs_utils:/opt/ros/jazzy DEBUGINFOD_URLS=https://debuginfod.ubuntu.com /usr/bin/cmake --build /home/robotica-06/bender_ws/bender_manipulacion/build/bender_pick_place_cpp -- -j8 -l8
[16.762s] DEBUG:colcon.colcon_core.event_handler.log_command:Invoking command in '/home/robotica-06/bender_ws/bender_manipulacion/build/bender_pick_place_cpp': CMAKE_PREFIX_PATH=${CMAKE_PREFIX_PATH}:/home/robotica-06/ws_moveit/install/moveit_configs_utils:/opt/ros/jazzy DEBUGINFOD_URLS=https://debuginfod.ubuntu.com /usr/bin/cmake --install /home/robotica-06/bender_ws/bender_manipulacion/build/bender_pick_place_cpp
[16.779s] Level 1:colcon.colcon_core.environment:create_environment_scripts_only(bender_pick_place_cpp)
[16.779s] Level 1:colcon.colcon_core.environment:checking '/home/robotica-06/bender_ws/bender_manipulacion/install' for CMake module files
[16.780s] DEBUG:colcon.colcon_core.event_handler.log_command:Invoked command in '/home/robotica-06/bender_ws/bender_manipulacion/build/bender_pick_place_cpp' returned '0': CMAKE_PREFIX_PATH=${CMAKE_PREFIX_PATH}:/home/robotica-06/ws_moveit/install/moveit_configs_utils:/opt/ros/jazzy DEBUGINFOD_URLS=https://debuginfod.ubuntu.com /usr/bin/cmake --install /home/robotica-06/bender_ws/bender_manipulacion/build/bender_pick_place_cpp
[16.780s] Level 1:colcon.colcon_core.environment:checking '/home/robotica-06/bender_ws/bender_manipulacion/install' for CMake config files
[16.781s] Level 1:colcon.colcon_core.shell:create_environment_hook('bender_pick_place_cpp', 'cmake_prefix_path')
[16.781s] INFO:colcon.colcon_core.shell:Creating environment hook '/home/robotica-06/bender_ws/bender_manipulacion/install/share/bender_pick_place_cpp/hook/cmake_prefix_path.ps1'
[16.781s] INFO:colcon.colcon_core.shell:Creating environment descriptor '/home/robotica-06/bender_ws/bender_manipulacion/install/share/bender_pick_place_cpp/hook/cmake_prefix_path.dsv'
[16.782s] INFO:colcon.colcon_core.shell:Creating environment hook '/home/robotica-06/bender_ws/bender_manipulacion/install/share/bender_pick_place_cpp/hook/cmake_prefix_path.sh'
[16.782s] Level 1:colcon.colcon_core.environment:checking '/home/robotica-06/bender_ws/bender_manipulacion/install/lib'
[16.782s] Level 1:colcon.colcon_core.environment:checking '/home/robotica-06/bender_ws/bender_manipulacion/install/bin'
[16.783s] Level 1:colcon.colcon_core.environment:checking '/home/robotica-06/bender_ws/bender_manipulacion/install/lib/pkgconfig/bender_pick_place_cpp.pc'
[16.783s] Level 1:colcon.colcon_core.environment:checking '/home/robotica-06/bender_ws/bender_manipulacion/install/lib/python3.12/site-packages'
[16.783s] Level 1:colcon.colcon_core.shell:create_environment_hook('bender_pick_place_cpp', 'pythonpath')
[16.783s] INFO:colcon.colcon_core.shell:Creating environment hook '/home/robotica-06/bender_ws/bender_manipulacion/install/share/bender_pick_place_cpp/hook/pythonpath.ps1'
[16.783s] INFO:colcon.colcon_core.shell:Creating environment descriptor '/home/robotica-06/bender_ws/bender_manipulacion/install/share/bender_pick_place_cpp/hook/pythonpath.dsv'
[16.784s] INFO:colcon.colcon_core.shell:Creating environment hook '/home/robotica-06/bender_ws/bender_manipulacion/install/share/bender_pick_place_cpp/hook/pythonpath.sh'
[16.784s] Level 1:colcon.colcon_core.environment:checking '/home/robotica-06/bender_ws/bender_manipulacion/install/bin'
[16.785s] INFO:colcon.colcon_core.shell:Creating package script '/home/robotica-06/bender_ws/bender_manipulacion/install/share/bender_pick_place_cpp/package.ps1'
[16.785s] INFO:colcon.colcon_core.shell:Creating package descriptor '/home/robotica-06/bender_ws/bender_manipulacion/install/share/bender_pick_place_cpp/package.dsv'
[16.786s] INFO:colcon.colcon_core.shell:Creating package script '/home/robotica-06/bender_ws/bender_manipulacion/install/share/bender_pick_place_cpp/package.sh'
[16.786s] INFO:colcon.colcon_core.shell:Creating package script '/home/robotica-06/bender_ws/bender_manipulacion/install/share/bender_pick_place_cpp/package.bash'
[16.786s] INFO:colcon.colcon_core.shell:Creating package script '/home/robotica-06/bender_ws/bender_manipulacion/install/share/bender_pick_place_cpp/package.zsh'
[16.787s] Level 1:colcon.colcon_core.environment:create_file_with_runtime_dependencies(/home/robotica-06/bender_ws/bender_manipulacion/install/share/colcon-core/packages/bender_pick_place_cpp)
[16.787s] Level 1:colcon.colcon_core.environment:create_environment_scripts_only(bender_pick_place_cpp)
[16.788s] Level 1:colcon.colcon_core.environment:checking '/home/robotica-06/bender_ws/bender_manipulacion/install' for CMake module files
[16.788s] Level 1:colcon.colcon_core.environment:checking '/home/robotica-06/bender_ws/bender_manipulacion/install' for CMake config files
[16.789s] Level 1:colcon.colcon_core.shell:create_environment_hook('bender_pick_place_cpp', 'cmake_prefix_path')
[16.789s] INFO:colcon.colcon_core.shell:Creating environment hook '/home/robotica-06/bender_ws/bender_manipulacion/install/share/bender_pick_place_cpp/hook/cmake_prefix_path.ps1'
[16.789s] INFO:colcon.colcon_core.shell:Creating environment descriptor '/home/robotica-06/bender_ws/bender_manipulacion/install/share/bender_pick_place_cpp/hook/cmake_prefix_path.dsv'
[16.790s] INFO:colcon.colcon_core.shell:Creating environment hook '/home/robotica-06/bender_ws/bender_manipulacion/install/share/bender_pick_place_cpp/hook/cmake_prefix_path.sh'
[16.790s] Level 1:colcon.colcon_core.environment:checking '/home/robotica-06/bender_ws/bender_manipulacion/install/lib'
[16.790s] Level 1:colcon.colcon_core.environment:checking '/home/robotica-06/bender_ws/bender_manipulacion/install/bin'
[16.790s] Level 1:colcon.colcon_core.environment:checking '/home/robotica-06/bender_ws/bender_manipulacion/install/lib/pkgconfig/bender_pick_place_cpp.pc'
[16.791s] Level 1:colcon.colcon_core.environment:checking '/home/robotica-06/bender_ws/bender_manipulacion/install/lib/python3.12/site-packages'
[16.791s] Level 1:colcon.colcon_core.shell:create_environment_hook('bender_pick_place_cpp', 'pythonpath')
[16.791s] INFO:colcon.colcon_core.shell:Creating environment hook '/home/robotica-06/bender_ws/bender_manipulacion/install/share/bender_pick_place_cpp/hook/pythonpath.ps1'
[16.791s] INFO:colcon.colcon_core.shell:Creating environment descriptor '/home/robotica-06/bender_ws/bender_manipulacion/install/share/bender_pick_place_cpp/hook/pythonpath.dsv'
[16.792s] INFO:colcon.colcon_core.shell:Creating environment hook '/home/robotica-06/bender_ws/bender_manipulacion/install/share/bender_pick_place_cpp/hook/pythonpath.sh'
[16.793s] Level 1:colcon.colcon_core.environment:checking '/home/robotica-06/bender_ws/bender_manipulacion/install/bin'
[16.793s] INFO:colcon.colcon_core.shell:Creating package script '/home/robotica-06/bender_ws/bender_manipulacion/install/share/bender_pick_place_cpp/package.ps1'
[16.793s] INFO:colcon.colcon_core.shell:Creating package descriptor '/home/robotica-06/bender_ws/bender_manipulacion/install/share/bender_pick_place_cpp/package.dsv'
[16.794s] INFO:colcon.colcon_core.shell:Creating package script '/home/robotica-06/bender_ws/bender_manipulacion/install/share/bender_pick_place_cpp/package.sh'
[16.795s] INFO:colcon.colcon_core.shell:Creating package script '/home/robotica-06/bender_ws/bender_manipulacion/install/share/bender_pick_place_cpp/package.bash'
[16.795s] INFO:colcon.colcon_core.shell:Creating package script '/home/robotica-06/bender_ws/bender_manipulacion/install/share/bender_pick_place_cpp/package.zsh'
[16.795s] Level 1:colcon.colcon_core.environment:create_file_with_runtime_dependencies(/home/robotica-06/bender_ws/bender_manipulacion/install/share/colcon-core/packages/bender_pick_place_cpp)
[16.796s] DEBUG:colcon.colcon_parallel_executor.executor.parallel:closing loop
[16.796s] DEBUG:colcon.colcon_parallel_executor.executor.parallel:loop closed
[16.796s] DEBUG:colcon.colcon_parallel_executor.executor.parallel:run_until_complete finished with '0'
[16.796s] DEBUG:colcon.colcon_core.event_reactor:joining thread
[16.804s] INFO:colcon.colcon_core.plugin_system:Skipping extension 'colcon_notification.desktop_notification.terminal_notifier': Not used on non-Darwin systems
[16.804s] INFO:colcon.colcon_core.plugin_system:Skipping extension 'colcon_notification.desktop_notification.win32': Not used on non-Windows systems
[16.804s] INFO:colcon.colcon_notification.desktop_notification:Sending desktop notification using 'notify2'
[16.951s] DEBUG:colcon.colcon_core.event_reactor:joined thread
[16.952s] INFO:colcon.colcon_core.shell:Creating prefix script '/home/robotica-06/bender_ws/bender_manipulacion/install/local_setup.ps1'
[16.953s] INFO:colcon.colcon_core.shell:Creating prefix util module '/home/robotica-06/bender_ws/bender_manipulacion/install/_local_setup_util_ps1.py'
[16.955s] INFO:colcon.colcon_core.shell:Creating prefix chain script '/home/robotica-06/bender_ws/bender_manipulacion/install/setup.ps1'
[16.961s] INFO:colcon.colcon_core.shell:Creating prefix script '/home/robotica-06/bender_ws/bender_manipulacion/install/local_setup.sh'
[16.962s] INFO:colcon.colcon_core.shell:Creating prefix util module '/home/robotica-06/bender_ws/bender_manipulacion/install/_local_setup_util_sh.py'
[16.963s] INFO:colcon.colcon_core.shell:Creating prefix chain script '/home/robotica-06/bender_ws/bender_manipulacion/install/setup.sh'
[16.971s] INFO:colcon.colcon_core.shell:Creating prefix script '/home/robotica-06/bender_ws/bender_manipulacion/install/local_setup.bash'
[16.972s] INFO:colcon.colcon_core.shell:Creating prefix chain script '/home/robotica-06/bender_ws/bender_manipulacion/install/setup.bash'
[16.982s] INFO:colcon.colcon_core.shell:Creating prefix script '/home/robotica-06/bender_ws/bender_manipulacion/install/local_setup.zsh'
[16.983s] INFO:colcon.colcon_core.shell:Creating prefix chain script '/home/robotica-06/bender_ws/bender_manipulacion/install/setup.zsh'
