[2.704s] Invoking command in '/home/robotica-06/bender_ws/bender_manipulacion/src/bender_perception': DEBUGINFOD_URLS=https://debuginfod.ubuntu.com PYTHONPATH=/home/robotica-06/bender_ws/bender_manipulacion/build/bender_perception/prefix_override:/usr/lib/python3/dist-packages/colcon_core/task/python/colcon_distutils_commands:/home/robotica-06/bender_ws/bender_manipulacion/install/lib/python3.12/site-packages:${PYTHONPATH} /usr/bin/python3 -W ignore:setup.py install is deprecated -W ignore:easy_install command is deprecated setup.py egg_info --egg-base ../../build/bender_perception build --build-base /home/robotica-06/bender_ws/bender_manipulacion/build/bender_perception/build install --record /home/robotica-06/bender_ws/bender_manipulacion/build/bender_perception/install.log --single-version-externally-managed install_data
[3.558s] running egg_info
[3.558s] creating ../../build/bender_perception/bender_perception.egg-info
[3.628s] writing ../../build/bender_perception/bender_perception.egg-info/PKG-INFO
[3.629s] writing dependency_links to ../../build/bender_perception/bender_perception.egg-info/dependency_links.txt
[3.629s] writing entry points to ../../build/bender_perception/bender_perception.egg-info/entry_points.txt
[3.630s] writing requirements to ../../build/bender_perception/bender_perception.egg-info/requires.txt
[3.630s] writing top-level names to ../../build/bender_perception/bender_perception.egg-info/top_level.txt
[3.630s] writing manifest file '../../build/bender_perception/bender_perception.egg-info/SOURCES.txt'
[3.749s] reading manifest file '../../build/bender_perception/bender_perception.egg-info/SOURCES.txt'
[3.750s] writing manifest file '../../build/bender_perception/bender_perception.egg-info/SOURCES.txt'
[3.750s] running build
[3.751s] running build_py
[3.751s] creating /home/robotica-06/bender_ws/bender_manipulacion/build/bender_perception/build
[3.751s] creating /home/robotica-06/bender_ws/bender_manipulacion/build/bender_perception/build/lib
[3.751s] creating /home/robotica-06/bender_ws/bender_manipulacion/build/bender_perception/build/lib/bender_perception
[3.752s] copying bender_perception/mecanum_pid.py -> /home/robotica-06/bender_ws/bender_manipulacion/build/bender_perception/build/lib/bender_perception
[3.752s] copying bender_perception/workspace_right.py -> /home/robotica-06/bender_ws/bender_manipulacion/build/bender_perception/build/lib/bender_perception
[3.752s] copying bender_perception/camera_node.py -> /home/robotica-06/bender_ws/bender_manipulacion/build/bender_perception/build/lib/bender_perception
[3.753s] copying bender_perception/workspace_left.py -> /home/robotica-06/bender_ws/bender_manipulacion/build/bender_perception/build/lib/bender_perception
[3.753s] copying bender_perception/yolo_node.py -> /home/robotica-06/bender_ws/bender_manipulacion/build/bender_perception/build/lib/bender_perception
[3.753s] copying bender_perception/__init__.py -> /home/robotica-06/bender_ws/bender_manipulacion/build/bender_perception/build/lib/bender_perception
[3.753s] copying bender_perception/head_tracker.py -> /home/robotica-06/bender_ws/bender_manipulacion/build/bender_perception/build/lib/bender_perception
[3.754s] running install
[3.765s] running install_lib
[3.811s] creating /home/robotica-06/bender_ws/bender_manipulacion/install/lib/python3.12/site-packages/bender_perception
[3.811s] copying /home/robotica-06/bender_ws/bender_manipulacion/build/bender_perception/build/lib/bender_perception/mecanum_pid.py -> /home/robotica-06/bender_ws/bender_manipulacion/install/lib/python3.12/site-packages/bender_perception
[3.811s] copying /home/robotica-06/bender_ws/bender_manipulacion/build/bender_perception/build/lib/bender_perception/workspace_right.py -> /home/robotica-06/bender_ws/bender_manipulacion/install/lib/python3.12/site-packages/bender_perception
[3.813s] copying /home/robotica-06/bender_ws/bender_manipulacion/build/bender_perception/build/lib/bender_perception/camera_node.py -> /home/robotica-06/bender_ws/bender_manipulacion/install/lib/python3.12/site-packages/bender_perception
[3.813s] copying /home/robotica-06/bender_ws/bender_manipulacion/build/bender_perception/build/lib/bender_perception/workspace_left.py -> /home/robotica-06/bender_ws/bender_manipulacion/install/lib/python3.12/site-packages/bender_perception
[3.813s] copying /home/robotica-06/bender_ws/bender_manipulacion/build/bender_perception/build/lib/bender_perception/yolo_node.py -> /home/robotica-06/bender_ws/bender_manipulacion/install/lib/python3.12/site-packages/bender_perception
[3.814s] copying /home/robotica-06/bender_ws/bender_manipulacion/build/bender_perception/build/lib/bender_perception/__init__.py -> /home/robotica-06/bender_ws/bender_manipulacion/install/lib/python3.12/site-packages/bender_perception
[3.814s] copying /home/robotica-06/bender_ws/bender_manipulacion/build/bender_perception/build/lib/bender_perception/head_tracker.py -> /home/robotica-06/bender_ws/bender_manipulacion/install/lib/python3.12/site-packages/bender_perception
[3.814s] byte-compiling /home/robotica-06/bender_ws/bender_manipulacion/install/lib/python3.12/site-packages/bender_perception/mecanum_pid.py to mecanum_pid.cpython-312.pyc
[3.820s] byte-compiling /home/robotica-06/bender_ws/bender_manipulacion/install/lib/python3.12/site-packages/bender_perception/workspace_right.py to workspace_right.cpython-312.pyc
[3.821s] byte-compiling /home/robotica-06/bender_ws/bender_manipulacion/install/lib/python3.12/site-packages/bender_perception/camera_node.py to camera_node.cpython-312.pyc
[3.824s] byte-compiling /home/robotica-06/bender_ws/bender_manipulacion/install/lib/python3.12/site-packages/bender_perception/workspace_left.py to workspace_left.cpython-312.pyc
[3.825s] byte-compiling /home/robotica-06/bender_ws/bender_manipulacion/install/lib/python3.12/site-packages/bender_perception/yolo_node.py to yolo_node.cpython-312.pyc
[3.830s] byte-compiling /home/robotica-06/bender_ws/bender_manipulacion/install/lib/python3.12/site-packages/bender_perception/__init__.py to __init__.cpython-312.pyc
[3.830s] byte-compiling /home/robotica-06/bender_ws/bender_manipulacion/install/lib/python3.12/site-packages/bender_perception/head_tracker.py to head_tracker.cpython-312.pyc
[3.832s] running install_data
[3.832s] copying resource/bender_perception -> /home/robotica-06/bender_ws/bender_manipulacion/install/share/ament_index/resource_index/packages
[3.833s] copying package.xml -> /home/robotica-06/bender_ws/bender_manipulacion/install/share/bender_perception
[3.833s] running install_egg_info
[3.886s] Copying ../../build/bender_perception/bender_perception.egg-info to /home/robotica-06/bender_ws/bender_manipulacion/install/lib/python3.12/site-packages/bender_perception-0.0.0-py3.12.egg-info
[3.887s] running install_scripts
[4.190s] Installing camera_node script to /home/robotica-06/bender_ws/bender_manipulacion/install/lib/bender_perception
[4.191s] Installing grasping_node script to /home/robotica-06/bender_ws/bender_manipulacion/install/lib/bender_perception
[4.191s] Installing head_tracker script to /home/robotica-06/bender_ws/bender_manipulacion/install/lib/bender_perception
[4.191s] Installing mecanum_pid script to /home/robotica-06/bender_ws/bender_manipulacion/install/lib/bender_perception
[4.192s] Installing workspace_left script to /home/robotica-06/bender_ws/bender_manipulacion/install/lib/bender_perception
[4.192s] Installing workspace_right script to /home/robotica-06/bender_ws/bender_manipulacion/install/lib/bender_perception
[4.192s] Installing yolo_node script to /home/robotica-06/bender_ws/bender_manipulacion/install/lib/bender_perception
[4.192s] writing list of installed files to '/home/robotica-06/bender_ws/bender_manipulacion/build/bender_perception/install.log'
[4.243s] Invoked command in '/home/robotica-06/bender_ws/bender_manipulacion/src/bender_perception' returned '0': DEBUGINFOD_URLS=https://debuginfod.ubuntu.com PYTHONPATH=/home/robotica-06/bender_ws/bender_manipulacion/build/bender_perception/prefix_override:/usr/lib/python3/dist-packages/colcon_core/task/python/colcon_distutils_commands:/home/robotica-06/bender_ws/bender_manipulacion/install/lib/python3.12/site-packages:${PYTHONPATH} /usr/bin/python3 -W ignore:setup.py install is deprecated -W ignore:easy_install command is deprecated setup.py egg_info --egg-base ../../build/bender_perception build --build-base /home/robotica-06/bender_ws/bender_manipulacion/build/bender_perception/build install --record /home/robotica-06/bender_ws/bender_manipulacion/build/bender_perception/install.log --single-version-externally-managed install_data
