[0.916s] Invoking command in '/home/robotica-06/bender_ws/bender_manipulacion/build/bender_pick_place_cpp': CMAKE_PREFIX_PATH=${CMAKE_PREFIX_PATH}:/home/robotica-06/ws_moveit/install/moveit_configs_utils:/opt/ros/jazzy DEBUGINFOD_URLS=https://debuginfod.ubuntu.com /usr/bin/cmake /home/robotica-06/bender_ws/bender_manipulacion/src/bender_pick_place_cpp -DCMAKE_INSTALL_PREFIX=/home/robotica-06/bender_ws/bender_manipulacion/install
[1.013s] -- The C compiler identification is GNU 13.3.0
[1.137s] -- The CXX compiler identification is GNU 13.3.0
[1.171s] -- Detecting C compiler ABI info
[1.368s] -- Detecting C compiler ABI info - done
[1.389s] -- Check for working C compiler: /usr/bin/cc - skipped
[1.392s] -- Detecting C compile features
[1.392s] -- Detecting C compile features - done
[1.418s] -- Detecting CXX compiler ABI info
[1.681s] -- Detecting CXX compiler ABI info - done
[1.705s] -- Check for working CXX compiler: /usr/bin/c++ - skipped
[1.705s] -- Detecting CXX compile features
[1.710s] -- Detecting CXX compile features - done
[1.726s] -- Found ament_cmake: 2.5.4 (/opt/ros/jazzy/share/ament_cmake/cmake)
[2.169s] -- Found Python3: /usr/bin/python3 (found version "3.12.3") found components: Interpreter 
[2.488s] -- Found rclcpp: 28.1.11 (/opt/ros/jazzy/share/rclcpp/cmake)
[2.650s] -- Found rosidl_generator_c: 4.6.6 (/opt/ros/jazzy/share/rosidl_generator_c/cmake)
[2.713s] -- Found rosidl_generator_cpp: 4.6.6 (/opt/ros/jazzy/share/rosidl_generator_cpp/cmake)
[2.804s] -- Using all available rosidl_typesupport_c: rosidl_typesupport_fastrtps_c;rosidl_typesupport_introspection_c
[2.902s] -- Using all available rosidl_typesupport_cpp: rosidl_typesupport_fastrtps_cpp;rosidl_typesupport_introspection_cpp
[3.251s] -- Found rmw_implementation_cmake: 7.3.2 (/opt/ros/jazzy/share/rmw_implementation_cmake/cmake)
[3.280s] -- Found rmw_fastrtps_cpp: 8.4.3 (/opt/ros/jazzy/share/rmw_fastrtps_cpp/cmake)
[3.553s] -- Found OpenSSL: /usr/lib/x86_64-linux-gnu/libcrypto.so (found version "3.0.13")  
[3.624s] -- Found FastRTPS: /opt/ros/jazzy/include (Required is at least version "2.13") 
[3.690s] -- Using RMW implementation 'rmw_fastrtps_cpp' as default
[3.918s] -- Found moveit_ros_planning_interface: 2.14.0 (/home/robotica-06/ws_moveit/install/moveit_ros_planning_interface/share/moveit_ros_planning_interface/cmake)
[4.171s] -- Found Boost: /usr/lib/x86_64-linux-gnu/cmake/Boost-1.83.0/BoostConfig.cmake (found version "1.83.0") found components: date_time filesystem program_options system thread 
[4.737s] -- Found Boost: /usr/lib/x86_64-linux-gnu/cmake/Boost-1.83.0/BoostConfig.cmake (found version "1.83.0") found components: chrono date_time filesystem iostreams program_options regex serialization system thread 
[4.932s] -- Found parameter_traits: 0.5.0 (/opt/ros/jazzy/share/parameter_traits/cmake)
[4.980s] -- Found rclcpp_lifecycle: 28.1.11 (/opt/ros/jazzy/share/rclcpp_lifecycle/cmake)
[5.060s] -- Found Boost: /usr/lib/x86_64-linux-gnu/cmake/Boost-1.83.0/BoostConfig.cmake (found version "1.83.0") found components: filesystem 
[5.251s] -- Found Eigen3: TRUE (found version "3.4.0") 
[5.251s] -- Ensuring Eigen3 include directory is part of orocos-kdl CMake target
[5.665s] -- Found Boost: /usr/lib/x86_64-linux-gnu/cmake/Boost-1.83.0/BoostConfig.cmake (found version "1.83.0") found components: system filesystem date_time program_options thread chrono 
[5.745s] -- Found Boost: /usr/lib/x86_64-linux-gnu/cmake/Boost-1.83.0/BoostConfig.cmake (found version "1.83.0") found components: thread system filesystem regex date_time program_options 
[5.795s] -- Found Boost: /usr/lib/x86_64-linux-gnu/cmake/Boost-1.83.0/BoostConfig.cmake (found version "1.83.0") found components: system filesystem date_time program_options thread 
[5.862s] -- Found moveit_visual_tools: 4.1.2 (/home/robotica-06/ws_moveit/install/moveit_visual_tools/share/moveit_visual_tools/cmake)
[6.013s] -- Setting OGRE_DIR to: '/opt/ros/jazzy/share/rviz_ogre_vendor/cmake/../../../opt/rviz_ogre_vendor/lib/OGRE/cmake'
[6.015s] -- Found OGRE
[6.015s] --   static     : OFF
[6.015s] --   components : MeshLodGenerator;Overlay;Paging;Property;RTShaderSystem;Terrain;Volume
[6.016s] --   plugins    : Plugin_BSPSceneManager;Plugin_OctreeSceneManager;Plugin_PCZSceneManager;Plugin_ParticleFX;RenderSystem_GL;RenderSystem_GL3Plus;Codec_STBI
[6.016s] --   media      : /opt/ros/jazzy/opt/rviz_ogre_vendor/share/OGRE/Media
[6.016s] -- OGRE_LIBRARIES: OgreMeshLodGenerator;OgreOverlay;OgrePaging;OgreProperty;OgreRTShaderSystem;OgreTerrain;OgreVolume;OgreMain
[6.016s] -- OGRE_LIBRARY_DIRS: /opt/ros/jazzy/opt/rviz_ogre_vendor/lib
[6.017s] -- OGRE_PLUGINS: Plugin_BSPSceneManager;Plugin_OctreeSceneManager;Plugin_PCZSceneManager;Plugin_ParticleFX;RenderSystem_GL;RenderSystem_GL3Plus;Codec_STBI
[6.017s] -- OGRE_PLUGIN_DIR: /opt/ros/jazzy/opt/rviz_ogre_vendor/lib/OGRE
[6.017s] -- rviz_ogre_vendor::OgreOverlay for IMPORTED_LOCATION_RELEASE: /opt/ros/jazzy/opt/rviz_ogre_vendor/lib/libOgreOverlay.so
[6.017s] -- rviz_ogre_vendor::OgreOverlay for IMPORTED_LOCATION_DEBUG: /opt/ros/jazzy/opt/rviz_ogre_vendor/lib/libOgreOverlay.so
[6.017s] -- rviz_ogre_vendor::OgreMain for IMPORTED_LOCATION_RELEASE: /opt/ros/jazzy/opt/rviz_ogre_vendor/lib/libOgreMain.so
[6.017s] -- rviz_ogre_vendor::OgreMain for IMPORTED_LOCATION_DEBUG: /opt/ros/jazzy/opt/rviz_ogre_vendor/lib/libOgreMain.so
[6.089s] -- Found ZLIB: /usr/lib/x86_64-linux-gnu/libz.so (found version "1.3")  
[6.117s] -- Found OpenGL: /usr/lib/x86_64-linux-gnu/libOpenGL.so   
[6.524s] -- Found X11: /usr/include   
[6.524s] -- Looking for XOpenDisplay in /usr/lib/x86_64-linux-gnu/libX11.so;/usr/lib/x86_64-linux-gnu/libXext.so
[6.678s] -- Looking for XOpenDisplay in /usr/lib/x86_64-linux-gnu/libX11.so;/usr/lib/x86_64-linux-gnu/libXext.so - found
[6.679s] -- Looking for gethostbyname
[6.811s] -- Looking for gethostbyname - found
[6.811s] -- Looking for connect
[6.928s] -- Looking for connect - found
[6.928s] -- Looking for remove
[7.052s] -- Looking for remove - found
[7.052s] -- Looking for shmat
[7.186s] -- Looking for shmat - found
[7.186s] -- Looking for IceConnectionNumber in ICE
[7.332s] -- Looking for IceConnectionNumber in ICE - found
[7.383s] -- Setting yaml-cpp_DIR to: '/opt/ros/jazzy/share/yaml_cpp_vendor/cmake/../../../opt/yaml_cpp_vendor/share/cmake/yaml-cpp'
[7.754s] -- Configuring done (6.8s)
[7.807s] -- Generating done (0.0s)
[7.816s] -- Build files have been written to: /home/robotica-06/bender_ws/bender_manipulacion/build/bender_pick_place_cpp
[7.839s] Invoked command in '/home/robotica-06/bender_ws/bender_manipulacion/build/bender_pick_place_cpp' returned '0': CMAKE_PREFIX_PATH=${CMAKE_PREFIX_PATH}:/home/robotica-06/ws_moveit/install/moveit_configs_utils:/opt/ros/jazzy DEBUGINFOD_URLS=https://debuginfod.ubuntu.com /usr/bin/cmake /home/robotica-06/bender_ws/bender_manipulacion/src/bender_pick_place_cpp -DCMAKE_INSTALL_PREFIX=/home/robotica-06/bender_ws/bender_manipulacion/install
[7.841s] Invoking command in '/home/robotica-06/bender_ws/bender_manipulacion/build/bender_pick_place_cpp': CMAKE_PREFIX_PATH=${CMAKE_PREFIX_PATH}:/home/robotica-06/ws_moveit/install/moveit_configs_utils:/opt/ros/jazzy DEBUGINFOD_URLS=https://debuginfod.ubuntu.com /usr/bin/cmake --build /home/robotica-06/bender_ws/bender_manipulacion/build/bender_pick_place_cpp -- -j8 -l8
[7.942s] [ 50%] [32mBuilding CXX object CMakeFiles/add_table.dir/src/add_table.cpp.o[0m
[15.602s] [100%] [32m[1mLinking CXX executable add_table[0m
[15.990s] [100%] Built target add_table
[16.009s] Invoked command in '/home/robotica-06/bender_ws/bender_manipulacion/build/bender_pick_place_cpp' returned '0': CMAKE_PREFIX_PATH=${CMAKE_PREFIX_PATH}:/home/robotica-06/ws_moveit/install/moveit_configs_utils:/opt/ros/jazzy DEBUGINFOD_URLS=https://debuginfod.ubuntu.com /usr/bin/cmake --build /home/robotica-06/bender_ws/bender_manipulacion/build/bender_pick_place_cpp -- -j8 -l8
[16.011s] Invoking command in '/home/robotica-06/bender_ws/bender_manipulacion/build/bender_pick_place_cpp': CMAKE_PREFIX_PATH=${CMAKE_PREFIX_PATH}:/home/robotica-06/ws_moveit/install/moveit_configs_utils:/opt/ros/jazzy DEBUGINFOD_URLS=https://debuginfod.ubuntu.com /usr/bin/cmake --install /home/robotica-06/bender_ws/bender_manipulacion/build/bender_pick_place_cpp
[16.034s] -- Install configuration: ""
[16.034s] -- Installing: /home/robotica-06/bender_ws/bender_manipulacion/install/lib/bender_pick_place_cpp/add_table
[16.036s] -- Set non-toolchain portion of runtime path of "/home/robotica-06/bender_ws/bender_manipulacion/install/lib/bender_pick_place_cpp/add_table" to ""
[16.036s] -- Installing: /home/robotica-06/bender_ws/bender_manipulacion/install/share/ament_index/resource_index/package_run_dependencies/bender_pick_place_cpp
[16.036s] -- Installing: /home/robotica-06/bender_ws/bender_manipulacion/install/share/ament_index/resource_index/parent_prefix_path/bender_pick_place_cpp
[16.037s] -- Installing: /home/robotica-06/bender_ws/bender_manipulacion/install/share/bender_pick_place_cpp/environment/ament_prefix_path.sh
[16.037s] -- Installing: /home/robotica-06/bender_ws/bender_manipulacion/install/share/bender_pick_place_cpp/environment/ament_prefix_path.dsv
[16.037s] -- Installing: /home/robotica-06/bender_ws/bender_manipulacion/install/share/bender_pick_place_cpp/environment/path.sh
[16.037s] -- Installing: /home/robotica-06/bender_ws/bender_manipulacion/install/share/bender_pick_place_cpp/environment/path.dsv
[16.038s] -- Installing: /home/robotica-06/bender_ws/bender_manipulacion/install/share/bender_pick_place_cpp/local_setup.bash
[16.038s] -- Installing: /home/robotica-06/bender_ws/bender_manipulacion/install/share/bender_pick_place_cpp/local_setup.sh
[16.038s] -- Installing: /home/robotica-06/bender_ws/bender_manipulacion/install/share/bender_pick_place_cpp/local_setup.zsh
[16.038s] -- Installing: /home/robotica-06/bender_ws/bender_manipulacion/install/share/bender_pick_place_cpp/local_setup.dsv
[16.039s] -- Installing: /home/robotica-06/bender_ws/bender_manipulacion/install/share/bender_pick_place_cpp/package.dsv
[16.039s] -- Installing: /home/robotica-06/bender_ws/bender_manipulacion/install/share/ament_index/resource_index/packages/bender_pick_place_cpp
[16.039s] -- Installing: /home/robotica-06/bender_ws/bender_manipulacion/install/share/bender_pick_place_cpp/cmake/bender_pick_place_cppConfig.cmake
[16.039s] -- Installing: /home/robotica-06/bender_ws/bender_manipulacion/install/share/bender_pick_place_cpp/cmake/bender_pick_place_cppConfig-version.cmake
[16.040s] -- Installing: /home/robotica-06/bender_ws/bender_manipulacion/install/share/bender_pick_place_cpp/package.xml
[16.044s] Invoked command in '/home/robotica-06/bender_ws/bender_manipulacion/build/bender_pick_place_cpp' returned '0': CMAKE_PREFIX_PATH=${CMAKE_PREFIX_PATH}:/home/robotica-06/ws_moveit/install/moveit_configs_utils:/opt/ros/jazzy DEBUGINFOD_URLS=https://debuginfod.ubuntu.com /usr/bin/cmake --install /home/robotica-06/bender_ws/bender_manipulacion/build/bender_pick_place_cpp
