[4.947s] Invoking command in '/home/robotica-06/bender_ws/bender_manipulacion/src/bender_perception': DEBUGINFOD_URLS=https://debuginfod.ubuntu.com PYTHONPATH=/home/robotica-06/bender_ws/bender_manipulacion/build/bender_perception/prefix_override:/usr/lib/python3/dist-packages/colcon_core/task/python/colcon_distutils_commands:/home/robotica-06/bender_ws/bender_manipulacion/install/lib/python3.12/site-packages:${PYTHONPATH} /usr/bin/python3 -W ignore:setup.py install is deprecated -W ignore:easy_install command is deprecated setup.py egg_info --egg-base ../../build/bender_perception build --build-base /home/robotica-06/bender_ws/bender_manipulacion/build/bender_perception/build install --record /home/robotica-06/bender_ws/bender_manipulacion/build/bender_perception/install.log --single-version-externally-managed install_data
[6.108s] running egg_info
[6.110s] creating ../../build/bender_perception/bender_perception.egg-info
[6.177s] writing ../../build/bender_perception/bender_perception.egg-info/PKG-INFO
[6.180s] writing dependency_links to ../../build/bender_perception/bender_perception.egg-info/dependency_links.txt
[6.180s] writing entry points to ../../build/bender_perception/bender_perception.egg-info/entry_points.txt
[6.180s] writing requirements to ../../build/bender_perception/bender_perception.egg-info/requires.txt
[6.181s] writing top-level names to ../../build/bender_perception/bender_perception.egg-info/top_level.txt
[6.181s] writing manifest file '../../build/bender_perception/bender_perception.egg-info/SOURCES.txt'
[6.324s] reading manifest file '../../build/bender_perception/bender_perception.egg-info/SOURCES.txt'
[6.325s] writing manifest file '../../build/bender_perception/bender_perception.egg-info/SOURCES.txt'
[6.326s] running build
[6.327s] running build_py
[6.330s] creating /home/robotica-06/bender_ws/bender_manipulacion/build/bender_perception/build
[6.331s] creating /home/robotica-06/bender_ws/bender_manipulacion/build/bender_perception/build/lib
[6.331s] creating /home/robotica-06/bender_ws/bender_manipulacion/build/bender_perception/build/lib/bender_perception
[6.331s] copying bender_perception/mecanum_pid.py -> /home/robotica-06/bender_ws/bender_manipulacion/build/bender_perception/build/lib/bender_perception
[6.331s] copying bender_perception/workspace_right.py -> /home/robotica-06/bender_ws/bender_manipulacion/build/bender_perception/build/lib/bender_perception
[6.332s] copying bender_perception/camera_node.py -> /home/robotica-06/bender_ws/bender_manipulacion/build/bender_perception/build/lib/bender_perception
[6.332s] copying bender_perception/workspace_left.py -> /home/robotica-06/bender_ws/bender_manipulacion/build/bender_perception/build/lib/bender_perception
[6.332s] copying bender_perception/yolo_node.py -> /home/robotica-06/bender_ws/bender_manipulacion/build/bender_perception/build/lib/bender_perception
[6.332s] copying bender_perception/__init__.py -> /home/robotica-06/bender_ws/bender_manipulacion/build/bender_perception/build/lib/bender_perception
[6.332s] copying bender_perception/head_tracker.py -> /home/robotica-06/bender_ws/bender_manipulacion/build/bender_perception/build/lib/bender_perception
[6.332s] running install
[6.346s] running install_lib
[6.405s] creating /home/robotica-06/bender_ws/bender_manipulacion/install/lib/python3.12/site-packages/bender_perception
[6.406s] copying /home/robotica-06/bender_ws/bender_manipulacion/build/bender_perception/build/lib/bender_perception/mecanum_pid.py -> /home/robotica-06/bender_ws/bender_manipulacion/install/lib/python3.12/site-packages/bender_perception
[6.406s] copying /home/robotica-06/bender_ws/bender_manipulacion/build/bender_perception/build/lib/bender_perception/workspace_right.py -> /home/robotica-06/bender_ws/bender_manipulacion/install/lib/python3.12/site-packages/bender_perception
[6.407s] copying /home/robotica-06/bender_ws/bender_manipulacion/build/bender_perception/build/lib/bender_perception/camera_node.py -> /home/robotica-06/bender_ws/bender_manipulacion/install/lib/python3.12/site-packages/bender_perception
[6.407s] copying /home/robotica-06/bender_ws/bender_manipulacion/build/bender_perception/build/lib/bender_perception/workspace_left.py -> /home/robotica-06/bender_ws/bender_manipulacion/install/lib/python3.12/site-packages/bender_perception
[6.407s] copying /home/robotica-06/bender_ws/bender_manipulacion/build/bender_perception/build/lib/bender_perception/yolo_node.py -> /home/robotica-06/bender_ws/bender_manipulacion/install/lib/python3.12/site-packages/bender_perception
[6.413s] copying /home/robotica-06/bender_ws/bender_manipulacion/build/bender_perception/build/lib/bender_perception/__init__.py -> /home/robotica-06/bender_ws/bender_manipulacion/install/lib/python3.12/site-packages/bender_perception
[6.413s] copying /home/robotica-06/bender_ws/bender_manipulacion/build/bender_perception/build/lib/bender_perception/head_tracker.py -> /home/robotica-06/bender_ws/bender_manipulacion/install/lib/python3.12/site-packages/bender_perception
[6.414s] byte-compiling /home/robotica-06/bender_ws/bender_manipulacion/install/lib/python3.12/site-packages/bender_perception/mecanum_pid.py to mecanum_pid.cpython-312.pyc
[6.427s] byte-compiling /home/robotica-06/bender_ws/bender_manipulacion/install/lib/python3.12/site-packages/bender_perception/workspace_right.py to workspace_right.cpython-312.pyc
[6.427s] byte-compiling /home/robotica-06/bender_ws/bender_manipulacion/install/lib/python3.12/site-packages/bender_perception/camera_node.py to camera_node.cpython-312.pyc
[6.432s] byte-compiling /home/robotica-06/bender_ws/bender_manipulacion/install/lib/python3.12/site-packages/bender_perception/workspace_left.py to workspace_left.cpython-312.pyc
[6.434s] byte-compiling /home/robotica-06/bender_ws/bender_manipulacion/install/lib/python3.12/site-packages/bender_perception/yolo_node.py to yolo_node.cpython-312.pyc
[6.440s] byte-compiling /home/robotica-06/bender_ws/bender_manipulacion/install/lib/python3.12/site-packages/bender_perception/__init__.py to __init__.cpython-312.pyc
[6.440s] byte-compiling /home/robotica-06/bender_ws/bender_manipulacion/install/lib/python3.12/site-packages/bender_perception/head_tracker.py to head_tracker.cpython-312.pyc
[6.443s] running install_data
[6.443s] copying resource/bender_perception -> /home/robotica-06/bender_ws/bender_manipulacion/install/share/ament_index/resource_index/packages
[6.443s] copying package.xml -> /home/robotica-06/bender_ws/bender_manipulacion/install/share/bender_perception
[6.444s] running install_egg_info
[6.507s] Copying ../../build/bender_perception/bender_perception.egg-info to /home/robotica-06/bender_ws/bender_manipulacion/install/lib/python3.12/site-packages/bender_perception-0.0.0-py3.12.egg-info
[6.509s] running install_scripts
[6.970s] Installing camera_node script to /home/robotica-06/bender_ws/bender_manipulacion/install/lib/bender_perception
[6.972s] Installing grasping_node script to /home/robotica-06/bender_ws/bender_manipulacion/install/lib/bender_perception
[6.972s] Installing head_tracker script to /home/robotica-06/bender_ws/bender_manipulacion/install/lib/bender_perception
[6.972s] Installing mecanum_pid script to /home/robotica-06/bender_ws/bender_manipulacion/install/lib/bender_perception
[6.972s] Installing workspace_left script to /home/robotica-06/bender_ws/bender_manipulacion/install/lib/bender_perception
[6.973s] Installing workspace_right script to /home/robotica-06/bender_ws/bender_manipulacion/install/lib/bender_perception
[6.973s] Installing yolo_node script to /home/robotica-06/bender_ws/bender_manipulacion/install/lib/bender_perception
[6.977s] writing list of installed files to '/home/robotica-06/bender_ws/bender_manipulacion/build/bender_perception/install.log'
[7.077s] Invoked command in '/home/robotica-06/bender_ws/bender_manipulacion/src/bender_perception' returned '0': DEBUGINFOD_URLS=https://debuginfod.ubuntu.com PYTHONPATH=/home/robotica-06/bender_ws/bender_manipulacion/build/bender_perception/prefix_override:/usr/lib/python3/dist-packages/colcon_core/task/python/colcon_distutils_commands:/home/robotica-06/bender_ws/bender_manipulacion/install/lib/python3.12/site-packages:${PYTHONPATH} /usr/bin/python3 -W ignore:setup.py install is deprecated -W ignore:easy_install command is deprecated setup.py egg_info --egg-base ../../build/bender_perception build --build-base /home/robotica-06/bender_ws/bender_manipulacion/build/bender_perception/build install --record /home/robotica-06/bender_ws/bender_manipulacion/build/bender_perception/install.log --single-version-externally-managed install_data
